Archive member included because of file (symbol)

/home/sebjink/msp430/lib/gcc/msp430/4.7.0/mcpu-430x/mmpy-16/msr20/mc20/libgcc.a(_mulsi3.o)
                              build/z1/obj/cfs-coffee.o (__mulsi3)
/home/sebjink/msp430/lib/gcc/msp430/4.7.0/mcpu-430x/mmpy-16/msr20/mc20/libgcc.a(_muldi3.o)
                              build/z1/obj/simple-energest.o (__muldi3)
/home/sebjink/msp430/lib/gcc/msp430/4.7.0/mcpu-430x/mmpy-16/msr20/mc20/libgcc.a(_udivmod16.o)
                              build/z1/obj/cfs-coffee.o (__udivhi3)
/home/sebjink/msp430/lib/gcc/msp430/4.7.0/mcpu-430x/mmpy-16/msr20/mc20/libgcc.a(_divmod16.o)
                              build/z1/obj/link-stats.o (__divhi3)
/home/sebjink/msp430/lib/gcc/msp430/4.7.0/mcpu-430x/mmpy-16/msr20/mc20/libgcc.a(_udivmod32.o)
                              build/z1/obj/ifft.o (__udivsi3)
/home/sebjink/msp430/lib/gcc/msp430/4.7.0/mcpu-430x/mmpy-16/msr20/mc20/libgcc.a(_divmod32.o)
                              build/z1/obj/cfs-coffee.o (__divsi3)
/home/sebjink/msp430/lib/gcc/msp430/4.7.0/mcpu-430x/mmpy-16/msr20/mc20/libgcc.a(_udivmod64.o)
                              build/z1/obj/simple-energest.o (__udivdi3)
/home/sebjink/msp430/lib/gcc/msp430/4.7.0/../../../../msp430/lib/mcpu-430x/mmpy-16/msr20/mc20/libc.a(malloc.o)
                              build/z1/obj/present/present.o (malloc)
/home/sebjink/msp430/lib/gcc/msp430/4.7.0/../../../../msp430/lib/mcpu-430x/mmpy-16/msr20/mc20/libc.a(printf.o)
                              build/z1/obj/assert.o (printf)
/home/sebjink/msp430/lib/gcc/msp430/4.7.0/../../../../msp430/lib/mcpu-430x/mmpy-16/msr20/mc20/libc.a(sprintf.o)
                              build/z1/obj/present/present.o (sprintf)
/home/sebjink/msp430/lib/gcc/msp430/4.7.0/../../../../msp430/lib/mcpu-430x/mmpy-16/msr20/mc20/libc.a(vuprintf.o)
                              /home/sebjink/msp430/lib/gcc/msp430/4.7.0/../../../../msp430/lib/mcpu-430x/mmpy-16/msr20/mc20/libc.a(printf.o) (vuprintf)
/home/sebjink/msp430/lib/gcc/msp430/4.7.0/../../../../msp430/lib/mcpu-430x/mmpy-16/msr20/mc20/libc.a(puts.o)
                              build/z1/obj/assert.o (puts)
/home/sebjink/msp430/lib/gcc/msp430/4.7.0/../../../../msp430/lib/mcpu-430x/mmpy-16/msr20/mc20/libc.a(rand.o)
                              build/z1/obj/random.o (rand)
/home/sebjink/msp430/lib/gcc/msp430/4.7.0/../../../../msp430/lib/mcpu-430x/mmpy-16/msr20/mc20/libc.a(strcmp.o)
                              build/z1/obj/cfs-coffee.o (strcmp)
/home/sebjink/msp430/lib/gcc/msp430/4.7.0/../../../../msp430/lib/mcpu-430x/mmpy-16/msr20/mc20/libc.a(strncmp.o)
                              build/z1/obj/sensors.o (strncmp)
/home/sebjink/msp430/lib/gcc/msp430/4.7.0/../../../../msp430/lib/mcpu-430x/mmpy-16/msr20/mc20/libc.a(memcmp.o)
                              build/z1/obj/ip64-addr.o (memcmp)
/home/sebjink/msp430/lib/gcc/msp430/4.7.0/../../../../msp430/lib/mcpu-430x/mmpy-16/msr20/mc20/libc.a(strncpy.o)
                              build/z1/obj/cfs-coffee.o (strncpy)
/home/sebjink/msp430/lib/gcc/msp430/4.7.0/../../../../msp430/lib/mcpu-430x/mmpy-16/msr20/mc20/libc.a(memcpy.o)
                              build/z1/obj/aes-128.o (memcpy)
/home/sebjink/msp430/lib/gcc/msp430/4.7.0/../../../../msp430/lib/mcpu-430x/mmpy-16/msr20/mc20/libc.a(memmove.o)
                              build/z1/obj/cbor.o (memmove)
/home/sebjink/msp430/lib/gcc/msp430/4.7.0/../../../../msp430/lib/mcpu-430x/mmpy-16/msr20/mc20/libc.a(memset.o)
                              build/z1/obj/cfs-coffee.o (memset)
/home/sebjink/msp430/lib/gcc/msp430/4.7.0/mcpu-430x/mmpy-16/msr20/mc20/libcrt0.a(_reset_vector__.o)
                              /home/sebjink/msp430/lib/gcc/msp430/4.7.0/mcpu-430x/mmpy-16/msr20/mc20/crt0ivtbl32.o (_reset_vector__)
/home/sebjink/msp430/lib/gcc/msp430/4.7.0/mcpu-430x/mmpy-16/msr20/mc20/libcrt0.a(__watchdog_support.o)
                              /home/sebjink/msp430/lib/gcc/msp430/4.7.0/mcpu-430x/mmpy-16/msr20/mc20/libcrt0.a(_reset_vector__.o) (__watchdog_support)
/home/sebjink/msp430/lib/gcc/msp430/4.7.0/mcpu-430x/mmpy-16/msr20/mc20/libcrt0.a(__init_stack.o)
                              /home/sebjink/msp430/lib/gcc/msp430/4.7.0/mcpu-430x/mmpy-16/msr20/mc20/libcrt0.a(_reset_vector__.o) (__init_stack)
/home/sebjink/msp430/lib/gcc/msp430/4.7.0/mcpu-430x/mmpy-16/msr20/mc20/libcrt0.a(__low_level_init.o)
                              /home/sebjink/msp430/lib/gcc/msp430/4.7.0/mcpu-430x/mmpy-16/msr20/mc20/libcrt0.a(_reset_vector__.o) (__low_level_init)
/home/sebjink/msp430/lib/gcc/msp430/4.7.0/mcpu-430x/mmpy-16/msr20/mc20/libcrt0.a(_copy_data.o)
                              /home/sebjink/msp430/lib/gcc/msp430/4.7.0/mcpu-430x/mmpy-16/msr20/mc20/libcrt0.a(_reset_vector__.o) (__do_copy_data)
/home/sebjink/msp430/lib/gcc/msp430/4.7.0/mcpu-430x/mmpy-16/msr20/mc20/libcrt0.a(_clear_bss.o)
[...]
Memory Configuration

Name             Origin             Length             Attributes
sfr              0x0000000000000000 0x0000000000000010
peripheral_8bit  0x0000000000000010 0x00000000000000f0
peripheral_16bit 0x0000000000000100 0x0000000000000100
ram_mirror       0x0000000000000200 0x0000000000000800 xw
infomem          0x0000000000001000 0x0000000000000100
infod            0x0000000000001000 0x0000000000000040
infoc            0x0000000000001040 0x0000000000000040
infob            0x0000000000001080 0x0000000000000040
infoa            0x00000000000010c0 0x0000000000000040
ram              0x0000000000001100 0x0000000000002000 xw
rom              0x0000000000003100 0x000000000000cebe xr
vectors          0x000000000000ffc0 0x0000000000000040
far_rom          0x0000000000010000 0x000000000000a000
bsl              0x0000000000000000 0x0000000000000000
ram2             0x0000000000000000 0x0000000000000000 xw
signature        0x0000000000000000 0x0000000000000000
usbram           0x0000000000000000 0x0000000000000000 xw
*default*        0x0000000000000000 0xffffffffffffffff

Linker script and memory map

LOAD /home/sebjink/msp430/lib/gcc/msp430/4.7.0/mcpu-430x/mmpy-16/msr20/mc20/crt0ivtbl32.o
                0x0000000000000041                __P1SEL2 = 0x41
                0x0000000000000045                __P5SEL2 = 0x45
                0x0000000000002a26                _stack = _end
LOAD build/z1/obj/adxl345.o
LOAD build/z1/obj/aes-128.o
LOAD build/z1/obj/anti-replay.o
LOAD build/z1/obj/ascon/ascon.o
LOAD build/z1/obj/assert.o
LOAD build/z1/obj/atomic.o
LOAD build/z1/obj/autostart.o
LOAD build/z1/obj/battery-sensor.o
LOAD build/z1/obj/button-hal.o
LOAD build/z1/obj/button-sensor.o
LOAD build/z1/obj/cbor.o
LOAD build/z1/obj/cc2420-arch-sfd.o
LOAD build/z1/obj/cc2420-arch.o
LOAD build/z1/obj/cc2420-tsch-15ms.o
LOAD build/z1/obj/cc2420.o
LOAD build/z1/obj/ccm-star-packetbuf.o
LOAD build/z1/obj/ccm-star.o
LOAD build/z1/obj/cfs-coffee.o
LOAD build/z1/obj/circular-list.o
LOAD build/z1/obj/clock.o
LOAD build/z1/obj/compower.o
LOAD build/z1/obj/contiki-main.o
LOAD build/z1/obj/crc16.o
LOAD build/z1/obj/csma-output.o
LOAD build/z1/obj/csma-security.o
LOAD build/z1/obj/csma.o
LOAD build/z1/obj/csprng.o
LOAD build/z1/obj/ctimer.o
LOAD build/z1/obj/dbl-circ-list.o
LOAD build/z1/obj/dbl-list.o
LOAD build/z1/obj/energest.o
LOAD build/z1/obj/etimer.o
LOAD build/z1/obj/flash.o
LOAD build/z1/obj/frame802154.o
LOAD build/z1/obj/frame802154e-ie.o
LOAD build/z1/obj/framer-802154.o
LOAD build/z1/obj/gpio-hal.o
LOAD build/z1/obj/heapmem.o
LOAD build/z1/obj/hexconv.o
LOAD build/z1/obj/i2cmaster.o
LOAD build/z1/obj/ifft.o
LOAD build/z1/obj/int-master.o
LOAD build/z1/obj/ip64-addr.o
LOAD build/z1/obj/iq-seeder.o
LOAD build/z1/obj/leds-arch.o
LOAD build/z1/obj/leds.o
LOAD build/z1/obj/light-sensor.o
LOAD build/z1/obj/link-stats.o
LOAD build/z1/obj/linkaddr.o
LOAD build/z1/obj/list.o
LOAD build/z1/obj/log.o
LOAD build/z1/obj/lpm.o
LOAD build/z1/obj/mac-sequence.o
LOAD build/z1/obj/memb.o
LOAD build/z1/obj/msp430.o
LOAD build/z1/obj/mutex.o
LOAD build/z1/obj/my_crypto_test.o
LOAD build/z1/obj/nbr-table.o
LOAD build/z1/obj/net-debug.o
LOAD build/z1/obj/netstack.o
LOAD build/z1/obj/node-id-z1.o
LOAD build/z1/obj/node-id.o
LOAD build/z1/obj/nullframer.o
LOAD build/z1/obj/nullradio.o
LOAD build/z1/obj/packetbuf.o
LOAD build/z1/obj/platform.o
LOAD build/z1/obj/present/present.o
LOAD build/z1/obj/process.o
LOAD build/z1/obj/psock.o
LOAD build/z1/obj/queuebuf.o
LOAD build/z1/obj/random.o
LOAD build/z1/obj/ringbuf.o
LOAD build/z1/obj/ringbufindex.o
LOAD build/z1/obj/rpl-dag-root.o
LOAD build/z1/obj/rpl-dag.o
LOAD build/z1/obj/rpl-ext-header.o
LOAD build/z1/obj/rpl-icmp6.o
LOAD build/z1/obj/rpl-mrhof.o
LOAD build/z1/obj/rpl-nbr-policy.o
LOAD build/z1/obj/rpl-neighbor.o
LOAD build/z1/obj/rpl-of0.o
LOAD build/z1/obj/rpl-timers.o
LOAD build/z1/obj/rpl.o
LOAD build/z1/obj/rtimer-arch.o
LOAD build/z1/obj/rtimer.o
LOAD build/z1/obj/sensors.o
LOAD build/z1/obj/serial-line.o
LOAD build/z1/obj/sha-256.o
LOAD build/z1/obj/sicslowpan.o
LOAD build/z1/obj/simple-energest.o
LOAD build/z1/obj/simple-udp.o
LOAD build/z1/obj/sky-sensors.o
LOAD build/z1/obj/slip.o
LOAD build/z1/obj/slip_uart0.o
LOAD build/z1/obj/speck/speck.o
LOAD build/z1/obj/spi-legacy.o
LOAD build/z1/obj/spi.o
LOAD build/z1/obj/stack-check.o
LOAD build/z1/obj/stimer.o
LOAD build/z1/obj/tcp-socket.o
LOAD build/z1/obj/tcpip.o
LOAD build/z1/obj/temperature-sensor.o
LOAD build/z1/obj/timer.o
LOAD build/z1/obj/tinyaes/aes.o
LOAD build/z1/obj/tmp102.o
LOAD build/z1/obj/trickle-timer.o
LOAD build/z1/obj/uart-putchar.o
LOAD build/z1/obj/uart0.o
LOAD build/z1/obj/udp-socket.o
LOAD build/z1/obj/uip-ds6-nbr.o
LOAD build/z1/obj/uip-ds6-route.o
LOAD build/z1/obj/uip-ds6.o
LOAD build/z1/obj/uip-icmp6.o
LOAD build/z1/obj/uip-ipchksum.o
LOAD build/z1/obj/uip-nameserver.o
LOAD build/z1/obj/uip-nd6.o
LOAD build/z1/obj/uip-packetqueue.o
LOAD build/z1/obj/uip-sr.o
LOAD build/z1/obj/uip-udp-packet.o
LOAD build/z1/obj/uip6.o
LOAD build/z1/obj/uipbuf.o
LOAD build/z1/obj/uiplib.o
LOAD build/z1/obj/watchdog.o
LOAD build/z1/obj/xmem.o
LOAD build/z1/obj/z1-phidgets.o
LOAD build/z1/obj/z1-sensors.o
LOAD /home/sebjink/msp430/lib/gcc/msp430/4.7.0/mcpu-430x/mmpy-16/msr20/mc20/libgcc.a
LOAD /home/sebjink/msp430/lib/gcc/msp430/4.7.0/../../../../msp430/lib/mcpu-430x/mmpy-16/msr20/mc20/libc.a
LOAD /home/sebjink/msp430/lib/gcc/msp430/4.7.0/mcpu-430x/mmpy-16/msr20/mc20/libgcc.a
LOAD /home/sebjink/msp430/lib/gcc/msp430/4.7.0/mcpu-430x/mmpy-16/msr20/mc20/libcrt0.a
                0x0000000000000040                PROVIDE (__info_segment_size, 0x40)
                0x0000000000001000                PROVIDE (__infod, 0x1000)
                0x0000000000001040                PROVIDE (__infoc, 0x1040)
                0x0000000000001080                PROVIDE (__infob, 0x1080)
                0x00000000000010c0                PROVIDE (__infoa, 0x10c0)
                0x0000000000000000                __IE1 = 0x0
                0x0000000000000002                __IFG1 = 0x2
                0x0000000000000001                __IE2 = 0x1
                0x0000000000000003                __IFG2 = 0x3
                0x0000000000000006                __UC1IE = 0x6
                0x0000000000000007                __UC1IFG = 0x7
                0x00000000000001a0                __ADC12CTL0 = 0x1a0
                0x00000000000001a2                __ADC12CTL1 = 0x1a2
                0x00000000000001a4                __ADC12IFG = 0x1a4
                0x00000000000001a6                __ADC12IE = 0x1a6
                0x00000000000001a8                __ADC12IV = 0x1a8
                0x0000000000000140                __ADC12MEM0 = 0x140
                0x0000000000000142                __ADC12MEM1 = 0x142
                0x0000000000000144                __ADC12MEM2 = 0x144
                0x0000000000000146                __ADC12MEM3 = 0x146
                0x0000000000000148                __ADC12MEM4 = 0x148
                0x000000000000014a                __ADC12MEM5 = 0x14a
                0x000000000000014c                __ADC12MEM6 = 0x14c
                0x000000000000014e                __ADC12MEM7 = 0x14e
                0x0000000000000150                __ADC12MEM8 = 0x150
                0x0000000000000152                __ADC12MEM9 = 0x152
                0x0000000000000154                __ADC12MEM10 = 0x154
                0x0000000000000156                __ADC12MEM11 = 0x156
                0x0000000000000158                __ADC12MEM12 = 0x158
                0x000000000000015a                __ADC12MEM13 = 0x15a
                0x000000000000015c                __ADC12MEM14 = 0x15c
                0x000000000000015e                __ADC12MEM15 = 0x15e
                0x0000000000000080                __ADC12MCTL0 = 0x80
                0x0000000000000081                __ADC12MCTL1 = 0x81
                0x0000000000000082                __ADC12MCTL2 = 0x82
                0x0000000000000083                __ADC12MCTL3 = 0x83
                0x0000000000000084                __ADC12MCTL4 = 0x84
                0x0000000000000085                __ADC12MCTL5 = 0x85
                0x0000000000000086                __ADC12MCTL6 = 0x86
                0x0000000000000087                __ADC12MCTL7 = 0x87
                0x0000000000000088                __ADC12MCTL8 = 0x88
                0x0000000000000089                __ADC12MCTL9 = 0x89
                0x000000000000008a                __ADC12MCTL10 = 0x8a
                0x000000000000008b                __ADC12MCTL11 = 0x8b
                0x000000000000008c                __ADC12MCTL12 = 0x8c
                0x000000000000008d                __ADC12MCTL13 = 0x8d
                0x000000000000008e                __ADC12MCTL14 = 0x8e
                0x000000000000008f                __ADC12MCTL15 = 0x8f
                0x0000000000000056                __DCOCTL = 0x56
                0x0000000000000057                __BCSCTL1 = 0x57
                0x0000000000000058                __BCSCTL2 = 0x58
                0x0000000000000053                __BCSCTL3 = 0x53
                0x0000000000000059                __CACTL1 = 0x59
                0x000000000000005a                __CACTL2 = 0x5a
                0x000000000000005b                __CAPD = 0x5b
                0x00000000000001c0                __DAC12_0CTL = 0x1c0
                0x00000000000001c2                __DAC12_1CTL = 0x1c2
                0x00000000000001c8                __DAC12_0DAT = 0x1c8
                0x00000000000001ca                __DAC12_1DAT = 0x1ca
                0x0000000000000122                __DMACTL0 = 0x122
                0x0000000000000124                __DMACTL1 = 0x124
                0x0000000000000126                __DMAIV = 0x126
                0x00000000000001d0                __DMA0CTL = 0x1d0
                0x00000000000001dc                __DMA1CTL = 0x1dc
                0x00000000000001e8                __DMA2CTL = 0x1e8
                0x00000000000001d2                __DMA0SA = 0x1d2
                0x00000000000001d2                __DMA0SAL = 0x1d2
                0x00000000000001d6                __DMA0DA = 0x1d6
                0x00000000000001d6                __DMA0DAL = 0x1d6
                0x00000000000001da                __DMA0SZ = 0x1da
                0x00000000000001de                __DMA1SA = 0x1de
                0x00000000000001de                __DMA1SAL = 0x1de
                0x00000000000001e2                __DMA1DA = 0x1e2
                0x00000000000001e2                __DMA1DAL = 0x1e2
                0x00000000000001e6                __DMA1SZ = 0x1e6
                0x00000000000001ea                __DMA2SA = 0x1ea
                0x00000000000001ea                __DMA2SAL = 0x1ea
                0x00000000000001ee                __DMA2DA = 0x1ee
                0x00000000000001ee                __DMA2DAL = 0x1ee
                0x00000000000001f2                __DMA2SZ = 0x1f2
                0x0000000000000128                __FCTL1 = 0x128
                0x000000000000012a                __FCTL2 = 0x12a
                0x000000000000012c                __FCTL3 = 0x12c
                0x00000000000001be                __FCTL4 = 0x1be
                0x0000000000000130                __MPY = 0x130
                0x0000000000000132                __MPYS = 0x132
                0x0000000000000134                __MAC = 0x134
                0x0000000000000136                __MACS = 0x136
                0x0000000000000138                __OP2 = 0x138
                0x000000000000013a                __RESLO = 0x13a
                0x000000000000013c                __RESHI = 0x13c
                0x000000000000013e                __SUMEXT = 0x13e
                0x0000000000000020                __P1IN = 0x20
                0x0000000000000021                __P1OUT = 0x21
                0x0000000000000022                __P1DIR = 0x22
                0x0000000000000023                __P1IFG = 0x23
                0x0000000000000024                __P1IES = 0x24
                0x0000000000000025                __P1IE = 0x25
                0x0000000000000026                __P1SEL = 0x26
                0x0000000000000027                __P1REN = 0x27
                0x0000000000000028                __P2IN = 0x28
                0x0000000000000029                __P2OUT = 0x29
                0x000000000000002a                __P2DIR = 0x2a
                0x000000000000002b                __P2IFG = 0x2b
                0x000000000000002c                __P2IES = 0x2c
                0x000000000000002d                __P2IE = 0x2d
                0x000000000000002e                __P2SEL = 0x2e
                0x000000000000002f                __P2REN = 0x2f
                0x0000000000000018                __P3IN = 0x18
                0x0000000000000019                __P3OUT = 0x19
                0x000000000000001a                __P3DIR = 0x1a
                0x000000000000001b                __P3SEL = 0x1b
                0x0000000000000010                __P3REN = 0x10
                0x000000000000001c                __P4IN = 0x1c
                0x000000000000001d                __P4OUT = 0x1d
                0x000000000000001e                __P4DIR = 0x1e
                0x000000000000001f                __P4SEL = 0x1f
                0x0000000000000011                __P4REN = 0x11
                0x0000000000000030                __P5IN = 0x30
                0x0000000000000031                __P5OUT = 0x31
                0x0000000000000032                __P5DIR = 0x32
                0x0000000000000033                __P5SEL = 0x33
                0x0000000000000012                __P5REN = 0x12
                0x0000000000000034                __P6IN = 0x34
                0x0000000000000035                __P6OUT = 0x35
                0x0000000000000036                __P6DIR = 0x36
                0x0000000000000037                __P6SEL = 0x37
                0x0000000000000013                __P6REN = 0x13
                0x0000000000000038                __P7IN = 0x38
                0x000000000000003a                __P7OUT = 0x3a
                0x000000000000003c                __P7DIR = 0x3c
                0x000000000000003e                __P7SEL = 0x3e
                0x0000000000000014                __P7REN = 0x14
                0x0000000000000039                __P8IN = 0x39
                0x000000000000003b                __P8OUT = 0x3b
                0x000000000000003d                __P8DIR = 0x3d
                0x000000000000003f                __P8SEL = 0x3f
                0x0000000000000015                __P8REN = 0x15
                0x0000000000000038                __PAIN = 0x38
                0x000000000000003a                __PAOUT = 0x3a
                0x000000000000003c                __PADIR = 0x3c
                0x000000000000003e                __PASEL = 0x3e
                0x0000000000000014                __PAREN = 0x14
                0x0000000000000055                __SVSCTL = 0x55
                0x000000000000012e                __TAIV = 0x12e
                0x0000000000000160                __TACTL = 0x160
                0x0000000000000162                __TACCTL0 = 0x162
                0x0000000000000164                __TACCTL1 = 0x164
                0x0000000000000166                __TACCTL2 = 0x166
                0x0000000000000170                __TAR = 0x170
                0x0000000000000172                __TACCR0 = 0x172
                0x0000000000000174                __TACCR1 = 0x174
                0x0000000000000176                __TACCR2 = 0x176
                0x000000000000011e                __TBIV = 0x11e
                0x0000000000000180                __TBCTL = 0x180
                0x0000000000000182                __TBCCTL0 = 0x182
                0x0000000000000184                __TBCCTL1 = 0x184
                0x0000000000000186                __TBCCTL2 = 0x186
                0x0000000000000188                __TBCCTL3 = 0x188
                0x000000000000018a                __TBCCTL4 = 0x18a
                0x000000000000018c                __TBCCTL5 = 0x18c
                0x000000000000018e                __TBCCTL6 = 0x18e
                0x0000000000000190                __TBR = 0x190
                0x0000000000000192                __TBCCR0 = 0x192
                0x0000000000000194                __TBCCR1 = 0x194
                0x0000000000000196                __TBCCR2 = 0x196
                0x0000000000000198                __TBCCR3 = 0x198
                0x000000000000019a                __TBCCR4 = 0x19a
                0x000000000000019c                __TBCCR5 = 0x19c
                0x000000000000019e                __TBCCR6 = 0x19e
                0x0000000000000060                __UCA0CTL0 = 0x60
                0x0000000000000061                __UCA0CTL1 = 0x61
                0x0000000000000062                __UCA0BR0 = 0x62
                0x0000000000000063                __UCA0BR1 = 0x63
                0x0000000000000064                __UCA0MCTL = 0x64
                0x0000000000000065                __UCA0STAT = 0x65
                0x0000000000000066                __UCA0RXBUF = 0x66
                0x0000000000000067                __UCA0TXBUF = 0x67
                0x000000000000005d                __UCA0ABCTL = 0x5d
                0x000000000000005e                __UCA0IRTCTL = 0x5e
                0x000000000000005f                __UCA0IRRCTL = 0x5f
                0x0000000000000068                __UCB0CTL0 = 0x68
                0x0000000000000069                __UCB0CTL1 = 0x69
                0x000000000000006a                __UCB0BR0 = 0x6a
                0x000000000000006b                __UCB0BR1 = 0x6b
                0x000000000000006c                __UCB0I2CIE = 0x6c
                0x000000000000006d                __UCB0STAT = 0x6d
                0x000000000000006e                __UCB0RXBUF = 0x6e
                0x000000000000006f                __UCB0TXBUF = 0x6f
                0x0000000000000118                __UCB0I2COA = 0x118
                0x000000000000011a                __UCB0I2CSA = 0x11a
                0x00000000000000d0                __UCA1CTL0 = 0xd0
                0x00000000000000d1                __UCA1CTL1 = 0xd1
                0x00000000000000d2                __UCA1BR0 = 0xd2
                0x00000000000000d3                __UCA1BR1 = 0xd3
                0x00000000000000d4                __UCA1MCTL = 0xd4
                0x00000000000000d5                __UCA1STAT = 0xd5
                0x00000000000000d6                __UCA1RXBUF = 0xd6
                0x00000000000000d7                __UCA1TXBUF = 0xd7
                0x00000000000000cd                __UCA1ABCTL = 0xcd
                0x00000000000000ce                __UCA1IRTCTL = 0xce
                0x00000000000000cf                __UCA1IRRCTL = 0xcf
                0x00000000000000d8                __UCB1CTL0 = 0xd8
                0x00000000000000d9                __UCB1CTL1 = 0xd9
                0x00000000000000da                __UCB1BR0 = 0xda
                0x00000000000000db                __UCB1BR1 = 0xdb
                0x00000000000000dc                __UCB1I2CIE = 0xdc
                0x00000000000000dd                __UCB1STAT = 0xdd
                0x00000000000000de                __UCB1RXBUF = 0xde
                0x00000000000000df                __UCB1TXBUF = 0xdf
                0x000000000000017c                __UCB1I2COA = 0x17c
                0x000000000000017e                __UCB1I2CSA = 0x17e
                0x0000000000000120                __WDTCTL = 0x120
                0x00000000000010c0                __TLV_CHECKSUM = 0x10c0
                0x00000000000010f6                __TLV_DCO_30_TAG = 0x10f6
                0x00000000000010f7                __TLV_DCO_30_LEN = 0x10f7
                0x00000000000010da                __TLV_ADC12_1_TAG = 0x10da
                0x00000000000010db                __TLV_ADC12_1_LEN = 0x10db
                0x00000000000010f8                __CALDCO_16MHZ = 0x10f8
                0x00000000000010f9                __CALBC1_16MHZ = 0x10f9
                0x00000000000010fa                __CALDCO_12MHZ = 0x10fa
                0x00000000000010fb                __CALBC1_12MHZ = 0x10fb
                0x00000000000010fc                __CALDCO_8MHZ = 0x10fc
                0x00000000000010fd                __CALBC1_8MHZ = 0x10fd
                0x00000000000010fe                __CALDCO_1MHZ = 0x10fe
                0x00000000000010ff                __CALBC1_1MHZ = 0x10ff

.hash
 *(SORT(.hash))

.dynsym
 *(SORT(.dynsym))

.dynstr
 *(SORT(.dynstr))

.gnu.version
 *(SORT(.gnu.version))

.gnu.version_d
 *(SORT(.gnu.version_d))

.gnu.version_r
 *(SORT(.gnu.version_r))

.rel.init
 *(SORT(.rel.init))

.rela.init
 *(SORT(.rela.init))

.rel.fini
 *(SORT(.rel.fini))

.rela.fini
 *(SORT(.rela.fini))

.rel.text
 *(SORT(.rel.text) SORT(.rel.text.*) SORT(.rel.gnu.linkonce.t.*))

.rela.text
 *(SORT(.rela.text) SORT(.rela.text.*) SORT(.rela.gnu.linkonce.t.*))

.rel.rodata
 *(SORT(.rel.rodata) SORT(.rel.rodata.*) SORT(.rel.gnu.linkonce.r.*))

.rela.rodata
 *(SORT(.rela.rodata) SORT(.rela.rodata.*) SORT(.rela.gnu.linkonce.r.*))

.rel.data
 *(SORT(.rel.data) SORT(.rel.data.*) SORT(.rel.gnu.linkonce.d.*))

.rela.data
 *(SORT(.rela.data) SORT(.rela.data.*) SORT(.rela.gnu.linkonce.d.*))

.rel.bss
 *(SORT(.rel.bss) SORT(.rel.bss.*) SORT(.rel.gnu.linkonce.b.*))

.rela.bss
 *(SORT(.rela.bss) SORT(.rela.bss.*) SORT(.rela.gnu.linkonce.b.*))

.rel.ctors
 *(SORT(.rel.ctors))

.rela.ctors
 *(SORT(.rela.ctors))

.rel.dtors
 *(SORT(.rel.dtors))

.rela.dtors
 *(SORT(.rela.dtors))

.rel.got
 *(SORT(.rel.got))

.rela.got
 *(SORT(.rela.got))

.rel.plt
 *(SORT(.rel.plt))

.rela.plt
 *(SORT(.rela.plt))

.text           0x0000000000003100     0xbd22
                0x0000000000003100                . = ALIGN (0x2)
 *(SORT(.init) SORT(.init.*))
 *(SORT(.init0))
 .init0         0x0000000000003100        0x0 /home/sebjink/msp430/lib/gcc/msp430/4.7.0/mcpu-430x/mmpy-16/msr20/mc20/libcrt0.a(_reset_vector__.o)
                0x0000000000003100                _reset_vector__
 *(SORT(.init1))
 .init1         0x0000000000003100        0xc /home/sebjink/msp430/lib/gcc/msp430/4.7.0/mcpu-430x/mmpy-16/msr20/mc20/libcrt0.a(__watchdog_support.o)
                0x0000000000003100                __watchdog_support
 *(SORT(.init2))
 .init2         0x000000000000310c        0x4 /home/sebjink/msp430/lib/gcc/msp430/4.7.0/mcpu-430x/mmpy-16/msr20/mc20/libcrt0.a(__init_stack.o)
                0x000000000000310c                __init_stack
 *(SORT(.init3))
 .init3         0x0000000000003110        0x0 /home/sebjink/msp430/lib/gcc/msp430/4.7.0/mcpu-430x/mmpy-16/msr20/mc20/libcrt0.a(__low_level_init.o)
                0x0000000000003110                __low_level_init
 *(SORT(.init4))
 .init4         0x0000000000003110       0x18 /home/sebjink/msp430/lib/gcc/msp430/4.7.0/mcpu-430x/mmpy-16/msr20/mc20/libcrt0.a(_copy_data.o)
                0x0000000000003110                __do_copy_data
 .init4         0x0000000000003128       0x16 /home/sebjink/msp430/lib/gcc/msp430/4.7.0/mcpu-430x/mmpy-16/msr20/mc20/libcrt0.a(_clear_bss.o)
                0x0000000000003128                __do_clear_bss
 *(SORT(.init5))
 *(SORT(.init6))
 *(SORT(.init7))
 *(SORT(.init8))
 *(SORT(.init9))
 .init9         0x000000000000313e      0x240 build/z1/obj/contiki-main.o
                0x000000000000313e                main
 *(SORT(.fini9))
 .fini9         0x000000000000337e        0x0 /home/sebjink/msp430/lib/gcc/msp430/4.7.0/mcpu-430x/mmpy-16/msr20/mc20/libcrt0.a(__stop_progExec__.o)
                0x000000000000337e                __stop_progExec__
 *(SORT(.fini8))
 *(SORT(.fini7))
 *(SORT(.fini6))
 *(SORT(.fini5))
 *(SORT(.fini4))
 *(SORT(.fini3))
 *(SORT(.fini2))
 *(SORT(.fini1))
 *(SORT(.fini0))
 .fini0         0x000000000000337e        0x6 /home/sebjink/msp430/lib/gcc/msp430/4.7.0/mcpu-430x/mmpy-16/msr20/mc20/libcrt0.a(_endless_loop__.o)
                0x000000000000337e                _endless_loop__
 *(SORT(.fini) SORT(.fini.*))
                0x0000000000003384                . = ALIGN (0x2)
                0x0000000000003384                __ctors_start = .
 *(SORT(.ctors))
                0x0000000000003384                __ctors_end = .
                0x0000000000003384                __dtors_start = .
 *(SORT(.dtors))
                0x0000000000003384                __dtors_end = .
                0x0000000000003384                . = ALIGN (0x2)
 *(SORT(.text) SORT(.text.*) SORT(.gnu.linkonce.t.*))
 .text          0x0000000000003384        0x4 /home/sebjink/msp430/lib/gcc/msp430/4.7.0/mcpu-430x/mmpy-16/msr20/mc20/crt0ivtbl32.o
                0x0000000000003384                __isr_14
                0x0000000000003384                __isr_4
                0x0000000000003384                __isr_29
                0x0000000000003384                __isr_11
                0x0000000000003384                __isr_5
                0x0000000000003384                __isr_2
                0x0000000000003384                __isr_10
                0x0000000000003384                __isr_7
                0x0000000000003384                __isr_0
                0x0000000000003384                __isr_8
                0x0000000000003384                __isr_20
                0x0000000000003384                __isr_3
                0x0000000000003384                __isr_12
                0x0000000000003384                __isr_13
                0x0000000000003384                __isr_27
                0x0000000000003384                __isr_9
                0x0000000000003384                __isr_30
                0x0000000000003384                __isr_6
                0x0000000000003384                __isr_22
                0x0000000000003384                __isr_1
                0x0000000000003384                __isr_15
                0x0000000000003384                __isr_21
 .text.crt0     0x0000000000003388        0x2 /home/sebjink/msp430/lib/gcc/msp430/4.7.0/mcpu-430x/mmpy-16/msr20/mc20/libcrt0.a(_unexpected_.o)
                0x0000000000003388                _unexpected_
 .text.libgcc   0x000000000000338a       0x26 /home/sebjink/msp430/lib/gcc/msp430/4.7.0/mcpu-430x/mmpy-16/msr20/mc20/libgcc.a(_mulsi3.o)
                0x000000000000338a                __mulsi3
 .text.libgcc   0x00000000000033b0       0x58 /home/sebjink/msp430/lib/gcc/msp430/4.7.0/mcpu-430x/mmpy-16/msr20/mc20/libgcc.a(_muldi3.o)
                0x00000000000033b0                __muldi3
                0x00000000000033ca                __xabi_muldi3
 .text.libgcc   0x0000000000003408       0x22 /home/sebjink/msp430/lib/gcc/msp430/4.7.0/mcpu-430x/mmpy-16/msr20/mc20/libgcc.a(_udivmod16.o)
                0x0000000000003408                __udivhi3
                0x0000000000003408                __ext_udivmod16
                0x0000000000003422                __umodhi3
 .text.libgcc   0x000000000000342a       0x3a /home/sebjink/msp430/lib/gcc/msp430/4.7.0/mcpu-430x/mmpy-16/msr20/mc20/libgcc.a(_divmod16.o)
                0x000000000000342a                __ext_divmod16
                0x000000000000342a                __divhi3
                0x000000000000345c                __modhi3
 .text.libgcc   0x0000000000003464       0x38 /home/sebjink/msp430/lib/gcc/msp430/4.7.0/mcpu-430x/mmpy-16/msr20/mc20/libgcc.a(_udivmod32.o)
                0x0000000000003464                __udivsi3
                0x0000000000003464                __ext_udivmod32
                0x0000000000003492                __umodsi3
 .text.libgcc   0x000000000000349c       0x4c /home/sebjink/msp430/lib/gcc/msp430/4.7.0/mcpu-430x/mmpy-16/msr20/mc20/libgcc.a(_divmod32.o)
                0x000000000000349c                __ext_divmod32
                0x000000000000349c                __divsi3
                0x00000000000034de                __modsi3
 .text.libgcc   0x00000000000034e8       0xbc /home/sebjink/msp430/lib/gcc/msp430/4.7.0/mcpu-430x/mmpy-16/msr20/mc20/libgcc.a(_udivmod64.o)
                0x00000000000034e8                __xabi_udivmod64
                0x000000000000353a                __udivdi3
                0x0000000000003554                __umoddi3
                0x0000000000003576                __udivmoddi4
 *(SORT(.near.text) SORT(.near.text.*))
 .near.text.port1_isr
                0x00000000000035a4       0x84 build/z1/obj/adxl345.o
                0x00000000000035a4                port1_isr
                0x00000000000035a4                __isr_18
 .near.text.irq_p2
                0x0000000000003628       0x3c build/z1/obj/button-sensor.o
                0x0000000000003628                irq_p2
                0x0000000000003628                __isr_19
 .near.text.cc2420_timerb1_interrupt
                0x0000000000003664       0x26 build/z1/obj/cc2420-arch-sfd.o
                0x0000000000003664                cc2420_timerb1_interrupt
                0x0000000000003664                __isr_28
 .near.text.timera1
                0x000000000000368a       0xd0 build/z1/obj/clock.o
                0x000000000000368a                __isr_24
                0x000000000000368a                timera1
 .near.text.i2c_tx_interrupt
                0x000000000000375a       0x84 build/z1/obj/i2cmaster.o
                0x000000000000375a                __isr_16
                0x000000000000375a                i2c_tx_interrupt
 .near.text.i2c_rx_interrupt
                0x00000000000037de       0x14 build/z1/obj/i2cmaster.o
                0x00000000000037de                i2c_rx_interrupt
                0x00000000000037de                __isr_17
 .near.text.timera0
                0x00000000000037f2       0x20 build/z1/obj/rtimer-arch.o
                0x00000000000037f2                __isr_25
                0x00000000000037f2                timera0
 .near.text.uart0_rx_interrupt
                0x0000000000003812       0x2a build/z1/obj/uart0.o
                0x0000000000003812                __isr_23
                0x0000000000003812                uart0_rx_interrupt
 .near.text.watchdog_interrupt
                0x000000000000383c        0x6 build/z1/obj/watchdog.o
                0x000000000000383c                __isr_26
                0x000000000000383c                watchdog_interrupt
 .any.text.status
                0x0000000000003842       0x12 build/z1/obj/adxl345.o
 .any.text.accm_write_reg
                0x0000000000003854       0x2e build/z1/obj/adxl345.o
 .any.text.accm_write_stream
                0x0000000000003882       0x2a build/z1/obj/adxl345.o
 .any.text.accm_read_reg
                0x00000000000038ac       0x54 build/z1/obj/adxl345.o
 .any.text.process_thread_accmeter_process
                0x0000000000003900       0x56 build/z1/obj/adxl345.o
 .any.text.accm_read_axis.part.0
                0x0000000000003956       0x5a build/z1/obj/adxl345.o
 .any.text.value
                0x00000000000039b0       0x1e build/z1/obj/adxl345.o
 .any.text.accm_init
                0x00000000000039ce       0x78 build/z1/obj/adxl345.o
                0x00000000000039ce                accm_init
 .any.text.accm_stop
                0x0000000000003a46       0x32 build/z1/obj/adxl345.o
                0x0000000000003a46                accm_stop
 .any.text.configure
                0x0000000000003a78       0x26 build/z1/obj/adxl345.o
 .any.text.p_perm
                0x0000000000003a9e      0x8ce build/z1/obj/ascon/ascon.o
 .any.text.ascon_initialization
                0x000000000000436c       0x40 build/z1/obj/ascon/ascon.o
                0x000000000000436c                ascon_initialization
 .any.text.ascon_encrypt
                0x00000000000043ac       0xaa build/z1/obj/ascon/ascon.o
                0x00000000000043ac                ascon_encrypt
 .any.text.ascon_finalization
                0x0000000000004456       0x6e build/z1/obj/ascon/ascon.o
                0x0000000000004456                ascon_finalization
 .any.text.autostart_start
                0x00000000000044c4       0x16 build/z1/obj/autostart.o
                0x00000000000044c4                autostart_start
 .any.text.status
                0x00000000000044da       0x18 build/z1/obj/button-sensor.o
 .any.text.value
                0x00000000000044f2       0x1a build/z1/obj/button-sensor.o
 .any.text.configure
                0x000000000000450c       0x4e build/z1/obj/button-sensor.o
 .any.text.cc2420_arch_init
                0x000000000000455a       0x1a build/z1/obj/cc2420-arch.o
                0x000000000000455a                cc2420_arch_init
 .any.text.get_object
                0x0000000000004574        0x4 build/z1/obj/cc2420.o
 .any.text.set_object
                0x0000000000004578        0x4 build/z1/obj/cc2420.o
 .any.text.strobe
                0x000000000000457c       0x1a build/z1/obj/cc2420.o
 .any.text.getreg
                0x0000000000004596       0x46 build/z1/obj/cc2420.o
 .any.text.setreg
                0x00000000000045dc       0x44 build/z1/obj/cc2420.o
 .any.text.write_ram
                0x0000000000004620       0x72 build/z1/obj/cc2420.o
 .any.text.write_fifo_buf
                0x0000000000004692       0x38 build/z1/obj/cc2420.o
 .any.text.get_status
                0x00000000000046ca       0x1e build/z1/obj/cc2420.o
 .any.text.cc2420_receiving_packet
                0x00000000000046e8        0xa build/z1/obj/cc2420.o
 .any.text.pending_packet
                0x00000000000046f2        0xa build/z1/obj/cc2420.o
 .any.text.wait_for_transmission
                0x00000000000046fc       0x22 build/z1/obj/cc2420.o
 .any.text.wait_for_status
                0x000000000000471e       0x24 build/z1/obj/cc2420.o
 .any.text.getrxdata
                0x0000000000004742       0x4c build/z1/obj/cc2420.o
 .any.text.flushrx
                0x000000000000478e       0x1a build/z1/obj/cc2420.o
 .any.text.energest_on
                0x00000000000047a8       0x22 build/z1/obj/cc2420.o
 .any.text.on   0x00000000000047ca       0x20 build/z1/obj/cc2420.o
 .any.text.energest_off
                0x00000000000047ea       0x88 build/z1/obj/cc2420.o
 .any.text.off  0x0000000000004872       0x2e build/z1/obj/cc2420.o
 .any.text.RELEASE_LOCK
                0x00000000000048a0       0x28 build/z1/obj/cc2420.o
 .any.text.set_frame_filtering
                0x00000000000048c8       0x30 build/z1/obj/cc2420.o
 .any.text.set_auto_ack
                0x00000000000048f8       0x30 build/z1/obj/cc2420.o
 .any.text.set_poll_mode
                0x0000000000004928       0x2c build/z1/obj/cc2420.o
 .any.text.cc2420_prepare
                0x0000000000004954       0x42 build/z1/obj/cc2420.o
 .any.text.cc2420_on
                0x0000000000004996       0x22 build/z1/obj/cc2420.o
                0x0000000000004996                cc2420_on
 .any.text.cc2420_transmit
                0x00000000000049b8       0x8a build/z1/obj/cc2420.o
 .any.text.cc2420_send
                0x0000000000004a42       0x12 build/z1/obj/cc2420.o
 .any.text.cc2420_off
                0x0000000000004a54       0x30 build/z1/obj/cc2420.o
                0x0000000000004a54                cc2420_off
 .any.text.cc2420_cca
                0x0000000000004a84       0x54 build/z1/obj/cc2420.o
 .any.text.cc2420_read
                0x0000000000004ad8       0xba build/z1/obj/cc2420.o
 .any.text.process_thread_cc2420_process
                0x0000000000004b92       0x56 build/z1/obj/cc2420.o
 .any.text.cc2420_set_channel
                0x0000000000004be8       0x3a build/z1/obj/cc2420.o
                0x0000000000004be8                cc2420_set_channel
 .any.text.cc2420_set_pan_addr
                0x0000000000004c22       0x4c build/z1/obj/cc2420.o
                0x0000000000004c22                cc2420_set_pan_addr
 .any.text.cc2420_interrupt
                0x0000000000004c6e       0x16 build/z1/obj/cc2420.o
                0x0000000000004c6e                cc2420_interrupt
 .any.text.cc2420_set_txpower
                0x0000000000004c84       0x2c build/z1/obj/cc2420.o
                0x0000000000004c84                cc2420_set_txpower
 .any.text.cc2420_get_txpower
                0x0000000000004cb0       0x1e build/z1/obj/cc2420.o
                0x0000000000004cb0                cc2420_get_txpower
 .any.text.cc2420_rssi
                0x0000000000004cce       0x48 build/z1/obj/cc2420.o
                0x0000000000004cce                cc2420_rssi
 .any.text.get_value
                0x0000000000004d16      0x11e build/z1/obj/cc2420.o
 .any.text.cc2420_set_cca_threshold
                0x0000000000004e34       0x16 build/z1/obj/cc2420.o
                0x0000000000004e34                cc2420_set_cca_threshold
 .any.text.set_value
                0x0000000000004e4a      0x14a build/z1/obj/cc2420.o
 .any.text.cc2420_init
                0x0000000000004f94       0xea build/z1/obj/cc2420.o
                0x0000000000004f94                cc2420_init
 .any.text.clock_time
                0x000000000000507e       0x1a build/z1/obj/clock.o
                0x000000000000507e                clock_time
 .any.text.clock_init
                0x0000000000005098       0x28 build/z1/obj/clock.o
                0x0000000000005098                clock_init
 .any.text.clock_delay
                0x00000000000050c0        0xc build/z1/obj/clock.o
                0x00000000000050c0                clock_delay
 .any.text.clock_wait
                0x00000000000050cc       0x24 build/z1/obj/clock.o
                0x00000000000050cc                clock_wait
 .any.text.clock_seconds
                0x00000000000050f0       0x1a build/z1/obj/clock.o
                0x00000000000050f0                clock_seconds
 .any.text.schedule_transmission
                0x000000000000510a       0x6a build/z1/obj/csma-output.o
 .any.text.tx_done
                0x0000000000005174       0x84 build/z1/obj/csma-output.o
 .any.text.transmit_from_queue
                0x00000000000051f8      0x1ac build/z1/obj/csma-output.o
 .any.text.csma_output_packet
                0x00000000000053a4      0x136 build/z1/obj/csma-output.o
                0x00000000000053a4                csma_output_packet
 .any.text.csma_output_init
                0x00000000000054da       0x1a build/z1/obj/csma-output.o
                0x00000000000054da                csma_output_init
 .any.text.on   0x00000000000054f4        0x6 build/z1/obj/csma.o
 .any.text.off  0x00000000000054fa        0x6 build/z1/obj/csma.o
 .any.text.max_payload
                0x0000000000005500       0x38 build/z1/obj/csma.o
 .any.text.send_packet
                0x0000000000005538        0x6 build/z1/obj/csma.o
 .any.text.input_packet
                0x000000000000553e       0x58 build/z1/obj/csma.o
 .any.text.init
                0x0000000000005596       0x20 build/z1/obj/csma.o
 .any.text.process_thread_ctimer_process
                0x00000000000055b6       0x92 build/z1/obj/ctimer.o
 .any.text.ctimer_init
                0x0000000000005648       0x10 build/z1/obj/ctimer.o
                0x0000000000005648                ctimer_init
 .any.text.ctimer_set_with_process
                0x0000000000005658       0x4a build/z1/obj/ctimer.o
                0x0000000000005658                ctimer_set_with_process
 .any.text.ctimer_reset
                0x00000000000056a2       0x2c build/z1/obj/ctimer.o
                0x00000000000056a2                ctimer_reset
 .any.text.ctimer_stop
                0x00000000000056ce       0x28 build/z1/obj/ctimer.o
                0x00000000000056ce                ctimer_stop
 .any.text.ctimer_expired
                0x00000000000056f6       0x20 build/z1/obj/ctimer.o
                0x00000000000056f6                ctimer_expired
 .any.text.energest_init
                0x0000000000005716       0x3e build/z1/obj/energest.o
                0x0000000000005716                energest_init
 .any.text.energest_flush
                0x0000000000005754       0x44 build/z1/obj/energest.o
                0x0000000000005754                energest_flush
 .any.text.energest_get_total_time
                0x0000000000005798       0x38 build/z1/obj/energest.o
                0x0000000000005798                energest_get_total_time
 .any.text.update_time
                0x00000000000057d0       0x70 build/z1/obj/etimer.o
 .any.text.etimer_request_poll
                0x0000000000005840        0xa build/z1/obj/etimer.o
                0x0000000000005840                etimer_request_poll
 .any.text.process_thread_etimer_process
                0x000000000000584a       0xc4 build/z1/obj/etimer.o
 .any.text.add_timer
                0x000000000000590e       0x40 build/z1/obj/etimer.o
 .any.text.etimer_set
                0x000000000000594e       0x12 build/z1/obj/etimer.o
                0x000000000000594e                etimer_set
 .any.text.etimer_reset
                0x0000000000005960       0x12 build/z1/obj/etimer.o
                0x0000000000005960                etimer_reset
 .any.text.etimer_pending
                0x0000000000005972        0xc build/z1/obj/etimer.o
                0x0000000000005972                etimer_pending
 .any.text.etimer_next_expiration_time
                0x000000000000597e       0x16 build/z1/obj/etimer.o
                0x000000000000597e                etimer_next_expiration_time
 .any.text.etimer_stop
                0x0000000000005994       0x3e build/z1/obj/etimer.o
                0x0000000000005994                etimer_stop
 .any.text.frame802154_get_pan_id
                0x00000000000059d2        0x6 build/z1/obj/frame802154.o
                0x00000000000059d2                frame802154_get_pan_id
 .any.text.frame802154_has_panid
                0x00000000000059d8       0xe0 build/z1/obj/frame802154.o
                0x00000000000059d8                frame802154_has_panid
 .any.text.field_len
                0x0000000000005ab8       0xa6 build/z1/obj/frame802154.o
 .any.text.frame802154_is_broadcast_addr
                0x0000000000005b5e       0x28 build/z1/obj/frame802154.o
                0x0000000000005b5e                frame802154_is_broadcast_addr
 .any.text.frame802154_hdrlen
                0x0000000000005b86       0x32 build/z1/obj/frame802154.o
                0x0000000000005b86                frame802154_hdrlen
 .any.text.frame802154_create_fcf
                0x0000000000005bb8       0x6e build/z1/obj/frame802154.o
                0x0000000000005bb8                frame802154_create_fcf
 .any.text.frame802154_create
                0x0000000000005c26       0xbe build/z1/obj/frame802154.o
                0x0000000000005c26                frame802154_create
 .any.text.frame802154_parse_fcf
                0x0000000000005ce4       0x8c build/z1/obj/frame802154.o
                0x0000000000005ce4                frame802154_parse_fcf
 .any.text.frame802154_parse
                0x0000000000005d70      0x15c build/z1/obj/frame802154.o
                0x0000000000005d70                frame802154_parse
 .any.text.parse
                0x0000000000005ecc       0x9e build/z1/obj/framer-802154.o
 .any.text.framer_802154_setup_params
                0x0000000000005f6a       0xae build/z1/obj/framer-802154.o
                0x0000000000005f6a                framer_802154_setup_params
 .any.text.create_frame
                0x0000000000006018       0x9e build/z1/obj/framer-802154.o
 .any.text.create
                0x00000000000060b6        0x8 build/z1/obj/framer-802154.o
 .any.text.hdr_length
                0x00000000000060be        0x8 build/z1/obj/framer-802154.o
 .any.text.i2c_receiveinit
                0x00000000000060c6       0x36 build/z1/obj/i2cmaster.o
                0x00000000000060c6                i2c_receiveinit
 .any.text.i2c_transmitinit
                0x00000000000060fc       0x30 build/z1/obj/i2cmaster.o
                0x00000000000060fc                i2c_transmitinit
 .any.text.i2c_receive_n
                0x000000000000612c       0x3e build/z1/obj/i2cmaster.o
                0x000000000000612c                i2c_receive_n
 .any.text.i2c_busy
                0x000000000000616a        0xa build/z1/obj/i2cmaster.o
                0x000000000000616a                i2c_busy
 .any.text.i2c_enable
                0x0000000000006174       0x22 build/z1/obj/i2cmaster.o
                0x0000000000006174                i2c_enable
 .any.text.i2c_transmit_n
                0x0000000000006196       0x14 build/z1/obj/i2cmaster.o
                0x0000000000006196                i2c_transmit_n
 .any.text.leds_arch_init
                0x00000000000061aa        0xe build/z1/obj/leds-arch.o
                0x00000000000061aa                leds_arch_init
 .any.text.leds_arch_get
                0x00000000000061b8       0x34 build/z1/obj/leds-arch.o
                0x00000000000061b8                leds_arch_get
 .any.text.leds_arch_set
                0x00000000000061ec       0x3e build/z1/obj/leds-arch.o
                0x00000000000061ec                leds_arch_set
 .any.text.leds_init
                0x000000000000622a        0x6 build/z1/obj/leds.o
                0x000000000000622a                leds_init
 .any.text.leds_on
                0x0000000000006230       0x12 build/z1/obj/leds.o
                0x0000000000006230                leds_on
 .any.text.leds_off
                0x0000000000006242       0x12 build/z1/obj/leds.o
                0x0000000000006242                leds_off
 .any.text.periodic
                0x0000000000006254       0x2c build/z1/obj/link-stats.o
 .any.text.link_stats_from_lladdr
                0x0000000000006280        0xc build/z1/obj/link-stats.o
                0x0000000000006280                link_stats_from_lladdr
 .any.text.link_stats_is_fresh
                0x000000000000628c       0x30 build/z1/obj/link-stats.o
                0x000000000000628c                link_stats_is_fresh
 .any.text.link_stats_packet_sent
                0x00000000000062bc       0xe2 build/z1/obj/link-stats.o
                0x00000000000062bc                link_stats_packet_sent
 .any.text.link_stats_input_callback
                0x000000000000639e       0xf6 build/z1/obj/link-stats.o
                0x000000000000639e                link_stats_input_callback
 .any.text.link_stats_reset
                0x0000000000006494       0x2a build/z1/obj/link-stats.o
                0x0000000000006494                link_stats_reset
 .any.text.link_stats_init
                0x00000000000064be       0x26 build/z1/obj/link-stats.o
                0x00000000000064be                link_stats_init
 .any.text.linkaddr_copy
                0x00000000000064e4        0x8 build/z1/obj/linkaddr.o
                0x00000000000064e4                linkaddr_copy
 .any.text.linkaddr_cmp
                0x00000000000064ec       0x12 build/z1/obj/linkaddr.o
                0x00000000000064ec                linkaddr_cmp
 .any.text.list_tail
                0x00000000000064fe       0x12 build/z1/obj/list.o
                0x00000000000064fe                list_tail
 .any.text.list_remove
                0x0000000000006510       0x34 build/z1/obj/list.o
                0x0000000000006510                list_remove
 .any.text.list_push
                0x0000000000006544       0x16 build/z1/obj/list.o
                0x0000000000006544                list_push
 .any.text.list_add
                0x000000000000655a       0x26 build/z1/obj/list.o
                0x000000000000655a                list_add
 .any.text.list_length
                0x0000000000006580       0x10 build/z1/obj/list.o
                0x0000000000006580                list_length
 .any.text.list_contains
                0x0000000000006590       0x12 build/z1/obj/list.o
                0x0000000000006590                list_contains
 .any.text.log_6addr
                0x00000000000065a2       0x32 build/z1/obj/log.o
                0x00000000000065a2                log_6addr
 .any.text.log_lladdr
                0x00000000000065d4       0x40 build/z1/obj/log.o
                0x00000000000065d4                log_lladdr
 .any.text.mac_sequence_init
                0x0000000000006614        0xa build/z1/obj/mac-sequence.o
                0x0000000000006614                mac_sequence_init
 .any.text.mac_sequence_set_dsn
                0x000000000000661e       0x18 build/z1/obj/mac-sequence.o
                0x000000000000661e                mac_sequence_set_dsn
 .any.text.mac_sequence_is_duplicate
                0x0000000000006636       0x6e build/z1/obj/mac-sequence.o
                0x0000000000006636                mac_sequence_is_duplicate
 .any.text.mac_sequence_register_seqno
                0x00000000000066a4       0x86 build/z1/obj/mac-sequence.o
                0x00000000000066a4                mac_sequence_register_seqno
 .any.text.memb_init
                0x000000000000672a       0x36 build/z1/obj/memb.o
                0x000000000000672a                memb_init
 .any.text.memb_alloc
                0x0000000000006760       0x3e build/z1/obj/memb.o
                0x0000000000006760                memb_alloc
 .any.text.memb_free
                0x000000000000679e       0x32 build/z1/obj/memb.o
                0x000000000000679e                memb_free
 .any.text.memb_inmemb
                0x00000000000067d0       0x2a build/z1/obj/memb.o
                0x00000000000067d0                memb_inmemb
 .any.text.memb_numfree
                0x00000000000067fa       0x26 build/z1/obj/memb.o
                0x00000000000067fa                memb_numfree
 .any.text.msp430_init_dco
                0x0000000000006820       0x28 build/z1/obj/msp430.o
                0x0000000000006820                msp430_init_dco
 .any.text.splhigh_
                0x0000000000006848        0xa build/z1/obj/msp430.o
                0x0000000000006848                splhigh_
 .any.text.msp430_sync_dco
                0x0000000000006852       0x6e build/z1/obj/msp430.o
                0x0000000000006852                msp430_sync_dco
 .any.text.msp430_cpu_init
                0x00000000000068c0       0x2e build/z1/obj/msp430.o
                0x00000000000068c0                msp430_cpu_init
 .any.text.process_thread_my_crypto_test_process
                0x00000000000068ee      0x2c4 build/z1/obj/my_crypto_test.o
 .any.text.item_from_index
                0x0000000000006bb2       0x2a build/z1/obj/nbr-table.o
 .any.text.index_from_key
                0x0000000000006bdc       0x26 build/z1/obj/nbr-table.o
 .any.text.index_from_item
                0x0000000000006c02       0x1e build/z1/obj/nbr-table.o
 .any.text.nbr_set_bit
                0x0000000000006c20       0x4c build/z1/obj/nbr-table.o
 .any.text.index_from_lladdr
                0x0000000000006c6c       0x34 build/z1/obj/nbr-table.o
 .any.text.nbr_get_bit.constprop.3
                0x0000000000006ca0       0x28 build/z1/obj/nbr-table.o
 .any.text.remove_key
                0x0000000000006cc8       0x70 build/z1/obj/nbr-table.o
 .any.text.nbr_table_is_registered
                0x0000000000006d38       0x22 build/z1/obj/nbr-table.o
                0x0000000000006d38                nbr_table_is_registered
 .any.text.nbr_table_register
                0x0000000000006d5a       0x3c build/z1/obj/nbr-table.o
                0x0000000000006d5a                nbr_table_register
 .any.text.nbr_table_next
                0x0000000000006d96       0x4e build/z1/obj/nbr-table.o
                0x0000000000006d96                nbr_table_next
 .any.text.nbr_table_head
                0x0000000000006de4       0x32 build/z1/obj/nbr-table.o
                0x0000000000006de4                nbr_table_head
 .any.text.nbr_table_get_from_lladdr
                0x0000000000006e16       0x28 build/z1/obj/nbr-table.o
                0x0000000000006e16                nbr_table_get_from_lladdr
 .any.text.entry_is_allowed.isra.2
                0x0000000000006e3e       0x6c build/z1/obj/nbr-table.o
 .any.text.nbr_table_add_lladdr
                0x0000000000006eaa       0xb2 build/z1/obj/nbr-table.o
                0x0000000000006eaa                nbr_table_add_lladdr
 .any.text.nbr_table_remove
                0x0000000000006f5c       0x2a build/z1/obj/nbr-table.o
                0x0000000000006f5c                nbr_table_remove
 .any.text.nbr_table_lock
                0x0000000000006f86       0x10 build/z1/obj/nbr-table.o
                0x0000000000006f86                nbr_table_lock
 .any.text.nbr_table_unlock
                0x0000000000006f96       0x10 build/z1/obj/nbr-table.o
                0x0000000000006f96                nbr_table_unlock
 .any.text.nbr_table_get_lladdr
                0x0000000000006fa6       0x20 build/z1/obj/nbr-table.o
                0x0000000000006fa6                nbr_table_get_lladdr
 .any.text.netstack_process_ip_callback
                0x0000000000006fc6       0x40 build/z1/obj/netstack.o
                0x0000000000006fc6                netstack_process_ip_callback
 .any.text.node_id_z1_restore
                0x0000000000007006       0x4c build/z1/obj/node-id-z1.o
                0x0000000000007006                node_id_z1_restore
 .any.text.packetbuf_hdrreduce
                0x0000000000007052       0x1a build/z1/obj/packetbuf.o
                0x0000000000007052                packetbuf_hdrreduce
 .any.text.packetbuf_set_datalen
                0x000000000000706c        0x6 build/z1/obj/packetbuf.o
                0x000000000000706c                packetbuf_set_datalen
 .any.text.packetbuf_hdrptr
                0x0000000000007072        0x6 build/z1/obj/packetbuf.o
                0x0000000000007072                packetbuf_hdrptr
 .any.text.packetbuf_datalen
                0x0000000000007078        0x6 build/z1/obj/packetbuf.o
                0x0000000000007078                packetbuf_datalen
 .any.text.packetbuf_hdrlen
                0x000000000000707e        0xa build/z1/obj/packetbuf.o
                0x000000000000707e                packetbuf_hdrlen
 .any.text.packetbuf_dataptr
                0x0000000000007088        0xc build/z1/obj/packetbuf.o
                0x0000000000007088                packetbuf_dataptr
 .any.text.packetbuf_copyto
                0x0000000000007094       0x3a build/z1/obj/packetbuf.o
                0x0000000000007094                packetbuf_copyto
 .any.text.packetbuf_totlen
                0x00000000000070ce        0xc build/z1/obj/packetbuf.o
                0x00000000000070ce                packetbuf_totlen
 .any.text.packetbuf_hdralloc
                0x00000000000070da       0x3c build/z1/obj/packetbuf.o
                0x00000000000070da                packetbuf_hdralloc
 .any.text.packetbuf_attr_clear
                0x0000000000007116       0x28 build/z1/obj/packetbuf.o
                0x0000000000007116                packetbuf_attr_clear
 .any.text.packetbuf_clear
                0x000000000000713e       0x12 build/z1/obj/packetbuf.o
                0x000000000000713e                packetbuf_clear
 .any.text.packetbuf_copyfrom
                0x0000000000007150       0x2a build/z1/obj/packetbuf.o
                0x0000000000007150                packetbuf_copyfrom
 .any.text.packetbuf_attr_copyto
                0x000000000000717a       0x22 build/z1/obj/packetbuf.o
                0x000000000000717a                packetbuf_attr_copyto
 .any.text.packetbuf_attr_copyfrom
                0x000000000000719c       0x24 build/z1/obj/packetbuf.o
                0x000000000000719c                packetbuf_attr_copyfrom
 .any.text.packetbuf_set_attr
                0x00000000000071c0        0xa build/z1/obj/packetbuf.o
                0x00000000000071c0                packetbuf_set_attr
 .any.text.packetbuf_attr
                0x00000000000071ca        0xa build/z1/obj/packetbuf.o
                0x00000000000071ca                packetbuf_attr
 .any.text.packetbuf_set_addr
                0x00000000000071d4       0x12 build/z1/obj/packetbuf.o
                0x00000000000071d4                packetbuf_set_addr
 .any.text.packetbuf_addr
                0x00000000000071e6        0xe build/z1/obj/packetbuf.o
                0x00000000000071e6                packetbuf_addr
 .any.text.packetbuf_holds_broadcast
                0x00000000000071f4        0xe build/z1/obj/packetbuf.o
                0x00000000000071f4                packetbuf_holds_broadcast
 .any.text.energest_switch
                0x0000000000007202       0x58 build/z1/obj/platform.o
 .any.text.platform_init_stage_one
                0x000000000000725a       0x12 build/z1/obj/platform.o
                0x000000000000725a                platform_init_stage_one
 .any.text.platform_init_stage_two
                0x000000000000726c       0xbe build/z1/obj/platform.o
                0x000000000000726c                platform_init_stage_two
 .any.text.platform_init_stage_three
                0x000000000000732a       0x78 build/z1/obj/platform.o
                0x000000000000732a                platform_init_stage_three
 .any.text.platform_idle
                0x00000000000073a2       0x64 build/z1/obj/platform.o
                0x00000000000073a2                platform_idle
 .any.text.present_fromHexStringToLong
                0x0000000000007406       0x52 build/z1/obj/present/present.o
                0x0000000000007406                present_fromHexStringToLong
 .any.text.generateSubkeys
                0x0000000000007458      0x1fe build/z1/obj/present/present.o
 .any.text.present_encrypt
                0x0000000000007656      0x224 build/z1/obj/present/present.o
                0x0000000000007656                present_encrypt
 .any.text.call_process
                0x000000000000787a       0x40 build/z1/obj/process.o
 .any.text.exit_process
                0x00000000000078ba       0x8e build/z1/obj/process.o
 .any.text.do_poll
                0x0000000000007948       0x30 build/z1/obj/process.o
 .any.text.process_alloc_event
                0x0000000000007978       0x18 build/z1/obj/process.o
                0x0000000000007978                process_alloc_event
 .any.text.process_init
                0x0000000000007990        0x8 build/z1/obj/process.o
                0x0000000000007990                process_init
 .any.text.process_run
                0x0000000000007998       0x86 build/z1/obj/process.o
                0x0000000000007998                process_run
 .any.text.process_nevents
                0x0000000000007a1e        0xa build/z1/obj/process.o
                0x0000000000007a1e                process_nevents
 .any.text.process_post
                0x0000000000007a28       0x4a build/z1/obj/process.o
                0x0000000000007a28                process_post
 .any.text.process_post_synch
                0x0000000000007a72       0x12 build/z1/obj/process.o
                0x0000000000007a72                process_post_synch
 .any.text.process_start
                0x0000000000007a84       0x36 build/z1/obj/process.o
                0x0000000000007a84                process_start
 .any.text.process_poll
                0x0000000000007aba       0x18 build/z1/obj/process.o
                0x0000000000007aba                process_poll
 .any.text.queuebuf_init
                0x0000000000007ad2       0x12 build/z1/obj/queuebuf.o
                0x0000000000007ad2                queuebuf_init
 .any.text.queuebuf_numfree
                0x0000000000007ae4        0xa build/z1/obj/queuebuf.o
                0x0000000000007ae4                queuebuf_numfree
 .any.text.queuebuf_new_from_packetbuf
                0x0000000000007aee       0x4e build/z1/obj/queuebuf.o
                0x0000000000007aee                queuebuf_new_from_packetbuf
 .any.text.queuebuf_update_attr_from_packetbuf
                0x0000000000007b3c       0x12 build/z1/obj/queuebuf.o
                0x0000000000007b3c                queuebuf_update_attr_from_packetbuf
 .any.text.queuebuf_free
                0x0000000000007b4e       0x2a build/z1/obj/queuebuf.o
                0x0000000000007b4e                queuebuf_free
 .any.text.queuebuf_to_packetbuf
                0x0000000000007b78       0x32 build/z1/obj/queuebuf.o
                0x0000000000007b78                queuebuf_to_packetbuf
 .any.text.random_init
                0x0000000000007baa        0x6 build/z1/obj/random.o
                0x0000000000007baa                random_init
 .any.text.random_rand
                0x0000000000007bb0        0x6 build/z1/obj/random.o
                0x0000000000007bb0                random_rand
 .any.text.rpl_dag_root_set_prefix
                0x0000000000007bb6       0x5e build/z1/obj/rpl-dag-root.o
                0x0000000000007bb6                rpl_dag_root_set_prefix
 .any.text.rpl_dag_root_start
                0x0000000000007c14       0x82 build/z1/obj/rpl-dag-root.o
                0x0000000000007c14                rpl_dag_root_start
 .any.text.rpl_dag_root_is_root
                0x0000000000007c96       0x14 build/z1/obj/rpl-dag-root.o
                0x0000000000007c96                rpl_dag_root_is_root
 .any.text.init_dag
                0x0000000000007caa       0x78 build/z1/obj/rpl-dag.o
 .any.text.process_dio_init_dag
                0x0000000000007d22       0xb0 build/z1/obj/rpl-dag.o
 .any.text.rpl_dag_get_root_ipaddr
                0x0000000000007dd2       0x1e build/z1/obj/rpl-dag.o
                0x0000000000007dd2                rpl_dag_get_root_ipaddr
 .any.text.rpl_dag_leave
                0x0000000000007df0       0x4a build/z1/obj/rpl-dag.o
                0x0000000000007df0                rpl_dag_leave
 .any.text.rpl_dag_poison_and_leave
                0x0000000000007e3a        0xc build/z1/obj/rpl-dag.o
                0x0000000000007e3a                rpl_dag_poison_and_leave
 .any.text.rpl_dag_periodic
                0x0000000000007e46       0x6a build/z1/obj/rpl-dag.o
                0x0000000000007e46                rpl_dag_periodic
 .any.text.rpl_is_addr_in_our_dag
                0x0000000000007eb0       0x26 build/z1/obj/rpl-dag.o
                0x0000000000007eb0                rpl_is_addr_in_our_dag
 .any.text.rpl_local_repair
                0x0000000000007ed6       0x2a build/z1/obj/rpl-dag.o
                0x0000000000007ed6                rpl_local_repair
 .any.text.rpl_global_repair
                0x0000000000007f00       0x2e build/z1/obj/rpl-dag.o
                0x0000000000007f00                rpl_global_repair
 .any.text.rpl_dag_ready_to_advertise
                0x0000000000007f2e       0x22 build/z1/obj/rpl-dag.o
                0x0000000000007f2e                rpl_dag_ready_to_advertise
 .any.text.rpl_dag_update_state
                0x0000000000007f50      0x13c build/z1/obj/rpl-dag.o
                0x0000000000007f50                rpl_dag_update_state
 .any.text.rpl_process_dio
                0x000000000000808c      0x19e build/z1/obj/rpl-dag.o
                0x000000000000808c                rpl_process_dio
 .any.text.rpl_process_dis
                0x000000000000822a       0x2a build/z1/obj/rpl-dag.o
                0x000000000000822a                rpl_process_dis
 .any.text.rpl_process_dao
                0x0000000000008254       0x66 build/z1/obj/rpl-dag.o
                0x0000000000008254                rpl_process_dao
 .any.text.rpl_process_dao_ack
                0x00000000000082ba       0x50 build/z1/obj/rpl-dag.o
                0x00000000000082ba                rpl_process_dao_ack
 .any.text.rpl_process_hbh
                0x000000000000830a       0x26 build/z1/obj/rpl-dag.o
                0x000000000000830a                rpl_process_hbh
 .any.text.rpl_dag_init_root
                0x0000000000008330       0xac build/z1/obj/rpl-dag.o
                0x0000000000008330                rpl_dag_init_root
 .any.text.rpl_dag_init
                0x00000000000083dc       0x10 build/z1/obj/rpl-dag.o
                0x00000000000083dc                rpl_dag_init
 .any.text.update_hbh_header
                0x00000000000083ec       0x4a build/z1/obj/rpl-ext-header.o
 .any.text.rpl_ext_header_srh_get_next_hop
                0x0000000000008436       0x7c build/z1/obj/rpl-ext-header.o
                0x0000000000008436                rpl_ext_header_srh_get_next_hop
 .any.text.rpl_ext_header_srh_update
                0x00000000000084b2      0x20e build/z1/obj/rpl-ext-header.o
                0x00000000000084b2                rpl_ext_header_srh_update
 .any.text.rpl_ext_header_hbh_update
                0x00000000000086c0       0x90 build/z1/obj/rpl-ext-header.o
                0x00000000000086c0                rpl_ext_header_hbh_update
 .any.text.rpl_ext_header_remove
                0x0000000000008750       0xc0 build/z1/obj/rpl-ext-header.o
                0x0000000000008750                rpl_ext_header_remove
 .any.text.rpl_ext_header_update
                0x0000000000008810      0x266 build/z1/obj/rpl-ext-header.o
                0x0000000000008810                rpl_ext_header_update
 .any.text.get32
                0x0000000000008a76       0x3e build/z1/obj/rpl-icmp6.o
 .any.text.set32
                0x0000000000008ab4       0x2a build/z1/obj/rpl-icmp6.o
 .any.text.get16
                0x0000000000008ade        0xe build/z1/obj/rpl-icmp6.o
 .any.text.set16
                0x0000000000008aec       0x10 build/z1/obj/rpl-icmp6.o
 .any.text.dao_ack_input
                0x0000000000008afc       0x2a build/z1/obj/rpl-icmp6.o
 .any.text.dao_input
                0x0000000000008b26      0x15a build/z1/obj/rpl-icmp6.o
 .any.text.dio_input
                0x0000000000008c80      0x292 build/z1/obj/rpl-icmp6.o
 .any.text.dis_input
                0x0000000000008f12       0x1e build/z1/obj/rpl-icmp6.o
 .any.text.rpl_icmp6_update_nbr_table
                0x0000000000008f30       0x2e build/z1/obj/rpl-icmp6.o
                0x0000000000008f30                rpl_icmp6_update_nbr_table
 .any.text.rpl_icmp6_dis_output
                0x0000000000008f5e       0x34 build/z1/obj/rpl-icmp6.o
                0x0000000000008f5e                rpl_icmp6_dis_output
 .any.text.rpl_icmp6_dio_output
                0x0000000000008f92      0x20a build/z1/obj/rpl-icmp6.o
                0x0000000000008f92                rpl_icmp6_dio_output
 .any.text.rpl_icmp6_dao_output
                0x000000000000919c       0xd6 build/z1/obj/rpl-icmp6.o
                0x000000000000919c                rpl_icmp6_dao_output
 .any.text.rpl_icmp6_dao_ack_output
                0x0000000000009272       0x40 build/z1/obj/rpl-icmp6.o
                0x0000000000009272                rpl_icmp6_dao_ack_output
 .any.text.rpl_icmp6_init
                0x00000000000092b2       0x22 build/z1/obj/rpl-icmp6.o
                0x00000000000092b2                rpl_icmp6_init
 .any.text.reset
                0x00000000000092d4        0x2 build/z1/obj/rpl-mrhof.o
 .any.text.update_metric_container
                0x00000000000092d6        0x6 build/z1/obj/rpl-mrhof.o
 .any.text.nbr_link_metric
                0x00000000000092dc       0x12 build/z1/obj/rpl-mrhof.o
 .any.text.nbr_has_usable_link
                0x00000000000092ee       0x14 build/z1/obj/rpl-mrhof.o
 .any.text.nbr_path_cost
                0x0000000000009302       0x34 build/z1/obj/rpl-mrhof.o
 .any.text.within_hysteresis
                0x0000000000009336       0x4c build/z1/obj/rpl-mrhof.o
 .any.text.nbr_is_acceptable_parent
                0x0000000000009382       0x28 build/z1/obj/rpl-mrhof.o
 .any.text.rank_via_nbr
                0x00000000000093aa       0x40 build/z1/obj/rpl-mrhof.o
 .any.text.best_parent
                0x00000000000093ea       0x74 build/z1/obj/rpl-mrhof.o
 .any.text.get_rank
                0x000000000000945e       0x16 build/z1/obj/rpl-nbr-policy.o
 .any.text.rpl_nbr_gc_get_worst
                0x0000000000009474       0x20 build/z1/obj/rpl-nbr-policy.o
                0x0000000000009474                rpl_nbr_gc_get_worst
 .any.text.remove_neighbor
                0x0000000000009494       0x24 build/z1/obj/rpl-neighbor.o
 .any.text.rpl_neighbor_get_from_lladdr
                0x00000000000094b8        0xc build/z1/obj/rpl-neighbor.o
                0x00000000000094b8                rpl_neighbor_get_from_lladdr
 .any.text.rpl_neighbor_rank_via_nbr
                0x00000000000094c4       0x18 build/z1/obj/rpl-neighbor.o
                0x00000000000094c4                rpl_neighbor_rank_via_nbr
 .any.text.rpl_neighbor_get_lladdr
                0x00000000000094dc        0xc build/z1/obj/rpl-neighbor.o
                0x00000000000094dc                rpl_neighbor_get_lladdr
 .any.text.rpl_neighbor_get_ipaddr
                0x00000000000094e8        0xa build/z1/obj/rpl-neighbor.o
                0x00000000000094e8                rpl_neighbor_get_ipaddr
 .any.text.rpl_neighbor_get_link_stats
                0x00000000000094f2        0xa build/z1/obj/rpl-neighbor.o
                0x00000000000094f2                rpl_neighbor_get_link_stats
 .any.text.rpl_neighbor_is_fresh
                0x00000000000094fc        0xa build/z1/obj/rpl-neighbor.o
                0x00000000000094fc                rpl_neighbor_is_fresh
 .any.text.best_parent
                0x0000000000009506       0x9a build/z1/obj/rpl-neighbor.o
 .any.text.rpl_neighbor_set_preferred_parent
                0x00000000000095a0       0x48 build/z1/obj/rpl-neighbor.o
                0x00000000000095a0                rpl_neighbor_set_preferred_parent
 .any.text.rpl_neighbor_remove_all
                0x00000000000095e8       0x30 build/z1/obj/rpl-neighbor.o
                0x00000000000095e8                rpl_neighbor_remove_all
 .any.text.rpl_neighbor_get_from_ipaddr
                0x0000000000009618       0x14 build/z1/obj/rpl-neighbor.o
                0x0000000000009618                rpl_neighbor_get_from_ipaddr
 .any.text.rpl_neighbor_select_best
                0x000000000000962c       0x54 build/z1/obj/rpl-neighbor.o
                0x000000000000962c                rpl_neighbor_select_best
 .any.text.rpl_neighbor_init
                0x0000000000009680        0xe build/z1/obj/rpl-neighbor.o
                0x0000000000009680                rpl_neighbor_init
 .any.text.handle_state_update
                0x000000000000968e        0x6 build/z1/obj/rpl-timers.o
 .any.text.handle_leaving_timer
                0x0000000000009694        0xc build/z1/obj/rpl-timers.o
 .any.text.handle_unicast_dio_timer
                0x00000000000096a0       0x12 build/z1/obj/rpl-timers.o
 .any.text.handle_dao_ack_timer
                0x00000000000096b2       0x12 build/z1/obj/rpl-timers.o
 .any.text.ctimer_set.constprop.3
                0x00000000000096c4        0xe build/z1/obj/rpl-timers.o
 .any.text.new_dio_interval
                0x00000000000096d2       0x82 build/z1/obj/rpl-timers.o
 .any.text.handle_dio_timer
                0x0000000000009754       0x6a build/z1/obj/rpl-timers.o
 .any.text.schedule_dao_retransmission
                0x00000000000097be       0x2c build/z1/obj/rpl-timers.o
 .any.text.send_new_dao
                0x00000000000097ea       0x28 build/z1/obj/rpl-timers.o
 .any.text.resend_dao
                0x0000000000009812       0x24 build/z1/obj/rpl-timers.o
 .any.text.rpl_timers_schedule_periodic_dis
                0x0000000000009836       0x38 build/z1/obj/rpl-timers.o
                0x0000000000009836                rpl_timers_schedule_periodic_dis
 .any.text.handle_periodic_timer
                0x000000000000986e       0x3a build/z1/obj/rpl-timers.o
 .any.text.handle_dis_timer
                0x00000000000098a8       0x26 build/z1/obj/rpl-timers.o
 .any.text.rpl_timers_dio_reset
                0x00000000000098ce       0x2e build/z1/obj/rpl-timers.o
                0x00000000000098ce                rpl_timers_dio_reset
 .any.text.rpl_timers_schedule_unicast_dio
                0x00000000000098fc       0x1c build/z1/obj/rpl-timers.o
                0x00000000000098fc                rpl_timers_schedule_unicast_dio
 .any.text.rpl_timers_schedule_dao
                0x0000000000009918       0x34 build/z1/obj/rpl-timers.o
                0x0000000000009918                rpl_timers_schedule_dao
 .any.text.rpl_timers_schedule_dao_ack
                0x000000000000994c       0x30 build/z1/obj/rpl-timers.o
                0x000000000000994c                rpl_timers_schedule_dao_ack
 .any.text.rpl_timers_notify_dao_ack
                0x000000000000997c       0x7a build/z1/obj/rpl-timers.o
                0x000000000000997c                rpl_timers_notify_dao_ack
 .any.text.get_probing_delay
                0x00000000000099f6       0x1c build/z1/obj/rpl-timers.o
                0x00000000000099f6                get_probing_delay
 .any.text.get_probing_target
                0x0000000000009a12       0xda build/z1/obj/rpl-timers.o
                0x0000000000009a12                get_probing_target
 .any.text.rpl_schedule_probing
                0x0000000000009aec       0x1c build/z1/obj/rpl-timers.o
                0x0000000000009aec                rpl_schedule_probing
 .any.text.handle_probing_timer
                0x0000000000009b08       0x26 build/z1/obj/rpl-timers.o
 .any.text.rpl_schedule_probing_now
                0x0000000000009b2e       0x20 build/z1/obj/rpl-timers.o
                0x0000000000009b2e                rpl_schedule_probing_now
 .any.text.rpl_timers_unschedule_leaving
                0x0000000000009b4e       0x1c build/z1/obj/rpl-timers.o
                0x0000000000009b4e                rpl_timers_unschedule_leaving
 .any.text.rpl_timers_schedule_leaving
                0x0000000000009b6a       0x26 build/z1/obj/rpl-timers.o
                0x0000000000009b6a                rpl_timers_schedule_leaving
 .any.text.rpl_timers_init
                0x0000000000009b90       0x18 build/z1/obj/rpl-timers.o
                0x0000000000009b90                rpl_timers_init
 .any.text.rpl_timers_stop_dag_timers
                0x0000000000009ba8       0x4c build/z1/obj/rpl-timers.o
                0x0000000000009ba8                rpl_timers_stop_dag_timers
 .any.text.rpl_timers_schedule_state_update
                0x0000000000009bf4       0x18 build/z1/obj/rpl-timers.o
                0x0000000000009bf4                rpl_timers_schedule_state_update
 .any.text.rpl_has_joined
                0x0000000000009c0c       0x12 build/z1/obj/rpl.o
                0x0000000000009c0c                rpl_has_joined
 .any.text.rpl_is_reachable
                0x0000000000009c1e       0x12 build/z1/obj/rpl.o
                0x0000000000009c1e                rpl_is_reachable
 .any.text.neighbor_state_changed
                0x0000000000009c30        0x2 build/z1/obj/rpl.o
 .any.text.drop_route
                0x0000000000009c32        0x2 build/z1/obj/rpl.o
 .any.text.rpl_get_leaf_only
                0x0000000000009c34        0x6 build/z1/obj/rpl.o
                0x0000000000009c34                rpl_get_leaf_only
 .any.text.get_sr_node_ipaddr
                0x0000000000009c3a       0x30 build/z1/obj/rpl.o
 .any.text.init
                0x0000000000009c6a       0x42 build/z1/obj/rpl.o
 .any.text.set_ip_from_prefix
                0x0000000000009cac       0x30 build/z1/obj/rpl.o
 .any.text.rpl_link_callback
                0x0000000000009cdc       0x1e build/z1/obj/rpl.o
                0x0000000000009cdc                rpl_link_callback
 .any.text.rpl_lollipop_greater_than
                0x0000000000009cfa       0x3c build/z1/obj/rpl.o
                0x0000000000009cfa                rpl_lollipop_greater_than
 .any.text.rpl_get_global_address
                0x0000000000009d36       0x8c build/z1/obj/rpl.o
                0x0000000000009d36                rpl_get_global_address
 .any.text.rpl_reset_prefix
                0x0000000000009dc2       0x24 build/z1/obj/rpl.o
                0x0000000000009dc2                rpl_reset_prefix
 .any.text.rpl_set_prefix_from_addr
                0x0000000000009de6       0x80 build/z1/obj/rpl.o
                0x0000000000009de6                rpl_set_prefix_from_addr
 .any.text.rtimer_arch_init
                0x0000000000009e66        0xe build/z1/obj/rtimer-arch.o
                0x0000000000009e66                rtimer_arch_init
 .any.text.rtimer_arch_now
                0x0000000000009e74        0xe build/z1/obj/rtimer-arch.o
                0x0000000000009e74                rtimer_arch_now
 .any.text.rtimer_run_next
                0x0000000000009e82       0x18 build/z1/obj/rtimer.o
                0x0000000000009e82                rtimer_run_next
 .any.text.process_thread_sensors_process
                0x0000000000009e9a       0xc2 build/z1/obj/sensors.o
 .any.text.sensors_changed
                0x0000000000009f5c       0x2a build/z1/obj/sensors.o
                0x0000000000009f5c                sensors_changed
 .any.text.clear_fragments
                0x0000000000009f86       0x40 build/z1/obj/sicslowpan.o
 .any.text.addr_context_lookup_by_number
                0x0000000000009fc6       0x16 build/z1/obj/sicslowpan.o
 .any.text.sicslowpan_init
                0x0000000000009fdc       0x18 build/z1/obj/sicslowpan.o
                0x0000000000009fdc                sicslowpan_init
 .any.text.set_packet_attrs
                0x0000000000009ff4       0x66 build/z1/obj/sicslowpan.o
 .any.text.compress_addr_64
                0x000000000000a05a       0x9a build/z1/obj/sicslowpan.o
 .any.text.addr_context_lookup_by_prefix
                0x000000000000a0f4       0x20 build/z1/obj/sicslowpan.o
 .any.text.send_packet
                0x000000000000a114       0x10 build/z1/obj/sicslowpan.o
 .any.text.fragment_copy_payload_and_send
                0x000000000000a124       0x54 build/z1/obj/sicslowpan.o
 .any.text.packet_sent
                0x000000000000a178       0x4e build/z1/obj/sicslowpan.o
 .any.text.store_fragment
                0x000000000000a1c6       0x72 build/z1/obj/sicslowpan.o
 .any.text.add_fragment
                0x000000000000a238      0x1e8 build/z1/obj/sicslowpan.o
 .any.text.uncompress_addr
                0x000000000000a420       0xb0 build/z1/obj/sicslowpan.o
 .any.text.output
                0x000000000000a4d0      0x746 build/z1/obj/sicslowpan.o
 .any.text.input
                0x000000000000ac16      0x99c build/z1/obj/sicslowpan.o
 .any.text.log_energest
                0x000000000000b5b2       0x8e build/z1/obj/simple-energest.o
 .any.text.process_thread_simple_energest_process
                0x000000000000b640      0x37e build/z1/obj/simple-energest.o
 .any.text.simple_energest_init
                0x000000000000b9be       0x98 build/z1/obj/simple-energest.o
                0x000000000000b9be                simple_energest_init
 .any.text.speck_key_expand
                0x000000000000ba56      0x140 build/z1/obj/speck/speck.o
                0x000000000000ba56                speck_key_expand
 .any.text.speck_encrypt
                0x000000000000bb96      0x122 build/z1/obj/speck/speck.o
                0x000000000000bb96                speck_encrypt
 .any.text.spi_init
                0x000000000000bcb8       0x32 build/z1/obj/spi-legacy.o
                0x000000000000bcb8                spi_init
 .any.text.stack_check_init
                0x000000000000bcea       0x2e build/z1/obj/stack-check.o
                0x000000000000bcea                stack_check_init
 .any.text.stack_check_get_usage
                0x000000000000bd18       0x46 build/z1/obj/stack-check.o
                0x000000000000bd18                stack_check_get_usage
 .any.text.process_thread_stack_check_process
                0x000000000000bd5e       0x88 build/z1/obj/stack-check.o
 .any.text.stimer_expired
                0x000000000000bde6       0x30 build/z1/obj/stimer.o
                0x000000000000bde6                stimer_expired
 .any.text.tcpip_output
                0x000000000000be16       0x22 build/z1/obj/tcpip.o
                0x000000000000be16                tcpip_output
 .any.text.tcpip_input
                0x000000000000be38       0x1e build/z1/obj/tcpip.o
                0x000000000000be38                tcpip_input
 .any.text.tcpip_ipv6_output
                0x000000000000be56      0x10c build/z1/obj/tcpip.o
                0x000000000000be56                tcpip_ipv6_output
 .any.text.packet_input.part.3
                0x000000000000bf62       0x12 build/z1/obj/tcpip.o
 .any.text.process_thread_tcpip_process
                0x000000000000bf74       0xb0 build/z1/obj/tcpip.o
 .any.text.tcpip_uipcall
                0x000000000000c024       0x2a build/z1/obj/tcpip.o
                0x000000000000c024                tcpip_uipcall
 .any.text.timer_set
                0x000000000000c04e       0x1c build/z1/obj/timer.o
                0x000000000000c04e                timer_set
 .any.text.timer_expired
                0x000000000000c06a       0x2a build/z1/obj/timer.o
                0x000000000000c06a                timer_expired
 .any.text.timer_reset
                0x000000000000c094       0x1c build/z1/obj/timer.o
                0x000000000000c094                timer_reset
 .any.text.KeyExpansion
                0x000000000000c0b0       0xb4 build/z1/obj/tinyaes/aes.o
 .any.text.AddRoundKey
                0x000000000000c164       0x34 build/z1/obj/tinyaes/aes.o
 .any.text.SubBytes
                0x000000000000c198       0x2c build/z1/obj/tinyaes/aes.o
 .any.text.Cipher
                0x000000000000c1c4      0x206 build/z1/obj/tinyaes/aes.o
 .any.text.AES_init_ctx
                0x000000000000c3ca        0x6 build/z1/obj/tinyaes/aes.o
                0x000000000000c3ca                AES_init_ctx
 .any.text.AES_ECB_encrypt
                0x000000000000c3d0       0x30 build/z1/obj/tinyaes/aes.o
                0x000000000000c3d0                AES_ECB_encrypt
 .any.text.status
                0x000000000000c400       0x12 build/z1/obj/tmp102.o
 .any.text.tmp102_init
                0x000000000000c412       0x24 build/z1/obj/tmp102.o
                0x000000000000c412                tmp102_init
 .any.text.tmp102_stop
                0x000000000000c436        0xa build/z1/obj/tmp102.o
                0x000000000000c436                tmp102_stop
 .any.text.configure
                0x000000000000c440       0x26 build/z1/obj/tmp102.o
 .any.text.tmp102_read_reg
                0x000000000000c466       0x5e build/z1/obj/tmp102.o
                0x000000000000c466                tmp102_read_reg
 .any.text.tmp102_read_temp_x100
                0x000000000000c4c4       0x58 build/z1/obj/tmp102.o
                0x000000000000c4c4                tmp102_read_temp_x100
 .any.text.value
                0x000000000000c51c        0x6 build/z1/obj/tmp102.o
 .any.text.putchar
                0x000000000000c522       0x10 build/z1/obj/uart-putchar.o
                0x000000000000c522                putchar
 .any.text.uart0_active
                0x000000000000c532        0xe build/z1/obj/uart0.o
                0x000000000000c532                uart0_active
 .any.text.uart0_writeb
                0x000000000000c540       0x16 build/z1/obj/uart0.o
                0x000000000000c540                uart0_writeb
 .any.text.uart0_init
                0x000000000000c556       0x4e build/z1/obj/uart0.o
                0x000000000000c556                uart0_init
 .any.text.uip_ds6_nbr_rm
                0x000000000000c5a4       0x1e build/z1/obj/uip-ds6-nbr.o
                0x000000000000c5a4                uip_ds6_nbr_rm
 .any.text.uip_ds6_neighbors_init
                0x000000000000c5c2       0x12 build/z1/obj/uip-ds6-nbr.o
                0x000000000000c5c2                uip_ds6_neighbors_init
 .any.text.uip_ds6_nbr_add
                0x000000000000c5d4       0x36 build/z1/obj/uip-ds6-nbr.o
                0x000000000000c5d4                uip_ds6_nbr_add
 .any.text.uip_ds6_nbr_get_ll
                0x000000000000c60a        0xc build/z1/obj/uip-ds6-nbr.o
                0x000000000000c60a                uip_ds6_nbr_get_ll
 .any.text.uip_ds6_nbr_head
                0x000000000000c616        0xa build/z1/obj/uip-ds6-nbr.o
                0x000000000000c616                uip_ds6_nbr_head
 .any.text.uip_ds6_nbr_next
                0x000000000000c620        0xc build/z1/obj/uip-ds6-nbr.o
                0x000000000000c620                uip_ds6_nbr_next
 .any.text.uip_ds6_nbr_lookup
                0x000000000000c62c       0x36 build/z1/obj/uip-ds6-nbr.o
                0x000000000000c62c                uip_ds6_nbr_lookup
 .any.text.uip_ds6_nbr_ll_lookup
                0x000000000000c662        0xc build/z1/obj/uip-ds6-nbr.o
                0x000000000000c662                uip_ds6_nbr_ll_lookup
 .any.text.uip_ds6_nbr_update_ll
                0x000000000000c66e       0x6e build/z1/obj/uip-ds6-nbr.o
                0x000000000000c66e                uip_ds6_nbr_update_ll
 .any.text.uip_ds6_nbr_ipaddr_from_lladdr
                0x000000000000c6dc        0x6 build/z1/obj/uip-ds6-nbr.o
                0x000000000000c6dc                uip_ds6_nbr_ipaddr_from_lladdr
 .any.text.uip_ds6_nbr_lladdr_from_ipaddr
                0x000000000000c6e2       0x12 build/z1/obj/uip-ds6-nbr.o
                0x000000000000c6e2                uip_ds6_nbr_lladdr_from_ipaddr
 .any.text.uip_ds6_link_callback
                0x000000000000c6f4        0x2 build/z1/obj/uip-ds6-nbr.o
                0x000000000000c6f4                uip_ds6_link_callback
 .any.text.uip_ds6_route_init
                0x000000000000c6f6        0xe build/z1/obj/uip-ds6-route.o
                0x000000000000c6f6                uip_ds6_route_init
 .any.text.uip_ds6_route_nexthop
                0x000000000000c704        0x4 build/z1/obj/uip-ds6-route.o
                0x000000000000c704                uip_ds6_route_nexthop
 .any.text.uip_ds6_route_lookup
                0x000000000000c708        0x4 build/z1/obj/uip-ds6-route.o
                0x000000000000c708                uip_ds6_route_lookup
 .any.text.uip_ds6_route_rm
                0x000000000000c70c        0x2 build/z1/obj/uip-ds6-route.o
                0x000000000000c70c                uip_ds6_route_rm
 .any.text.uip_ds6_defrt_rm
                0x000000000000c70e       0x2c build/z1/obj/uip-ds6-route.o
                0x000000000000c70e                uip_ds6_defrt_rm
 .any.text.uip_ds6_defrt_lookup
                0x000000000000c73a       0x30 build/z1/obj/uip-ds6-route.o
                0x000000000000c73a                uip_ds6_defrt_lookup
 .any.text.uip_ds6_defrt_add
                0x000000000000c76a       0x6c build/z1/obj/uip-ds6-route.o
                0x000000000000c76a                uip_ds6_defrt_add
 .any.text.uip_ds6_defrt_choose
                0x000000000000c7d6       0x2a build/z1/obj/uip-ds6-route.o
                0x000000000000c7d6                uip_ds6_defrt_choose
 .any.text.uip_ds6_defrt_periodic
                0x000000000000c800       0x2e build/z1/obj/uip-ds6-route.o
                0x000000000000c800                uip_ds6_defrt_periodic
 .any.text.uip_ds6_default_prefix
                0x000000000000c82e        0x6 build/z1/obj/uip-ds6.o
                0x000000000000c82e                uip_ds6_default_prefix
 .any.text.uip_ds6_list_loop
                0x000000000000c834       0x70 build/z1/obj/uip-ds6.o
                0x000000000000c834                uip_ds6_list_loop
 .any.text.uip_ds6_prefix_add
                0x000000000000c8a4       0x6a build/z1/obj/uip-ds6.o
                0x000000000000c8a4                uip_ds6_prefix_add
 .any.text.uip_ds6_is_addr_onlink
                0x000000000000c90e       0x40 build/z1/obj/uip-ds6.o
                0x000000000000c90e                uip_ds6_is_addr_onlink
 .any.text.uip_ds6_addr_lookup
                0x000000000000c94e       0x2a build/z1/obj/uip-ds6.o
                0x000000000000c94e                uip_ds6_addr_lookup
 .any.text.uip_ds6_get_link_local
                0x000000000000c978       0x3e build/z1/obj/uip-ds6.o
                0x000000000000c978                uip_ds6_get_link_local
 .any.text.uip_ds6_maddr_add
                0x000000000000c9b6       0x42 build/z1/obj/uip-ds6.o
                0x000000000000c9b6                uip_ds6_maddr_add
 .any.text.uip_ds6_addr_add
                0x000000000000c9f8       0xb6 build/z1/obj/uip-ds6.o
                0x000000000000c9f8                uip_ds6_addr_add
 .any.text.uip_ds6_maddr_rm
                0x000000000000caae        0xa build/z1/obj/uip-ds6.o
                0x000000000000caae                uip_ds6_maddr_rm
 .any.text.uip_ds6_maddr_lookup
                0x000000000000cab8       0x2a build/z1/obj/uip-ds6.o
                0x000000000000cab8                uip_ds6_maddr_lookup
 .any.text.uip_ds6_addr_rm
                0x000000000000cae2       0x54 build/z1/obj/uip-ds6.o
                0x000000000000cae2                uip_ds6_addr_rm
 .any.text.uip_ds6_periodic
                0x000000000000cb36       0x46 build/z1/obj/uip-ds6.o
                0x000000000000cb36                uip_ds6_periodic
 .any.text.uip_ds6_set_addr_iid
                0x000000000000cb7c       0x14 build/z1/obj/uip-ds6.o
                0x000000000000cb7c                uip_ds6_set_addr_iid
 .any.text.uip_ds6_set_lladdr_from_iid
                0x000000000000cb90       0x14 build/z1/obj/uip-ds6.o
                0x000000000000cb90                uip_ds6_set_lladdr_from_iid
 .any.text.get_match_length
                0x000000000000cba4       0x3c build/z1/obj/uip-ds6.o
                0x000000000000cba4                get_match_length
 .any.text.uip_ds6_select_src
                0x000000000000cbe0       0x96 build/z1/obj/uip-ds6.o
                0x000000000000cbe0                uip_ds6_select_src
 .any.text.uip_ds6_compute_reachable_time
                0x000000000000cc76       0x36 build/z1/obj/uip-ds6.o
                0x000000000000cc76                uip_ds6_compute_reachable_time
 .any.text.uip_ds6_init
                0x000000000000ccac      0x164 build/z1/obj/uip-ds6.o
                0x000000000000ccac                uip_ds6_init
 .any.text.echo_reply_input
                0x000000000000ce10       0x56 build/z1/obj/uip-icmp6.o
 .any.text.echo_request_input
                0x000000000000ce66       0x86 build/z1/obj/uip-icmp6.o
 .any.text.uip_icmp6_input
                0x000000000000ceec       0x34 build/z1/obj/uip-icmp6.o
                0x000000000000ceec                uip_icmp6_input
 .any.text.uip_icmp6_register_input_handler
                0x000000000000cf20        0xc build/z1/obj/uip-icmp6.o
                0x000000000000cf20                uip_icmp6_register_input_handler
 .any.text.uip_icmp6_error_output
                0x000000000000cf2c      0x136 build/z1/obj/uip-icmp6.o
                0x000000000000cf2c                uip_icmp6_error_output
 .any.text.uip_icmp6_send
                0x000000000000d062       0x82 build/z1/obj/uip-icmp6.o
                0x000000000000d062                uip_icmp6_send
 .any.text.uip_icmp6_init
                0x000000000000d0e4       0x12 build/z1/obj/uip-icmp6.o
                0x000000000000d0e4                uip_icmp6_init
 .any.text.ns_input
                0x000000000000d0f6      0x29e build/z1/obj/uip-nd6.o
 .any.text.uip_nd6_init
                0x000000000000d394        0xa build/z1/obj/uip-nd6.o
                0x000000000000d394                uip_nd6_init
 .any.text.node_matches_address.part.0
                0x000000000000d39e       0x2e build/z1/obj/uip-sr.o
 .any.text.uip_sr_get_node
                0x000000000000d3cc       0x32 build/z1/obj/uip-sr.o
                0x000000000000d3cc                uip_sr_get_node
 .any.text.uip_sr_is_addr_reachable
                0x000000000000d3fe       0x4a build/z1/obj/uip-sr.o
                0x000000000000d3fe                uip_sr_is_addr_reachable
 .any.text.uip_sr_expire_parent
                0x000000000000d448       0x48 build/z1/obj/uip-sr.o
                0x000000000000d448                uip_sr_expire_parent
 .any.text.uip_sr_update_node
                0x000000000000d490       0xac build/z1/obj/uip-sr.o
                0x000000000000d490                uip_sr_update_node
 .any.text.uip_sr_init
                0x000000000000d53c       0x12 build/z1/obj/uip-sr.o
                0x000000000000d53c                uip_sr_init
 .any.text.uip_sr_periodic
                0x000000000000d54e       0x7c build/z1/obj/uip-sr.o
                0x000000000000d54e                uip_sr_periodic
 .any.text.uip_sr_free_all
                0x000000000000d5ca       0x2c build/z1/obj/uip-sr.o
                0x000000000000d5ca                uip_sr_free_all
 .any.text.chksum
                0x000000000000d5f6       0x32 build/z1/obj/uip6.o
 .any.text.upper_layer_chksum
                0x000000000000d628       0x54 build/z1/obj/uip6.o
 .any.text.ext_hdr_options_process
                0x000000000000d67c       0x92 build/z1/obj/uip6.o
 .any.text.uip_check_mtu
                0x000000000000d70e       0x1e build/z1/obj/uip6.o
 .any.text.uip_update_ttl
                0x000000000000d72c       0x24 build/z1/obj/uip6.o
 .any.text.uip_icmp6chksum
                0x000000000000d750        0xa build/z1/obj/uip6.o
                0x000000000000d750                uip_icmp6chksum
 .any.text.uip_udpchksum
                0x000000000000d75a        0xa build/z1/obj/uip6.o
                0x000000000000d75a                uip_udpchksum
 .any.text.uip_init
                0x000000000000d764       0x24 build/z1/obj/uip6.o
                0x000000000000d764                uip_init
 .any.text.uip_remove_ext_hdr
                0x000000000000d788       0x5e build/z1/obj/uip6.o
                0x000000000000d788                uip_remove_ext_hdr
 .any.text.uip_process
                0x000000000000d7e6      0x560 build/z1/obj/uip6.o
                0x000000000000d7e6                uip_process
 .any.text.uip_htonl
                0x000000000000dd46       0x2a build/z1/obj/uip6.o
                0x000000000000dd46                uip_htonl
 .any.text.uipbuf_add_ext_hdr
                0x000000000000dd70       0x1c build/z1/obj/uipbuf.o
                0x000000000000dd70                uipbuf_add_ext_hdr
 .any.text.uipbuf_set_len
                0x000000000000dd8c       0x12 build/z1/obj/uipbuf.o
                0x000000000000dd8c                uipbuf_set_len
 .any.text.uipbuf_set_len_field
                0x000000000000dd9e        0xe build/z1/obj/uipbuf.o
                0x000000000000dd9e                uipbuf_set_len_field
 .any.text.uipbuf_get_len_field