Archive member included because of file (symbol)

/home/sebjink/msp430/lib/gcc/msp430/4.7.0/mmpy-16/libgcc.a(_mulsi3.o)
                              build/sky/obj/cfs-coffee.o (__mulsi3)
/home/sebjink/msp430/lib/gcc/msp430/4.7.0/mmpy-16/libgcc.a(_udivmod16.o)
                              build/sky/obj/cfs-coffee.o (__udivhi3)
/home/sebjink/msp430/lib/gcc/msp430/4.7.0/mmpy-16/libgcc.a(_divmod16.o)
                              build/sky/obj/link-stats.o (__divhi3)
/home/sebjink/msp430/lib/gcc/msp430/4.7.0/mmpy-16/libgcc.a(_udivmod32.o)
                              build/sky/obj/ifft.o (__udivsi3)
/home/sebjink/msp430/lib/gcc/msp430/4.7.0/mmpy-16/libgcc.a(_divmod32.o)
                              build/sky/obj/cfs-coffee.o (__divsi3)
/home/sebjink/msp430/lib/gcc/msp430/4.7.0/../../../../msp430/lib/mmpy-16/libc.a(printf.o)
                              build/sky/obj/ascon/ascon.o (printf)
/home/sebjink/msp430/lib/gcc/msp430/4.7.0/../../../../msp430/lib/mmpy-16/libc.a(sprintf.o)
                              build/sky/obj/log.o (snprintf)
/home/sebjink/msp430/lib/gcc/msp430/4.7.0/../../../../msp430/lib/mmpy-16/libc.a(vuprintf.o)
                              /home/sebjink/msp430/lib/gcc/msp430/4.7.0/../../../../msp430/lib/mmpy-16/libc.a(printf.o) (vuprintf)
/home/sebjink/msp430/lib/gcc/msp430/4.7.0/../../../../msp430/lib/mmpy-16/libc.a(puts.o)
                              build/sky/obj/assert.o (puts)
/home/sebjink/msp430/lib/gcc/msp430/4.7.0/../../../../msp430/lib/mmpy-16/libc.a(rand.o)
                              build/sky/obj/random.o (rand)
/home/sebjink/msp430/lib/gcc/msp430/4.7.0/../../../../msp430/lib/mmpy-16/libc.a(strcmp.o)
                              build/sky/obj/cfs-coffee.o (strcmp)
/home/sebjink/msp430/lib/gcc/msp430/4.7.0/../../../../msp430/lib/mmpy-16/libc.a(strncmp.o)
                              build/sky/obj/sensors.o (strncmp)
/home/sebjink/msp430/lib/gcc/msp430/4.7.0/../../../../msp430/lib/mmpy-16/libc.a(memcmp.o)
                              build/sky/obj/ip64-addr.o (memcmp)
/home/sebjink/msp430/lib/gcc/msp430/4.7.0/../../../../msp430/lib/mmpy-16/libc.a(strncpy.o)
                              build/sky/obj/cfs-coffee.o (strncpy)
/home/sebjink/msp430/lib/gcc/msp430/4.7.0/../../../../msp430/lib/mmpy-16/libc.a(memcpy.o)
                              build/sky/obj/aes-128.o (memcpy)
/home/sebjink/msp430/lib/gcc/msp430/4.7.0/../../../../msp430/lib/mmpy-16/libc.a(memmove.o)
                              build/sky/obj/cbor.o (memmove)
/home/sebjink/msp430/lib/gcc/msp430/4.7.0/../../../../msp430/lib/mmpy-16/libc.a(memset.o)
                              build/sky/obj/cfs-coffee.o (memset)
/home/sebjink/msp430/lib/gcc/msp430/4.7.0/mmpy-16/libgcc.a(_udivmod64.o)
                              /home/sebjink/msp430/lib/gcc/msp430/4.7.0/../../../../msp430/lib/mmpy-16/libc.a(vuprintf.o) (__udivdi3)
/home/sebjink/msp430/lib/gcc/msp430/4.7.0/mmpy-16/libcrt0.a(_reset_vector__.o)
                              (_reset_vector__)
/home/sebjink/msp430/lib/gcc/msp430/4.7.0/mmpy-16/libcrt0.a(__watchdog_support.o)
                              /home/sebjink/msp430/lib/gcc/msp430/4.7.0/mmpy-16/libcrt0.a(_reset_vector__.o) (__watchdog_support)
/home/sebjink/msp430/lib/gcc/msp430/4.7.0/mmpy-16/libcrt0.a(__init_stack.o)
                              /home/sebjink/msp430/lib/gcc/msp430/4.7.0/mmpy-16/libcrt0.a(_reset_vector__.o) (__init_stack)
/home/sebjink/msp430/lib/gcc/msp430/4.7.0/mmpy-16/libcrt0.a(__low_level_init.o)
                              /home/sebjink/msp430/lib/gcc/msp430/4.7.0/mmpy-16/libcrt0.a(_reset_vector__.o) (__low_level_init)
/home/sebjink/msp430/lib/gcc/msp430/4.7.0/mmpy-16/libcrt0.a(_copy_data.o)
                              /home/sebjink/msp430/lib/gcc/msp430/4.7.0/mmpy-16/libcrt0.a(_reset_vector__.o) (__do_copy_data)
/home/sebjink/msp430/lib/gcc/msp430/4.7.0/mmpy-16/libcrt0.a(_clear_bss.o)
                              /home/sebjink/msp430/lib/gcc/msp430/4.7.0/mmpy-16/libcrt0.a(_reset_vector__.o) (__do_clear_bss)
/home/sebjink/msp430/lib/gcc/msp430/4.7.0/mmpy-16/libcrt0.a(__stop_progExec__.o)
                              /home/sebjink/msp430/lib/gcc/msp430/4.7.0/mmpy-16/libcrt0.a(_reset_vector__.o) (__stop_progExec__)
/home/sebjink/msp430/lib/gcc/msp430/4.7.0/mmpy-16/libcrt0.a(_endless_loop__.o)
                              /home/sebjink/msp430/lib/gcc/msp430/4.7.0/mmpy-16/libcrt0.a(_reset_vector__.o) (_endless_loop__)
/home/sebjink/msp430/lib/gcc/msp430/4.7.0/mmpy-16/libcrt0.a(_unexpected_.o)
                              /home/sebjink/msp430/lib/gcc/msp430/4.7.0/mmpy-16/crt0ivtbl16.o (_unexpected_)

Allocating common symbols
Common symbol       size              file

compower_idle_activity
                    0x10              build/sky/obj/compower.o
uip_ds6_timer_ra    0x8               build/sky/obj/uip-ds6.o
cc2420_last_rssi    0x1               build/sky/obj/cc2420.o
uip_ds6_if          0x108             build/sky/obj/uip-ds6.o
uip_ds6_netif_addr_list_offset
[...]
Memory Configuration

Name             Origin             Length             Attributes
sfr              0x0000000000000000 0x0000000000000010
peripheral_8bit  0x0000000000000010 0x00000000000000f0
peripheral_16bit 0x0000000000000100 0x0000000000000100
ram_mirror       0x0000000000000200 0x0000000000000800 xw
infomem          0x0000000000001000 0x0000000000000100
infob            0x0000000000001000 0x0000000000000080
infoa            0x0000000000001080 0x0000000000000080
ram              0x0000000000001100 0x0000000000002800 xw
rom              0x0000000000004000 0x000000000000bfe0 xr
vectors          0x000000000000ffe0 0x0000000000000020
bsl              0x0000000000000000 0x0000000000000000
infoc            0x0000000000000000 0x0000000000000000
infod            0x0000000000000000 0x0000000000000000
ram2             0x0000000000000000 0x0000000000000000 xw
signature        0x0000000000000000 0x0000000000000000
usbram           0x0000000000000000 0x0000000000000000 xw
far_rom          0x0000000000000000 0x0000000000000000
*default*        0x0000000000000000 0xffffffffffffffff

Linker script and memory map

LOAD /home/sebjink/msp430/lib/gcc/msp430/4.7.0/mmpy-16/crt0ivtbl16.o
                0x0000000000002e1a                _stack = _end
LOAD build/sky/obj/aes-128.o
LOAD build/sky/obj/anti-replay.o
LOAD build/sky/obj/ascon/ascon.o
LOAD build/sky/obj/assert.o
LOAD build/sky/obj/atomic.o
LOAD build/sky/obj/autostart.o
LOAD build/sky/obj/battery-sensor.o
LOAD build/sky/obj/button-hal.o
LOAD build/sky/obj/button-sensor.o
LOAD build/sky/obj/cbor.o
LOAD build/sky/obj/cc2420-arch-sfd.o
LOAD build/sky/obj/cc2420-arch.o
LOAD build/sky/obj/cc2420-tsch-15ms.o
LOAD build/sky/obj/cc2420.o
LOAD build/sky/obj/ccm-star-packetbuf.o
LOAD build/sky/obj/ccm-star.o
LOAD build/sky/obj/cfs-coffee.o
LOAD build/sky/obj/circular-list.o
LOAD build/sky/obj/clock.o
LOAD build/sky/obj/compower.o
LOAD build/sky/obj/contiki-main.o
LOAD build/sky/obj/crc16.o
LOAD build/sky/obj/csma-output.o
LOAD build/sky/obj/csma-security.o
LOAD build/sky/obj/csma.o
LOAD build/sky/obj/csprng.o
LOAD build/sky/obj/ctimer.o
LOAD build/sky/obj/dbl-circ-list.o
LOAD build/sky/obj/dbl-list.o
LOAD build/sky/obj/ds2411.o
LOAD build/sky/obj/energest.o
LOAD build/sky/obj/etimer.o
LOAD build/sky/obj/flash.o
LOAD build/sky/obj/frame802154.o
LOAD build/sky/obj/frame802154e-ie.o
LOAD build/sky/obj/framer-802154.o
LOAD build/sky/obj/gpio-hal.o
LOAD build/sky/obj/heapmem.o
LOAD build/sky/obj/hexconv.o
LOAD build/sky/obj/ifft.o
LOAD build/sky/obj/int-master.o
LOAD build/sky/obj/ip64-addr.o
LOAD build/sky/obj/iq-seeder.o
LOAD build/sky/obj/leds-arch.o
LOAD build/sky/obj/leds.o
LOAD build/sky/obj/light-sensor.o
LOAD build/sky/obj/link-stats.o
LOAD build/sky/obj/linkaddr.o
LOAD build/sky/obj/list.o
LOAD build/sky/obj/log.o
LOAD build/sky/obj/lpm.o
LOAD build/sky/obj/mac-sequence.o
LOAD build/sky/obj/memb.o
LOAD build/sky/obj/msp430.o
LOAD build/sky/obj/mutex.o
LOAD build/sky/obj/my_crypto_test.o
LOAD build/sky/obj/nbr-table.o
LOAD build/sky/obj/net-debug.o
LOAD build/sky/obj/netstack.o
LOAD build/sky/obj/node-id.o
LOAD build/sky/obj/nullframer.o
LOAD build/sky/obj/nullradio.o
LOAD build/sky/obj/packetbuf.o
LOAD build/sky/obj/platform.o
LOAD build/sky/obj/present/present.o
LOAD build/sky/obj/process.o
LOAD build/sky/obj/psock.o
LOAD build/sky/obj/queuebuf.o
LOAD build/sky/obj/random.o
LOAD build/sky/obj/ringbuf.o
LOAD build/sky/obj/ringbufindex.o
LOAD build/sky/obj/rpl-dag-root.o
LOAD build/sky/obj/rpl-dag.o
LOAD build/sky/obj/rpl-ext-header.o
LOAD build/sky/obj/rpl-icmp6.o
LOAD build/sky/obj/rpl-mrhof.o
LOAD build/sky/obj/rpl-nbr-policy.o
LOAD build/sky/obj/rpl-neighbor.o
LOAD build/sky/obj/rpl-of0.o
LOAD build/sky/obj/rpl-timers.o
LOAD build/sky/obj/rpl.o
LOAD build/sky/obj/rtimer-arch.o
LOAD build/sky/obj/rtimer.o
LOAD build/sky/obj/sensors.o
LOAD build/sky/obj/serial-line.o
LOAD build/sky/obj/sha-256.o
LOAD build/sky/obj/sht11-sensor.o
LOAD build/sky/obj/sht11.o
LOAD build/sky/obj/sicslowpan.o
LOAD build/sky/obj/simple-udp.o
LOAD build/sky/obj/sky-sensors.o
LOAD build/sky/obj/slip.o
LOAD build/sky/obj/slip_uart1.o
LOAD build/sky/obj/speck/speck.o
LOAD build/sky/obj/spi-legacy.o
LOAD build/sky/obj/spi.o
LOAD build/sky/obj/stack-check.o
LOAD build/sky/obj/stimer.o
LOAD build/sky/obj/tcp-socket.o
LOAD build/sky/obj/tcpip.o
LOAD build/sky/obj/timer.o
LOAD build/sky/obj/tinyaes/aes.o
LOAD build/sky/obj/trickle-timer.o
LOAD build/sky/obj/uart-putchar.o
LOAD build/sky/obj/uart1.o
LOAD build/sky/obj/udp-socket.o
LOAD build/sky/obj/uip-ds6-nbr.o
LOAD build/sky/obj/uip-ds6-route.o
LOAD build/sky/obj/uip-ds6.o
LOAD build/sky/obj/uip-icmp6.o
LOAD build/sky/obj/uip-ipchksum.o
LOAD build/sky/obj/uip-nameserver.o
LOAD build/sky/obj/uip-nd6.o
LOAD build/sky/obj/uip-packetqueue.o
LOAD build/sky/obj/uip-sr.o
LOAD build/sky/obj/uip-udp-packet.o
LOAD build/sky/obj/uip6.o
LOAD build/sky/obj/uipbuf.o
LOAD build/sky/obj/uiplib.o
LOAD build/sky/obj/watchdog.o
LOAD build/sky/obj/xmem.o
LOAD /home/sebjink/msp430/lib/gcc/msp430/4.7.0/mmpy-16/libgcc.a
LOAD /home/sebjink/msp430/lib/gcc/msp430/4.7.0/../../../../msp430/lib/mmpy-16/libc.a
LOAD /home/sebjink/msp430/lib/gcc/msp430/4.7.0/mmpy-16/libgcc.a
LOAD /home/sebjink/msp430/lib/gcc/msp430/4.7.0/mmpy-16/libcrt0.a
                0x0000000000000080                PROVIDE (__info_segment_size, 0x80)
                0x0000000000001000                PROVIDE (__infob, 0x1000)
                0x0000000000001080                PROVIDE (__infoa, 0x1080)
                0x0000000000000000                __IE1 = 0x0
                0x0000000000000002                __IFG1 = 0x2
                0x0000000000000004                __ME1 = 0x4
                0x0000000000000001                __IE2 = 0x1
                0x0000000000000003                __IFG2 = 0x3
                0x0000000000000005                __ME2 = 0x5
                0x0000000000000120                __WDTCTL = 0x120
                0x0000000000000130                __MPY = 0x130
                0x0000000000000132                __MPYS = 0x132
                0x0000000000000134                __MAC = 0x134
                0x0000000000000136                __MACS = 0x136
                0x0000000000000138                __OP2 = 0x138
                0x000000000000013a                __RESLO = 0x13a
                0x000000000000013c                __RESHI = 0x13c
                0x000000000000013e                __SUMEXT = 0x13e
                0x0000000000000020                __P1IN = 0x20
                0x0000000000000021                __P1OUT = 0x21
                0x0000000000000022                __P1DIR = 0x22
                0x0000000000000023                __P1IFG = 0x23
                0x0000000000000024                __P1IES = 0x24
                0x0000000000000025                __P1IE = 0x25
                0x0000000000000026                __P1SEL = 0x26
                0x0000000000000028                __P2IN = 0x28
                0x0000000000000029                __P2OUT = 0x29
                0x000000000000002a                __P2DIR = 0x2a
                0x000000000000002b                __P2IFG = 0x2b
                0x000000000000002c                __P2IES = 0x2c
                0x000000000000002d                __P2IE = 0x2d
                0x000000000000002e                __P2SEL = 0x2e
                0x0000000000000018                __P3IN = 0x18
                0x0000000000000019                __P3OUT = 0x19
                0x000000000000001a                __P3DIR = 0x1a
                0x000000000000001b                __P3SEL = 0x1b
                0x000000000000001c                __P4IN = 0x1c
                0x000000000000001d                __P4OUT = 0x1d
                0x000000000000001e                __P4DIR = 0x1e
                0x000000000000001f                __P4SEL = 0x1f
                0x0000000000000030                __P5IN = 0x30
                0x0000000000000031                __P5OUT = 0x31
                0x0000000000000032                __P5DIR = 0x32
                0x0000000000000033                __P5SEL = 0x33
                0x0000000000000034                __P6IN = 0x34
                0x0000000000000035                __P6OUT = 0x35
                0x0000000000000036                __P6DIR = 0x36
                0x0000000000000037                __P6SEL = 0x37
                0x0000000000000070                __U0CTL = 0x70
                0x0000000000000071                __U0TCTL = 0x71
                0x0000000000000072                __U0RCTL = 0x72
                0x0000000000000073                __U0MCTL = 0x73
                0x0000000000000074                __U0BR0 = 0x74
                0x0000000000000075                __U0BR1 = 0x75
                0x0000000000000076                __U0RXBUF = 0x76
                0x0000000000000077                __U0TXBUF = 0x77
                0x0000000000000078                __U1CTL = 0x78
                0x0000000000000079                __U1TCTL = 0x79
                0x000000000000007a                __U1RCTL = 0x7a
                0x000000000000007b                __U1MCTL = 0x7b
                0x000000000000007c                __U1BR0 = 0x7c
                0x000000000000007d                __U1BR1 = 0x7d
                0x000000000000007e                __U1RXBUF = 0x7e
                0x000000000000007f                __U1TXBUF = 0x7f
                0x0000000000000050                __I2CIE = 0x50
                0x0000000000000051                __I2CIFG = 0x51
                0x0000000000000052                __I2CNDAT = 0x52
                0x0000000000000071                __I2CTCTL = 0x71
                0x0000000000000072                __I2CDCTL = 0x72
                0x0000000000000073                __I2CPSC = 0x73
                0x0000000000000074                __I2CSCLH = 0x74
                0x0000000000000075                __I2CSCLL = 0x75
                0x0000000000000076                __I2CDRB = 0x76
                0x0000000000000076                __I2CDRW = 0x76
                0x0000000000000118                __I2COA = 0x118
                0x000000000000011a                __I2CSA = 0x11a
                0x000000000000011c                __I2CIV = 0x11c
                0x000000000000012e                __TAIV = 0x12e
                0x0000000000000160                __TACTL = 0x160
                0x0000000000000162                __TACCTL0 = 0x162
                0x0000000000000164                __TACCTL1 = 0x164
                0x0000000000000166                __TACCTL2 = 0x166
                0x0000000000000170                __TAR = 0x170
                0x0000000000000172                __TACCR0 = 0x172
                0x0000000000000174                __TACCR1 = 0x174
                0x0000000000000176                __TACCR2 = 0x176
                0x000000000000011e                __TBIV = 0x11e
                0x0000000000000180                __TBCTL = 0x180
                0x0000000000000182                __TBCCTL0 = 0x182
                0x0000000000000184                __TBCCTL1 = 0x184
                0x0000000000000186                __TBCCTL2 = 0x186
                0x0000000000000188                __TBCCTL3 = 0x188
                0x000000000000018a                __TBCCTL4 = 0x18a
                0x000000000000018c                __TBCCTL5 = 0x18c
                0x000000000000018e                __TBCCTL6 = 0x18e
                0x0000000000000190                __TBR = 0x190
                0x0000000000000192                __TBCCR0 = 0x192
                0x0000000000000194                __TBCCR1 = 0x194
                0x0000000000000196                __TBCCR2 = 0x196
                0x0000000000000198                __TBCCR3 = 0x198
                0x000000000000019a                __TBCCR4 = 0x19a
                0x000000000000019c                __TBCCR5 = 0x19c
                0x000000000000019e                __TBCCR6 = 0x19e
                0x0000000000000056                __DCOCTL = 0x56
                0x0000000000000057                __BCSCTL1 = 0x57
                0x0000000000000058                __BCSCTL2 = 0x58
                0x0000000000000055                __SVSCTL = 0x55
                0x0000000000000128                __FCTL1 = 0x128
                0x000000000000012a                __FCTL2 = 0x12a
                0x000000000000012c                __FCTL3 = 0x12c
                0x0000000000000059                __CACTL1 = 0x59
                0x000000000000005a                __CACTL2 = 0x5a
                0x000000000000005b                __CAPD = 0x5b
                0x00000000000001a0                __ADC12CTL0 = 0x1a0
                0x00000000000001a2                __ADC12CTL1 = 0x1a2
                0x00000000000001a4                __ADC12IFG = 0x1a4
                0x00000000000001a6                __ADC12IE = 0x1a6
                0x00000000000001a8                __ADC12IV = 0x1a8
                0x0000000000000140                __ADC12MEM0 = 0x140
                0x0000000000000142                __ADC12MEM1 = 0x142
                0x0000000000000144                __ADC12MEM2 = 0x144
                0x0000000000000146                __ADC12MEM3 = 0x146
                0x0000000000000148                __ADC12MEM4 = 0x148
                0x000000000000014a                __ADC12MEM5 = 0x14a
                0x000000000000014c                __ADC12MEM6 = 0x14c
                0x000000000000014e                __ADC12MEM7 = 0x14e
                0x0000000000000150                __ADC12MEM8 = 0x150
                0x0000000000000152                __ADC12MEM9 = 0x152
                0x0000000000000154                __ADC12MEM10 = 0x154
                0x0000000000000156                __ADC12MEM11 = 0x156
                0x0000000000000158                __ADC12MEM12 = 0x158
                0x000000000000015a                __ADC12MEM13 = 0x15a
                0x000000000000015c                __ADC12MEM14 = 0x15c
                0x000000000000015e                __ADC12MEM15 = 0x15e
                0x0000000000000080                __ADC12MCTL0 = 0x80
                0x0000000000000081                __ADC12MCTL1 = 0x81
                0x0000000000000082                __ADC12MCTL2 = 0x82
                0x0000000000000083                __ADC12MCTL3 = 0x83
                0x0000000000000084                __ADC12MCTL4 = 0x84
                0x0000000000000085                __ADC12MCTL5 = 0x85
                0x0000000000000086                __ADC12MCTL6 = 0x86
                0x0000000000000087                __ADC12MCTL7 = 0x87
                0x0000000000000088                __ADC12MCTL8 = 0x88
                0x0000000000000089                __ADC12MCTL9 = 0x89
                0x000000000000008a                __ADC12MCTL10 = 0x8a
                0x000000000000008b                __ADC12MCTL11 = 0x8b
                0x000000000000008c                __ADC12MCTL12 = 0x8c
                0x000000000000008d                __ADC12MCTL13 = 0x8d
                0x000000000000008e                __ADC12MCTL14 = 0x8e
                0x000000000000008f                __ADC12MCTL15 = 0x8f
                0x00000000000001c0                __DAC12_0CTL = 0x1c0
                0x00000000000001c2                __DAC12_1CTL = 0x1c2
                0x00000000000001c8                __DAC12_0DAT = 0x1c8
                0x00000000000001ca                __DAC12_1DAT = 0x1ca
                0x0000000000000122                __DMACTL0 = 0x122
                0x0000000000000124                __DMACTL1 = 0x124
                0x00000000000001e0                __DMA0CTL = 0x1e0
                0x00000000000001e8                __DMA1CTL = 0x1e8
                0x00000000000001f0                __DMA2CTL = 0x1f0
                0x00000000000001e2                __DMA0SA = 0x1e2
                0x00000000000001e4                __DMA0DA = 0x1e4
                0x00000000000001e6                __DMA0SZ = 0x1e6
                0x00000000000001ea                __DMA1SA = 0x1ea
                0x00000000000001ec                __DMA1DA = 0x1ec
                0x00000000000001ee                __DMA1SZ = 0x1ee
                0x00000000000001f2                __DMA2SA = 0x1f2
                0x00000000000001f4                __DMA2DA = 0x1f4
                0x00000000000001f6                __DMA2SZ = 0x1f6

.hash
 *(SORT(.hash))

.dynsym
 *(SORT(.dynsym))

.dynstr
 *(SORT(.dynstr))

.gnu.version
 *(SORT(.gnu.version))

.gnu.version_d
 *(SORT(.gnu.version_d))

.gnu.version_r
 *(SORT(.gnu.version_r))

.rel.init
 *(SORT(.rel.init))

.rela.init
 *(SORT(.rela.init))

.rel.fini
 *(SORT(.rel.fini))

.rela.fini
 *(SORT(.rela.fini))

.rel.text
 *(SORT(.rel.text) SORT(.rel.text.*) SORT(.rel.gnu.linkonce.t.*))

.rela.text
 *(SORT(.rela.text) SORT(.rela.text.*) SORT(.rela.gnu.linkonce.t.*))

.rel.rodata
 *(SORT(.rel.rodata) SORT(.rel.rodata.*) SORT(.rel.gnu.linkonce.r.*))

.rela.rodata
 *(SORT(.rela.rodata) SORT(.rela.rodata.*) SORT(.rela.gnu.linkonce.r.*))

.rel.data
 *(SORT(.rel.data) SORT(.rel.data.*) SORT(.rel.gnu.linkonce.d.*))

.rela.data
 *(SORT(.rela.data) SORT(.rela.data.*) SORT(.rela.gnu.linkonce.d.*))

.rel.bss
 *(SORT(.rel.bss) SORT(.rel.bss.*) SORT(.rel.gnu.linkonce.b.*))

.rela.bss
 *(SORT(.rela.bss) SORT(.rela.bss.*) SORT(.rela.gnu.linkonce.b.*))

.rel.ctors
 *(SORT(.rel.ctors))

.rela.ctors
 *(SORT(.rela.ctors))

.rel.dtors
 *(SORT(.rel.dtors))

.rela.dtors
 *(SORT(.rela.dtors))

.rel.got
 *(SORT(.rel.got))

.rela.got
 *(SORT(.rela.got))

.rel.plt
 *(SORT(.rel.plt))

.rela.plt
 *(SORT(.rela.plt))

.text           0x0000000000004000     0xb814
                0x0000000000004000                . = ALIGN (0x2)
 *(SORT(.init) SORT(.init.*))
 *(SORT(.init0))
 .init0         0x0000000000004000        0x0 /home/sebjink/msp430/lib/gcc/msp430/4.7.0/mmpy-16/libcrt0.a(_reset_vector__.o)
                0x0000000000004000                _reset_vector__
 *(SORT(.init1))
 .init1         0x0000000000004000        0xc /home/sebjink/msp430/lib/gcc/msp430/4.7.0/mmpy-16/libcrt0.a(__watchdog_support.o)
                0x0000000000004000                __watchdog_support
 *(SORT(.init2))
 .init2         0x000000000000400c        0x4 /home/sebjink/msp430/lib/gcc/msp430/4.7.0/mmpy-16/libcrt0.a(__init_stack.o)
                0x000000000000400c                __init_stack
 *(SORT(.init3))
 .init3         0x0000000000004010        0x0 /home/sebjink/msp430/lib/gcc/msp430/4.7.0/mmpy-16/libcrt0.a(__low_level_init.o)
                0x0000000000004010                __low_level_init
 *(SORT(.init4))
 .init4         0x0000000000004010       0x18 /home/sebjink/msp430/lib/gcc/msp430/4.7.0/mmpy-16/libcrt0.a(_copy_data.o)
                0x0000000000004010                __do_copy_data
 .init4         0x0000000000004028       0x16 /home/sebjink/msp430/lib/gcc/msp430/4.7.0/mmpy-16/libcrt0.a(_clear_bss.o)
                0x0000000000004028                __do_clear_bss
 *(SORT(.init5))
 *(SORT(.init6))
 *(SORT(.init7))
 *(SORT(.init8))
 *(SORT(.init9))
 .init9         0x000000000000403e      0x238 build/sky/obj/contiki-main.o
                0x000000000000403e                main
 *(SORT(.fini9))
 .fini9         0x0000000000004276        0x0 /home/sebjink/msp430/lib/gcc/msp430/4.7.0/mmpy-16/libcrt0.a(__stop_progExec__.o)
                0x0000000000004276                __stop_progExec__
 *(SORT(.fini8))
 *(SORT(.fini7))
 *(SORT(.fini6))
 *(SORT(.fini5))
 *(SORT(.fini4))
 *(SORT(.fini3))
 *(SORT(.fini2))
 *(SORT(.fini1))
 *(SORT(.fini0))
 .fini0         0x0000000000004276        0x6 /home/sebjink/msp430/lib/gcc/msp430/4.7.0/mmpy-16/libcrt0.a(_endless_loop__.o)
                0x0000000000004276                _endless_loop__
 *(SORT(.fini) SORT(.fini.*))
                0x000000000000427c                . = ALIGN (0x2)
                0x000000000000427c                __ctors_start = .
 *(SORT(.ctors))
                0x000000000000427c                __ctors_end = .
                0x000000000000427c                __dtors_start = .
 *(SORT(.dtors))
                0x000000000000427c                __dtors_end = .
                0x000000000000427c                . = ALIGN (0x2)
 *(SORT(.text) SORT(.text.*) SORT(.gnu.linkonce.t.*))
 .text          0x000000000000427c        0x4 /home/sebjink/msp430/lib/gcc/msp430/4.7.0/mmpy-16/crt0ivtbl16.o
                0x000000000000427c                __isr_14
                0x000000000000427c                __isr_11
                0x000000000000427c                __isr_2
                0x000000000000427c                __isr_7
                0x000000000000427c                __isr_0
                0x000000000000427c                __isr_8
                0x000000000000427c                __isr_3
                0x000000000000427c                __isr_13
                0x000000000000427c                __isr_9
 .text.ascon_p  0x0000000000004280      0x9c2 build/sky/obj/ascon/ascon.o
                0x0000000000004280                ascon_p
 .text.ascon_initialization
                0x0000000000004c42       0x44 build/sky/obj/ascon/ascon.o
                0x0000000000004c42                ascon_initialization
 .text.ascon_finalization
                0x0000000000004c86       0x72 build/sky/obj/ascon/ascon.o
                0x0000000000004c86                ascon_finalization
 .text.ascon_encrypt
                0x0000000000004cf8       0xd0 build/sky/obj/ascon/ascon.o
                0x0000000000004cf8                ascon_encrypt
 .text.autostart_start
                0x0000000000004dc8       0x16 build/sky/obj/autostart.o
                0x0000000000004dc8                autostart_start
 .text.status   0x0000000000004dde       0x18 build/sky/obj/button-sensor.o
 .text.value    0x0000000000004df6       0x1a build/sky/obj/button-sensor.o
 .text.configure
                0x0000000000004e10       0x4c build/sky/obj/button-sensor.o
 .text.irq_p2   0x0000000000004e5c       0x46 build/sky/obj/button-sensor.o
                0x0000000000004e5c                irq_p2
                0x0000000000004e5c                __isr_1
 .text.cc2420_timerb1_interrupt
                0x0000000000004ea2       0x26 build/sky/obj/cc2420-arch-sfd.o
                0x0000000000004ea2                cc2420_timerb1_interrupt
                0x0000000000004ea2                __isr_12
 .text.cc2420_port1_interrupt
                0x0000000000004ec8       0x20 build/sky/obj/cc2420-arch.o
                0x0000000000004ec8                __isr_4
                0x0000000000004ec8                cc2420_port1_interrupt
 .text.cc2420_arch_init
                0x0000000000004ee8       0x1a build/sky/obj/cc2420-arch.o
                0x0000000000004ee8                cc2420_arch_init
 .text.get_object
                0x0000000000004f02        0x4 build/sky/obj/cc2420.o
 .text.set_object
                0x0000000000004f06        0x4 build/sky/obj/cc2420.o
 .text.strobe   0x0000000000004f0a       0x1c build/sky/obj/cc2420.o
 .text.getreg   0x0000000000004f26       0x4c build/sky/obj/cc2420.o
 .text.setreg   0x0000000000004f72       0x4c build/sky/obj/cc2420.o
 .text.write_ram
                0x0000000000004fbe       0x7c build/sky/obj/cc2420.o
 .text.write_fifo_buf
                0x000000000000503a       0x3c build/sky/obj/cc2420.o
 .text.get_status
                0x0000000000005076       0x20 build/sky/obj/cc2420.o
 .text.on       0x0000000000005096       0x1a build/sky/obj/cc2420.o
 .text.cc2420_receiving_packet
                0x00000000000050b0        0xc build/sky/obj/cc2420.o
 .text.pending_packet
                0x00000000000050bc        0x8 build/sky/obj/cc2420.o
 .text.wait_for_transmission
                0x00000000000050c4       0x22 build/sky/obj/cc2420.o
 .text.wait_for_status
                0x00000000000050e6       0x28 build/sky/obj/cc2420.o
 .text.getrxdata
                0x000000000000510e       0x50 build/sky/obj/cc2420.o
 .text.flushrx  0x000000000000515e       0x1a build/sky/obj/cc2420.o
 .text.off      0x0000000000005178       0x28 build/sky/obj/cc2420.o
 .text.RELEASE_LOCK
                0x00000000000051a0       0x28 build/sky/obj/cc2420.o
 .text.set_key  0x00000000000051c8       0x18 build/sky/obj/cc2420.o
 .text.set_frame_filtering
                0x00000000000051e0       0x30 build/sky/obj/cc2420.o
 .text.set_auto_ack
                0x0000000000005210       0x30 build/sky/obj/cc2420.o
 .text.set_poll_mode
                0x0000000000005240       0x2c build/sky/obj/cc2420.o
 .text.cc2420_prepare
                0x000000000000526c       0x46 build/sky/obj/cc2420.o
 .text.cc2420_on
                0x00000000000052b2       0x22 build/sky/obj/cc2420.o
                0x00000000000052b2                cc2420_on
 .text.cc2420_transmit
                0x00000000000052d4       0x66 build/sky/obj/cc2420.o
 .text.cc2420_send
                0x000000000000533a       0x12 build/sky/obj/cc2420.o
 .text.cc2420_off
                0x000000000000534c       0x30 build/sky/obj/cc2420.o
                0x000000000000534c                cc2420_off
 .text.cc2420_cca
                0x000000000000537c       0x68 build/sky/obj/cc2420.o
 .text.cc2420_read
                0x00000000000053e4       0xbe build/sky/obj/cc2420.o
 .text.process_thread_cc2420_process
                0x00000000000054a2       0x56 build/sky/obj/cc2420.o
 .text.encrypt  0x00000000000054f8       0x88 build/sky/obj/cc2420.o
 .text.cc2420_set_channel
                0x0000000000005580       0x3c build/sky/obj/cc2420.o
                0x0000000000005580                cc2420_set_channel
 .text.cc2420_set_pan_addr
                0x00000000000055bc       0x4c build/sky/obj/cc2420.o
                0x00000000000055bc                cc2420_set_pan_addr
 .text.cc2420_interrupt
                0x0000000000005608       0x16 build/sky/obj/cc2420.o
                0x0000000000005608                cc2420_interrupt
 .text.cc2420_set_txpower
                0x000000000000561e       0x2c build/sky/obj/cc2420.o
                0x000000000000561e                cc2420_set_txpower
 .text.cc2420_get_txpower
                0x000000000000564a       0x1e build/sky/obj/cc2420.o
                0x000000000000564a                cc2420_get_txpower
 .text.cc2420_rssi
                0x0000000000005668       0x4c build/sky/obj/cc2420.o
                0x0000000000005668                cc2420_rssi
 .text.get_value
                0x00000000000056b4      0x11e build/sky/obj/cc2420.o
 .text.cc2420_set_cca_threshold
                0x00000000000057d2       0x16 build/sky/obj/cc2420.o
                0x00000000000057d2                cc2420_set_cca_threshold
 .text.set_value
                0x00000000000057e8      0x150 build/sky/obj/cc2420.o
 .text.cc2420_init
                0x0000000000005938       0xea build/sky/obj/cc2420.o
                0x0000000000005938                cc2420_init
 .text.timera1  0x0000000000005a22       0xd8 build/sky/obj/clock.o
                0x0000000000005a22                __isr_5
                0x0000000000005a22                timera1
 .text.clock_time
                0x0000000000005afa       0x1a build/sky/obj/clock.o
                0x0000000000005afa                clock_time
 .text.clock_init
                0x0000000000005b14       0x28 build/sky/obj/clock.o
                0x0000000000005b14                clock_init
 .text.clock_delay
                0x0000000000005b3c        0xc build/sky/obj/clock.o
                0x0000000000005b3c                clock_delay
 .text.clock_seconds
                0x0000000000005b48       0x1a build/sky/obj/clock.o
                0x0000000000005b48                clock_seconds
 .text.schedule_transmission
                0x0000000000005b62       0x74 build/sky/obj/csma-output.o
 .text.tx_done  0x0000000000005bd6       0x98 build/sky/obj/csma-output.o
 .text.transmit_from_queue
                0x0000000000005c6e      0x1bc build/sky/obj/csma-output.o
 .text.csma_output_packet
                0x0000000000005e2a      0x146 build/sky/obj/csma-output.o
                0x0000000000005e2a                csma_output_packet
 .text.csma_output_init
                0x0000000000005f70       0x1a build/sky/obj/csma-output.o
                0x0000000000005f70                csma_output_init
 .text.on       0x0000000000005f8a        0x6 build/sky/obj/csma.o
 .text.off      0x0000000000005f90        0x6 build/sky/obj/csma.o
 .text.max_payload
                0x0000000000005f96       0x38 build/sky/obj/csma.o
 .text.send_packet
                0x0000000000005fce        0x6 build/sky/obj/csma.o
 .text.input_packet
                0x0000000000005fd4       0x58 build/sky/obj/csma.o
 .text.init     0x000000000000602c       0x20 build/sky/obj/csma.o
 .text.process_thread_ctimer_process
                0x000000000000604c       0x9a build/sky/obj/ctimer.o
 .text.ctimer_init
                0x00000000000060e6       0x10 build/sky/obj/ctimer.o
                0x00000000000060e6                ctimer_init
 .text.ctimer_set_with_process
                0x00000000000060f6       0x4e build/sky/obj/ctimer.o
                0x00000000000060f6                ctimer_set_with_process
 .text.ctimer_reset
                0x0000000000006144       0x30 build/sky/obj/ctimer.o
                0x0000000000006144                ctimer_reset
 .text.ctimer_stop
                0x0000000000006174       0x28 build/sky/obj/ctimer.o
                0x0000000000006174                ctimer_stop
 .text.ctimer_expired
                0x000000000000619c       0x20 build/sky/obj/ctimer.o
                0x000000000000619c                ctimer_expired
 .text.owreadb  0x00000000000061bc       0x50 build/sky/obj/ds2411.o
 .text.ds2411_init
                0x000000000000620c      0x120 build/sky/obj/ds2411.o
                0x000000000000620c                ds2411_init
 .text.update_time
                0x000000000000632c       0x78 build/sky/obj/etimer.o
 .text.etimer_request_poll
                0x00000000000063a4        0xa build/sky/obj/etimer.o
                0x00000000000063a4                etimer_request_poll
 .text.process_thread_etimer_process
                0x00000000000063ae       0xcc build/sky/obj/etimer.o
 .text.add_timer
                0x000000000000647a       0x40 build/sky/obj/etimer.o
 .text.etimer_set
                0x00000000000064ba       0x12 build/sky/obj/etimer.o
                0x00000000000064ba                etimer_set
 .text.etimer_reset
                0x00000000000064cc       0x12 build/sky/obj/etimer.o
                0x00000000000064cc                etimer_reset
 .text.etimer_pending
                0x00000000000064de        0xc build/sky/obj/etimer.o
                0x00000000000064de                etimer_pending
 .text.etimer_next_expiration_time
                0x00000000000064ea       0x16 build/sky/obj/etimer.o
                0x00000000000064ea                etimer_next_expiration_time
 .text.etimer_stop
                0x0000000000006500       0x3e build/sky/obj/etimer.o
                0x0000000000006500                etimer_stop
 .text.frame802154_get_pan_id
                0x000000000000653e        0x6 build/sky/obj/frame802154.o
                0x000000000000653e                frame802154_get_pan_id
 .text.frame802154_has_panid
                0x0000000000006544       0xe0 build/sky/obj/frame802154.o
                0x0000000000006544                frame802154_has_panid
 .text.field_len
                0x0000000000006624       0xaa build/sky/obj/frame802154.o
 .text.frame802154_is_broadcast_addr
                0x00000000000066ce       0x28 build/sky/obj/frame802154.o
                0x00000000000066ce                frame802154_is_broadcast_addr
 .text.frame802154_hdrlen
                0x00000000000066f6       0x32 build/sky/obj/frame802154.o
                0x00000000000066f6                frame802154_hdrlen
 .text.frame802154_create_fcf
                0x0000000000006728       0x96 build/sky/obj/frame802154.o
                0x0000000000006728                frame802154_create_fcf
 .text.frame802154_create
                0x00000000000067be       0xd2 build/sky/obj/frame802154.o
                0x00000000000067be                frame802154_create
 .text.frame802154_parse_fcf
                0x0000000000006890       0xbc build/sky/obj/frame802154.o
                0x0000000000006890                frame802154_parse_fcf
 .text.frame802154_parse
                0x000000000000694c      0x168 build/sky/obj/frame802154.o
                0x000000000000694c                frame802154_parse
 .text.parse    0x0000000000006ab4       0xa2 build/sky/obj/framer-802154.o
 .text.framer_802154_setup_params
                0x0000000000006b56       0xb6 build/sky/obj/framer-802154.o
                0x0000000000006b56                framer_802154_setup_params
 .text.create_frame
                0x0000000000006c0c       0xa2 build/sky/obj/framer-802154.o
 .text.create   0x0000000000006cae        0x8 build/sky/obj/framer-802154.o
 .text.hdr_length
                0x0000000000006cb6        0x8 build/sky/obj/framer-802154.o
 .text.leds_arch_init
                0x0000000000006cbe        0xe build/sky/obj/leds-arch.o
                0x0000000000006cbe                leds_arch_init
 .text.leds_arch_get
                0x0000000000006ccc       0x34 build/sky/obj/leds-arch.o
                0x0000000000006ccc                leds_arch_get
 .text.leds_arch_set
                0x0000000000006d00       0x3e build/sky/obj/leds-arch.o
                0x0000000000006d00                leds_arch_set
 .text.leds_init
                0x0000000000006d3e        0x6 build/sky/obj/leds.o
                0x0000000000006d3e                leds_init
 .text.leds_on  0x0000000000006d44       0x12 build/sky/obj/leds.o
                0x0000000000006d44                leds_on
 .text.leds_off
                0x0000000000006d56       0x12 build/sky/obj/leds.o
                0x0000000000006d56                leds_off
 .text.periodic
                0x0000000000006d68       0x28 build/sky/obj/link-stats.o
 .text.link_stats_from_lladdr
                0x0000000000006d90        0xc build/sky/obj/link-stats.o
                0x0000000000006d90                link_stats_from_lladdr
 .text.link_stats_is_fresh
                0x0000000000006d9c       0x30 build/sky/obj/link-stats.o
                0x0000000000006d9c                link_stats_is_fresh
 .text.link_stats_packet_sent
                0x0000000000006dcc       0xf4 build/sky/obj/link-stats.o
                0x0000000000006dcc                link_stats_packet_sent
 .text.link_stats_input_callback
                0x0000000000006ec0      0x106 build/sky/obj/link-stats.o
                0x0000000000006ec0                link_stats_input_callback
 .text.link_stats_reset
                0x0000000000006fc6       0x2a build/sky/obj/link-stats.o
                0x0000000000006fc6                link_stats_reset
 .text.link_stats_init
                0x0000000000006ff0       0x26 build/sky/obj/link-stats.o
                0x0000000000006ff0                link_stats_init
 .text.linkaddr_copy
                0x0000000000007016        0x8 build/sky/obj/linkaddr.o
                0x0000000000007016                linkaddr_copy
 .text.linkaddr_cmp
                0x000000000000701e       0x12 build/sky/obj/linkaddr.o
                0x000000000000701e                linkaddr_cmp
 .text.list_tail
                0x0000000000007030       0x12 build/sky/obj/list.o
                0x0000000000007030                list_tail
 .text.list_remove
                0x0000000000007042       0x34 build/sky/obj/list.o
                0x0000000000007042                list_remove
 .text.list_push
                0x0000000000007076       0x1a build/sky/obj/list.o
                0x0000000000007076                list_push
 .text.list_add
                0x0000000000007090       0x2a build/sky/obj/list.o
                0x0000000000007090                list_add
 .text.list_length
                0x00000000000070ba       0x10 build/sky/obj/list.o
                0x00000000000070ba                list_length
 .text.list_contains
                0x00000000000070ca       0x12 build/sky/obj/list.o
                0x00000000000070ca                list_contains
 .text.log_6addr
                0x00000000000070dc       0x32 build/sky/obj/log.o
                0x00000000000070dc                log_6addr
 .text.log_lladdr
                0x000000000000710e       0x44 build/sky/obj/log.o
                0x000000000000710e                log_lladdr
 .text.mac_sequence_init
                0x0000000000007152        0xa build/sky/obj/mac-sequence.o
                0x0000000000007152                mac_sequence_init
 .text.mac_sequence_set_dsn
                0x000000000000715c       0x18 build/sky/obj/mac-sequence.o
                0x000000000000715c                mac_sequence_set_dsn
 .text.mac_sequence_is_duplicate
                0x0000000000007174       0x84 build/sky/obj/mac-sequence.o
                0x0000000000007174                mac_sequence_is_duplicate
 .text.mac_sequence_register_seqno
                0x00000000000071f8       0x90 build/sky/obj/mac-sequence.o
                0x00000000000071f8                mac_sequence_register_seqno
 .text.memb_init
                0x0000000000007288       0x36 build/sky/obj/memb.o
                0x0000000000007288                memb_init
 .text.memb_alloc
                0x00000000000072be       0x3e build/sky/obj/memb.o
                0x00000000000072be                memb_alloc
 .text.memb_free
                0x00000000000072fc       0x32 build/sky/obj/memb.o
                0x00000000000072fc                memb_free
 .text.memb_inmemb
                0x000000000000732e       0x2a build/sky/obj/memb.o
                0x000000000000732e                memb_inmemb
 .text.memb_numfree
                0x0000000000007358       0x26 build/sky/obj/memb.o
                0x0000000000007358                memb_numfree
 .text.msp430_init_dco
                0x000000000000737e       0x82 build/sky/obj/msp430.o
                0x000000000000737e                msp430_init_dco
 .text.msp430_add_lpm_req
                0x0000000000007400        0xc build/sky/obj/msp430.o
                0x0000000000007400                msp430_add_lpm_req
 .text.msp430_cpu_init
                0x000000000000740c       0x2a build/sky/obj/msp430.o
                0x000000000000740c                msp430_cpu_init
 .text.splhigh_
                0x0000000000007436        0xa build/sky/obj/msp430.o
                0x0000000000007436                splhigh_
 .text.msp430_sync_dco
                0x0000000000007440       0x6c build/sky/obj/msp430.o
                0x0000000000007440                msp430_sync_dco
 .text.process_thread_my_crypto_test_process
                0x00000000000074ac      0x17e build/sky/obj/my_crypto_test.o
 .text.item_from_index
                0x000000000000762a       0x2a build/sky/obj/nbr-table.o
 .text.index_from_key
                0x0000000000007654       0x26 build/sky/obj/nbr-table.o
 .text.index_from_item
                0x000000000000767a       0x1e build/sky/obj/nbr-table.o
 .text.nbr_set_bit
                0x0000000000007698       0x54 build/sky/obj/nbr-table.o
 .text.index_from_lladdr
                0x00000000000076ec       0x38 build/sky/obj/nbr-table.o
 .text.nbr_get_bit.constprop.3
                0x0000000000007724       0x2a build/sky/obj/nbr-table.o
 .text.remove_key
                0x000000000000774e       0x84 build/sky/obj/nbr-table.o
 .text.nbr_table_is_registered
                0x00000000000077d2       0x22 build/sky/obj/nbr-table.o
                0x00000000000077d2                nbr_table_is_registered
 .text.nbr_table_register
                0x00000000000077f4       0x40 build/sky/obj/nbr-table.o
                0x00000000000077f4                nbr_table_register
 .text.nbr_table_next
                0x0000000000007834       0x5a build/sky/obj/nbr-table.o
                0x0000000000007834                nbr_table_next
 .text.nbr_table_head
                0x000000000000788e       0x36 build/sky/obj/nbr-table.o
                0x000000000000788e                nbr_table_head
 .text.nbr_table_get_from_lladdr
                0x00000000000078c4       0x2c build/sky/obj/nbr-table.o
                0x00000000000078c4                nbr_table_get_from_lladdr
 .text.entry_is_allowed.isra.2
                0x00000000000078f0       0x74 build/sky/obj/nbr-table.o
 .text.nbr_table_add_lladdr
                0x0000000000007964       0xc2 build/sky/obj/nbr-table.o
                0x0000000000007964                nbr_table_add_lladdr
 .text.nbr_table_remove
                0x0000000000007a26       0x32 build/sky/obj/nbr-table.o
                0x0000000000007a26                nbr_table_remove
 .text.nbr_table_lock
                0x0000000000007a58       0x10 build/sky/obj/nbr-table.o
                0x0000000000007a58                nbr_table_lock
 .text.nbr_table_unlock
                0x0000000000007a68       0x10 build/sky/obj/nbr-table.o
                0x0000000000007a68                nbr_table_unlock
 .text.nbr_table_get_lladdr
                0x0000000000007a78       0x22 build/sky/obj/nbr-table.o
                0x0000000000007a78                nbr_table_get_lladdr
 .text.netstack_process_ip_callback
                0x0000000000007a9a       0x48 build/sky/obj/netstack.o
                0x0000000000007a9a                netstack_process_ip_callback
 .text.packetbuf_hdrreduce
                0x0000000000007ae2       0x1a build/sky/obj/packetbuf.o
                0x0000000000007ae2                packetbuf_hdrreduce
 .text.packetbuf_set_datalen
                0x0000000000007afc        0x6 build/sky/obj/packetbuf.o
                0x0000000000007afc                packetbuf_set_datalen
 .text.packetbuf_hdrptr
                0x0000000000007b02        0x6 build/sky/obj/packetbuf.o
                0x0000000000007b02                packetbuf_hdrptr
 .text.packetbuf_datalen
                0x0000000000007b08        0x6 build/sky/obj/packetbuf.o
                0x0000000000007b08                packetbuf_datalen
 .text.packetbuf_hdrlen
                0x0000000000007b0e        0xa build/sky/obj/packetbuf.o
                0x0000000000007b0e                packetbuf_hdrlen
 .text.packetbuf_dataptr
                0x0000000000007b18        0xc build/sky/obj/packetbuf.o
                0x0000000000007b18                packetbuf_dataptr
 .text.packetbuf_copyto
                0x0000000000007b24       0x46 build/sky/obj/packetbuf.o
                0x0000000000007b24                packetbuf_copyto
 .text.packetbuf_totlen
                0x0000000000007b6a        0xc build/sky/obj/packetbuf.o
                0x0000000000007b6a                packetbuf_totlen
 .text.packetbuf_hdralloc
                0x0000000000007b76       0x3c build/sky/obj/packetbuf.o
                0x0000000000007b76                packetbuf_hdralloc
 .text.packetbuf_attr_clear
                0x0000000000007bb2       0x28 build/sky/obj/packetbuf.o
                0x0000000000007bb2                packetbuf_attr_clear
 .text.packetbuf_clear
                0x0000000000007bda       0x12 build/sky/obj/packetbuf.o
                0x0000000000007bda                packetbuf_clear
 .text.packetbuf_copyfrom
                0x0000000000007bec       0x2e build/sky/obj/packetbuf.o
                0x0000000000007bec                packetbuf_copyfrom
 .text.packetbuf_attr_copyto
                0x0000000000007c1a       0x22 build/sky/obj/packetbuf.o
                0x0000000000007c1a                packetbuf_attr_copyto
 .text.packetbuf_attr_copyfrom
                0x0000000000007c3c       0x24 build/sky/obj/packetbuf.o
                0x0000000000007c3c                packetbuf_attr_copyfrom
 .text.packetbuf_set_attr
                0x0000000000007c60        0xa build/sky/obj/packetbuf.o
                0x0000000000007c60                packetbuf_set_attr
 .text.packetbuf_attr
                0x0000000000007c6a        0xa build/sky/obj/packetbuf.o
                0x0000000000007c6a                packetbuf_attr
 .text.packetbuf_set_addr
                0x0000000000007c74       0x16 build/sky/obj/packetbuf.o
                0x0000000000007c74                packetbuf_set_addr
 .text.packetbuf_addr
                0x0000000000007c8a       0x12 build/sky/obj/packetbuf.o
                0x0000000000007c8a                packetbuf_addr
 .text.packetbuf_holds_broadcast
                0x0000000000007c9c        0xe build/sky/obj/packetbuf.o
                0x0000000000007c9c                packetbuf_holds_broadcast
 .text.platform_init_stage_one
                0x0000000000007caa       0x12 build/sky/obj/platform.o
                0x0000000000007caa                platform_init_stage_one
 .text.platform_init_stage_two
                0x0000000000007cbc       0x68 build/sky/obj/platform.o
                0x0000000000007cbc                platform_init_stage_two
 .text.platform_init_stage_three
                0x0000000000007d24       0x80 build/sky/obj/platform.o
                0x0000000000007d24                platform_init_stage_three
 .text.platform_idle
                0x0000000000007da4       0x54 build/sky/obj/platform.o
                0x0000000000007da4                platform_idle
 .text.generate_subkeys
                0x0000000000007df8      0x248 build/sky/obj/present/present.o
 .text.present_encrypt
                0x0000000000008040      0x216 build/sky/obj/present/present.o
                0x0000000000008040                present_encrypt
 .text.call_process
                0x0000000000008256       0x46 build/sky/obj/process.o
 .text.exit_process
                0x000000000000829c       0x98 build/sky/obj/process.o
 .text.do_poll  0x0000000000008334       0x30 build/sky/obj/process.o
 .text.process_alloc_event
                0x0000000000008364       0x18 build/sky/obj/process.o
                0x0000000000008364                process_alloc_event
 .text.process_init
                0x000000000000837c        0x8 build/sky/obj/process.o
                0x000000000000837c                process_init
 .text.process_run
                0x0000000000008384       0x8c build/sky/obj/process.o
                0x0000000000008384                process_run
 .text.process_nevents
                0x0000000000008410        0xa build/sky/obj/process.o
                0x0000000000008410                process_nevents
 .text.process_post
                0x000000000000841a       0x42 build/sky/obj/process.o
                0x000000000000841a                process_post
 .text.process_post_synch
                0x000000000000845c       0x12 build/sky/obj/process.o
                0x000000000000845c                process_post_synch
 .text.process_start
                0x000000000000846e       0x36 build/sky/obj/process.o
                0x000000000000846e                process_start
 .text.process_poll
                0x00000000000084a4       0x18 build/sky/obj/process.o
                0x00000000000084a4                process_poll
 .text.queuebuf_init
                0x00000000000084bc       0x12 build/sky/obj/queuebuf.o
                0x00000000000084bc                queuebuf_init
 .text.queuebuf_numfree
                0x00000000000084ce        0xa build/sky/obj/queuebuf.o
                0x00000000000084ce                queuebuf_numfree
 .text.queuebuf_new_from_packetbuf
                0x00000000000084d8       0x52 build/sky/obj/queuebuf.o
                0x00000000000084d8                queuebuf_new_from_packetbuf
 .text.queuebuf_update_attr_from_packetbuf
                0x000000000000852a       0x12 build/sky/obj/queuebuf.o
                0x000000000000852a                queuebuf_update_attr_from_packetbuf
 .text.queuebuf_free
                0x000000000000853c       0x2a build/sky/obj/queuebuf.o
                0x000000000000853c                queuebuf_free
 .text.queuebuf_to_packetbuf
                0x0000000000008566       0x32 build/sky/obj/queuebuf.o
                0x0000000000008566                queuebuf_to_packetbuf
 .text.random_init
                0x0000000000008598        0x6 build/sky/obj/random.o
                0x0000000000008598                random_init
 .text.random_rand
                0x000000000000859e        0x6 build/sky/obj/random.o
                0x000000000000859e                random_rand
 .text.rpl_dag_root_set_prefix
                0x00000000000085a4       0x62 build/sky/obj/rpl-dag-root.o
                0x00000000000085a4                rpl_dag_root_set_prefix
 .text.rpl_dag_root_start
                0x0000000000008606       0x8e build/sky/obj/rpl-dag-root.o
                0x0000000000008606                rpl_dag_root_start
 .text.rpl_dag_root_is_root
                0x0000000000008694       0x14 build/sky/obj/rpl-dag-root.o
                0x0000000000008694                rpl_dag_root_is_root
 .text.init_dag
                0x00000000000086a8       0x84 build/sky/obj/rpl-dag.o
 .text.process_dio_init_dag
                0x000000000000872c       0xb0 build/sky/obj/rpl-dag.o
 .text.rpl_dag_get_root_ipaddr
                0x00000000000087dc       0x1e build/sky/obj/rpl-dag.o
                0x00000000000087dc                rpl_dag_get_root_ipaddr
 .text.rpl_dag_leave
                0x00000000000087fa       0x4a build/sky/obj/rpl-dag.o
                0x00000000000087fa                rpl_dag_leave
 .text.rpl_dag_poison_and_leave
                0x0000000000008844        0xc build/sky/obj/rpl-dag.o
                0x0000000000008844                rpl_dag_poison_and_leave
 .text.rpl_dag_periodic
                0x0000000000008850       0x6a build/sky/obj/rpl-dag.o
                0x0000000000008850                rpl_dag_periodic
 .text.rpl_is_addr_in_our_dag
                0x00000000000088ba       0x34 build/sky/obj/rpl-dag.o
                0x00000000000088ba                rpl_is_addr_in_our_dag
 .text.rpl_local_repair
                0x00000000000088ee       0x2a build/sky/obj/rpl-dag.o
                0x00000000000088ee                rpl_local_repair
 .text.rpl_global_repair
                0x0000000000008918       0x2e build/sky/obj/rpl-dag.o
                0x0000000000008918                rpl_global_repair
 .text.rpl_dag_ready_to_advertise
                0x0000000000008946       0x22 build/sky/obj/rpl-dag.o
                0x0000000000008946                rpl_dag_ready_to_advertise
 .text.rpl_dag_update_state
                0x0000000000008968      0x144 build/sky/obj/rpl-dag.o
                0x0000000000008968                rpl_dag_update_state
 .text.rpl_process_dio
                0x0000000000008aac      0x1b6 build/sky/obj/rpl-dag.o
                0x0000000000008aac                rpl_process_dio
 .text.rpl_process_dis
                0x0000000000008c62       0x2a build/sky/obj/rpl-dag.o
                0x0000000000008c62                rpl_process_dis
 .text.rpl_process_dao
                0x0000000000008c8c       0x6c build/sky/obj/rpl-dag.o
                0x0000000000008c8c                rpl_process_dao
 .text.rpl_process_dao_ack
                0x0000000000008cf8       0x54 build/sky/obj/rpl-dag.o
                0x0000000000008cf8                rpl_process_dao_ack
 .text.rpl_process_hbh
                0x0000000000008d4c       0x2e build/sky/obj/rpl-dag.o
                0x0000000000008d4c                rpl_process_hbh
 .text.rpl_dag_init_root
                0x0000000000008d7a       0xbc build/sky/obj/rpl-dag.o
                0x0000000000008d7a                rpl_dag_init_root
 .text.rpl_dag_init
                0x0000000000008e36       0x10 build/sky/obj/rpl-dag.o
                0x0000000000008e36                rpl_dag_init
 .text.update_hbh_header
                0x0000000000008e46       0x4a build/sky/obj/rpl-ext-header.o
 .text.rpl_ext_header_srh_get_next_hop
                0x0000000000008e90       0x84 build/sky/obj/rpl-ext-header.o
                0x0000000000008e90                rpl_ext_header_srh_get_next_hop
 .text.rpl_ext_header_srh_update
                0x0000000000008f14      0x250 build/sky/obj/rpl-ext-header.o
                0x0000000000008f14                rpl_ext_header_srh_update
 .text.rpl_ext_header_hbh_update
                0x0000000000009164       0xa4 build/sky/obj/rpl-ext-header.o
                0x0000000000009164                rpl_ext_header_hbh_update
 .text.rpl_ext_header_remove
                0x0000000000009208       0xcc build/sky/obj/rpl-ext-header.o
                0x0000000000009208                rpl_ext_header_remove
 .text.rpl_ext_header_update
                0x00000000000092d4      0x2aa build/sky/obj/rpl-ext-header.o
                0x00000000000092d4                rpl_ext_header_update
 .text.get32    0x000000000000957e       0x46 build/sky/obj/rpl-icmp6.o
 .text.set32    0x00000000000095c4       0x2a build/sky/obj/rpl-icmp6.o
 .text.get16    0x00000000000095ee        0xe build/sky/obj/rpl-icmp6.o
 .text.set16    0x00000000000095fc       0x10 build/sky/obj/rpl-icmp6.o
 .text.dao_ack_input
                0x000000000000960c       0x2a build/sky/obj/rpl-icmp6.o
 .text.dao_input
                0x0000000000009636      0x16e build/sky/obj/rpl-icmp6.o
 .text.dio_input
                0x00000000000097a4      0x2ba build/sky/obj/rpl-icmp6.o
 .text.dis_input
                0x0000000000009a5e       0x1e build/sky/obj/rpl-icmp6.o
 .text.rpl_icmp6_update_nbr_table
                0x0000000000009a7c       0x36 build/sky/obj/rpl-icmp6.o
                0x0000000000009a7c                rpl_icmp6_update_nbr_table
 .text.rpl_icmp6_dis_output
                0x0000000000009ab2       0x34 build/sky/obj/rpl-icmp6.o
                0x0000000000009ab2                rpl_icmp6_dis_output
 .text.rpl_icmp6_dio_output
                0x0000000000009ae6      0x230 build/sky/obj/rpl-icmp6.o
                0x0000000000009ae6                rpl_icmp6_dio_output
 .text.rpl_icmp6_dao_output
                0x0000000000009d16       0xe6 build/sky/obj/rpl-icmp6.o
                0x0000000000009d16                rpl_icmp6_dao_output
 .text.rpl_icmp6_dao_ack_output
                0x0000000000009dfc       0x44 build/sky/obj/rpl-icmp6.o
                0x0000000000009dfc                rpl_icmp6_dao_ack_output
 .text.rpl_icmp6_init
                0x0000000000009e40       0x22 build/sky/obj/rpl-icmp6.o
                0x0000000000009e40                rpl_icmp6_init
 .text.reset    0x0000000000009e62        0x2 build/sky/obj/rpl-mrhof.o
 .text.update_metric_container
                0x0000000000009e64        0x6 build/sky/obj/rpl-mrhof.o
 .text.nbr_link_metric
                0x0000000000009e6a       0x12 build/sky/obj/rpl-mrhof.o
 .text.nbr_has_usable_link
                0x0000000000009e7c       0x14 build/sky/obj/rpl-mrhof.o
 .text.nbr_path_cost
                0x0000000000009e90       0x38 build/sky/obj/rpl-mrhof.o
 .text.within_hysteresis
                0x0000000000009ec8       0x54 build/sky/obj/rpl-mrhof.o
 .text.nbr_is_acceptable_parent
                0x0000000000009f1c       0x2c build/sky/obj/rpl-mrhof.o
 .text.rank_via_nbr
                0x0000000000009f48       0x48 build/sky/obj/rpl-mrhof.o
 .text.best_parent
                0x0000000000009f90       0x7c build/sky/obj/rpl-mrhof.o
 .text.get_rank
                0x000000000000a00c       0x16 build/sky/obj/rpl-nbr-policy.o
 .text.rpl_nbr_gc_get_worst
                0x000000000000a022       0x28 build/sky/obj/rpl-nbr-policy.o
                0x000000000000a022                rpl_nbr_gc_get_worst
 .text.remove_neighbor
                0x000000000000a04a       0x24 build/sky/obj/rpl-neighbor.o
 .text.rpl_neighbor_get_from_lladdr
                0x000000000000a06e        0xc build/sky/obj/rpl-neighbor.o
                0x000000000000a06e                rpl_neighbor_get_from_lladdr
 .text.rpl_neighbor_rank_via_nbr
                0x000000000000a07a       0x18 build/sky/obj/rpl-neighbor.o
                0x000000000000a07a                rpl_neighbor_rank_via_nbr
 .text.rpl_neighbor_get_lladdr
                0x000000000000a092        0xc build/sky/obj/rpl-neighbor.o
                0x000000000000a092                rpl_neighbor_get_lladdr
 .text.rpl_neighbor_get_ipaddr
                0x000000000000a09e        0xa build/sky/obj/rpl-neighbor.o
                0x000000000000a09e                rpl_neighbor_get_ipaddr
 .text.rpl_neighbor_get_link_stats
                0x000000000000a0a8        0xa build/sky/obj/rpl-neighbor.o
                0x000000000000a0a8                rpl_neighbor_get_link_stats
 .text.rpl_neighbor_is_fresh
                0x000000000000a0b2        0xa build/sky/obj/rpl-neighbor.o
                0x000000000000a0b2                rpl_neighbor_is_fresh
 .text.best_parent
                0x000000000000a0bc       0xb2 build/sky/obj/rpl-neighbor.o
 .text.rpl_neighbor_set_preferred_parent
                0x000000000000a16e       0x48 build/sky/obj/rpl-neighbor.o
                0x000000000000a16e                rpl_neighbor_set_preferred_parent
 .text.rpl_neighbor_remove_all
                0x000000000000a1b6       0x30 build/sky/obj/rpl-neighbor.o
                0x000000000000a1b6                rpl_neighbor_remove_all
 .text.rpl_neighbor_get_from_ipaddr
                0x000000000000a1e6       0x14 build/sky/obj/rpl-neighbor.o
                0x000000000000a1e6                rpl_neighbor_get_from_ipaddr
 .text.rpl_neighbor_select_best
                0x000000000000a1fa       0x54 build/sky/obj/rpl-neighbor.o
                0x000000000000a1fa                rpl_neighbor_select_best
 .text.rpl_neighbor_init
                0x000000000000a24e        0xe build/sky/obj/rpl-neighbor.o
                0x000000000000a24e                rpl_neighbor_init
 .text.handle_state_update
                0x000000000000a25c        0x6 build/sky/obj/rpl-timers.o
 .text.handle_leaving_timer
                0x000000000000a262        0xc build/sky/obj/rpl-timers.o
 .text.handle_unicast_dio_timer
                0x000000000000a26e       0x12 build/sky/obj/rpl-timers.o
 .text.handle_dao_ack_timer
                0x000000000000a280       0x12 build/sky/obj/rpl-timers.o
 .text.ctimer_set.constprop.3
                0x000000000000a292        0xe build/sky/obj/rpl-timers.o
 .text.new_dio_interval
                0x000000000000a2a0       0x86 build/sky/obj/rpl-timers.o
 .text.handle_dio_timer
                0x000000000000a326       0x6a build/sky/obj/rpl-timers.o
 .text.schedule_dao_retransmission
                0x000000000000a390       0x30 build/sky/obj/rpl-timers.o
 .text.send_new_dao
                0x000000000000a3c0       0x28 build/sky/obj/rpl-timers.o
 .text.resend_dao
                0x000000000000a3e8       0x24 build/sky/obj/rpl-timers.o
 .text.rpl_timers_schedule_periodic_dis
                0x000000000000a40c       0x3c build/sky/obj/rpl-timers.o
                0x000000000000a40c                rpl_timers_schedule_periodic_dis
 .text.handle_periodic_timer
                0x000000000000a448       0x3a build/sky/obj/rpl-timers.o
 .text.handle_dis_timer
                0x000000000000a482       0x26 build/sky/obj/rpl-timers.o
 .text.rpl_timers_dio_reset
                0x000000000000a4a8       0x2e build/sky/obj/rpl-timers.o
                0x000000000000a4a8                rpl_timers_dio_reset
 .text.rpl_timers_schedule_unicast_dio
                0x000000000000a4d6       0x1c build/sky/obj/rpl-timers.o
                0x000000000000a4d6                rpl_timers_schedule_unicast_dio
 .text.rpl_timers_schedule_dao
                0x000000000000a4f2       0x38 build/sky/obj/rpl-timers.o
                0x000000000000a4f2                rpl_timers_schedule_dao
 .text.rpl_timers_schedule_dao_ack
                0x000000000000a52a       0x30 build/sky/obj/rpl-timers.o
                0x000000000000a52a                rpl_timers_schedule_dao_ack
 .text.rpl_timers_notify_dao_ack
                0x000000000000a55a       0x7e build/sky/obj/rpl-timers.o
                0x000000000000a55a                rpl_timers_notify_dao_ack
 .text.get_probing_delay
                0x000000000000a5d8       0x1c build/sky/obj/rpl-timers.o
                0x000000000000a5d8                get_probing_delay
 .text.get_probing_target
                0x000000000000a5f4       0xee build/sky/obj/rpl-timers.o
                0x000000000000a5f4                get_probing_target
 .text.rpl_schedule_probing
                0x000000000000a6e2       0x1c build/sky/obj/rpl-timers.o
                0x000000000000a6e2                rpl_schedule_probing
 .text.handle_probing_timer
                0x000000000000a6fe       0x2a build/sky/obj/rpl-timers.o
 .text.rpl_schedule_probing_now
                0x000000000000a728       0x20 build/sky/obj/rpl-timers.o
                0x000000000000a728                rpl_schedule_probing_now
 .text.rpl_timers_unschedule_leaving
                0x000000000000a748       0x1c build/sky/obj/rpl-timers.o
                0x000000000000a748                rpl_timers_unschedule_leaving
 .text.rpl_timers_schedule_leaving
                0x000000000000a764       0x26 build/sky/obj/rpl-timers.o
                0x000000000000a764                rpl_timers_schedule_leaving
 .text.rpl_timers_init
                0x000000000000a78a       0x18 build/sky/obj/rpl-timers.o
                0x000000000000a78a                rpl_timers_init
 .text.rpl_timers_stop_dag_timers
                0x000000000000a7a2       0x4c build/sky/obj/rpl-timers.o
                0x000000000000a7a2                rpl_timers_stop_dag_timers
 .text.rpl_timers_schedule_state_update
                0x000000000000a7ee       0x18 build/sky/obj/rpl-timers.o
                0x000000000000a7ee                rpl_timers_schedule_state_update
 .text.rpl_has_joined
                0x000000000000a806       0x12 build/sky/obj/rpl.o
                0x000000000000a806                rpl_has_joined
 .text.rpl_is_reachable
                0x000000000000a818       0x12 build/sky/obj/rpl.o
                0x000000000000a818                rpl_is_reachable
 .text.neighbor_state_changed
                0x000000000000a82a        0x2 build/sky/obj/rpl.o
 .text.drop_route
                0x000000000000a82c        0x2 build/sky/obj/rpl.o
 .text.rpl_get_leaf_only
                0x000000000000a82e        0x6 build/sky/obj/rpl.o
                0x000000000000a82e                rpl_get_leaf_only
 .text.get_sr_node_ipaddr
                0x000000000000a834       0x34 build/sky/obj/rpl.o
 .text.init     0x000000000000a868       0x42 build/sky/obj/rpl.o
 .text.set_ip_from_prefix
                0x000000000000a8aa       0x38 build/sky/obj/rpl.o
 .text.rpl_link_callback
                0x000000000000a8e2       0x1e build/sky/obj/rpl.o
                0x000000000000a8e2                rpl_link_callback
 .text.rpl_lollipop_greater_than
                0x000000000000a900       0x3c build/sky/obj/rpl.o
                0x000000000000a900                rpl_lollipop_greater_than
 .text.rpl_get_global_address
                0x000000000000a93c       0xbe build/sky/obj/rpl.o
                0x000000000000a93c                rpl_get_global_address
 .text.rpl_reset_prefix
                0x000000000000a9fa       0x24 build/sky/obj/rpl.o
                0x000000000000a9fa                rpl_reset_prefix
 .text.rpl_set_prefix_from_addr
                0x000000000000aa1e       0x92 build/sky/obj/rpl.o
                0x000000000000aa1e                rpl_set_prefix_from_addr
 .text.timera0  0x000000000000aab0       0x2c build/sky/obj/rtimer-arch.o
                0x000000000000aab0                __isr_6
                0x000000000000aab0                timera0
 .text.rtimer_arch_init
                0x000000000000aadc        0xe build/sky/obj/rtimer-arch.o
                0x000000000000aadc                rtimer_arch_init
 .text.rtimer_arch_now
                0x000000000000aaea        0xe build/sky/obj/rtimer-arch.o
                0x000000000000aaea                rtimer_arch_now
 .text.rtimer_run_next
                0x000000000000aaf8       0x18 build/sky/obj/rtimer.o
                0x000000000000aaf8                rtimer_run_next
 .text.process_thread_sensors_process
                0x000000000000ab10       0xc2 build/sky/obj/sensors.o
 .text.sensors_changed
                0x000000000000abd2       0x2a build/sky/obj/sensors.o
                0x000000000000abd2                sensors_changed
 .text.clear_fragments
                0x000000000000abfc       0x40 build/sky/obj/sicslowpan.o
 .text.addr_context_lookup_by_number
                0x000000000000ac3c       0x16 build/sky/obj/sicslowpan.o
 .text.sicslowpan_init
                0x000000000000ac52       0x18 build/sky/obj/sicslowpan.o
                0x000000000000ac52                sicslowpan_init
 .text.set_packet_attrs
                0x000000000000ac6a       0x66 build/sky/obj/sicslowpan.o
 .text.compress_addr_64
                0x000000000000acd0       0xae build/sky/obj/sicslowpan.o
 .text.addr_context_lookup_by_prefix
                0x000000000000ad7e       0x20 build/sky/obj/sicslowpan.o
 .text.send_packet
                0x000000000000ad9e       0x10 build/sky/obj/sicslowpan.o
 .text.fragment_copy_payload_and_send
                0x000000000000adae       0x58 build/sky/obj/sicslowpan.o
 .text.packet_sent
                0x000000000000ae06       0x56 build/sky/obj/sicslowpan.o
 .text.store_fragment
                0x000000000000ae5c       0xb8 build/sky/obj/sicslowpan.o
 .text.add_fragment
                0x000000000000af14      0x1fc build/sky/obj/sicslowpan.o
 .text.uncompress_addr
                0x000000000000b110       0xce build/sky/obj/sicslowpan.o
 .text.output   0x000000000000b1de      0x79e build/sky/obj/sicslowpan.o
 .text.input    0x000000000000b97c      0xa1a build/sky/obj/sicslowpan.o
 .text.speck_key_expand
                0x000000000000c396      0x16c build/sky/obj/speck/speck.o
 .text.speck_encrypt
                0x000000000000c502      0x14e build/sky/obj/speck/speck.o
                0x000000000000c502                speck_encrypt
 .text.spi_init
                0x000000000000c650       0x30 build/sky/obj/spi-legacy.o
                0x000000000000c650                spi_init
 .text.stack_check_init
                0x000000000000c680       0x2e build/sky/obj/stack-check.o
                0x000000000000c680                stack_check_init
 .text.stack_check_get_usage
                0x000000000000c6ae       0x46 build/sky/obj/stack-check.o
                0x000000000000c6ae                stack_check_get_usage
 .text.process_thread_stack_check_process
                0x000000000000c6f4       0x90 build/sky/obj/stack-check.o
 .text.stimer_expired
                0x000000000000c784       0x30 build/sky/obj/stimer.o
                0x000000000000c784                stimer_expired
 .text.tcpip_output
                0x000000000000c7b4       0x22 build/sky/obj/tcpip.o
                0x000000000000c7b4                tcpip_output
 .text.tcpip_input
                0x000000000000c7d6       0x1e build/sky/obj/tcpip.o
                0x000000000000c7d6                tcpip_input
 .text.tcpip_ipv6_output
                0x000000000000c7f4      0x114 build/sky/obj/tcpip.o
                0x000000000000c7f4                tcpip_ipv6_output
 .text.packet_input.part.3
                0x000000000000c908       0x12 build/sky/obj/tcpip.o
 .text.process_thread_tcpip_process
                0x000000000000c91a       0xb6 build/sky/obj/tcpip.o
 .text.tcpip_uipcall
                0x000000000000c9d0       0x2a build/sky/obj/tcpip.o
                0x000000000000c9d0                tcpip_uipcall
 .text.timer_set
                0x000000000000c9fa       0x1c build/sky/obj/timer.o
                0x000000000000c9fa                timer_set
 .text.timer_expired
                0x000000000000ca16       0x2a build/sky/obj/timer.o
                0x000000000000ca16                timer_expired
 .text.timer_reset
                0x000000000000ca40       0x1c build/sky/obj/timer.o
                0x000000000000ca40                timer_reset
 .text.KeyExpansion
                0x000000000000ca5c       0xa0 build/sky/obj/tinyaes/aes.o
 .text.AddRoundKey
                0x000000000000cafc       0x48 build/sky/obj/tinyaes/aes.o
 .text.xtime    0x000000000000cb44       0x2e build/sky/obj/tinyaes/aes.o
 .text.Cipher   0x000000000000cb72      0x1b2 build/sky/obj/tinyaes/aes.o
 .text.AES_init_ctx
                0x000000000000cd24        0x6 build/sky/obj/tinyaes/aes.o
                0x000000000000cd24                AES_init_ctx
 .text.AES_ECB_encrypt
                0x000000000000cd2a        0xc build/sky/obj/tinyaes/aes.o
                0x000000000000cd2a                AES_ECB_encrypt
 .text.putchar  0x000000000000cd36       0x10 build/sky/obj/uart-putchar.o
                0x000000000000cd36                putchar
 .text.uart1_active
                0x000000000000cd46       0x18 build/sky/obj/uart1.o
                0x000000000000cd46                uart1_active
 .text.uart1_writeb
                0x000000000000cd5e       0x18 build/sky/obj/uart1.o
                0x000000000000cd5e                uart1_writeb
 .text.uart1_init
                0x000000000000cd76       0xf4 build/sky/obj/uart1.o
                0x000000000000cd76                uart1_init
 .text.uip_ds6_nbr_rm
                0x000000000000ce6a       0x1e build/sky/obj/uip-ds6-nbr.o
                0x000000000000ce6a                uip_ds6_nbr_rm
 .text.uip_ds6_neighbors_init
                0x000000000000ce88       0x12 build/sky/obj/uip-ds6-nbr.o
                0x000000000000ce88                uip_ds6_neighbors_init
 .text.uip_ds6_nbr_add
                0x000000000000ce9a       0x3e build/sky/obj/uip-ds6-nbr.o
                0x000000000000ce9a                uip_ds6_nbr_add
 .text.uip_ds6_nbr_get_ll
                0x000000000000ced8        0xc build/sky/obj/uip-ds6-nbr.o
                0x000000000000ced8                uip_ds6_nbr_get_ll
 .text.uip_ds6_nbr_head
                0x000000000000cee4        0xa build/sky/obj/uip-ds6-nbr.o
                0x000000000000cee4                uip_ds6_nbr_head
 .text.uip_ds6_nbr_next
                0x000000000000ceee        0xc build/sky/obj/uip-ds6-nbr.o
                0x000000000000ceee                uip_ds6_nbr_next
 .text.uip_ds6_nbr_lookup
                0x000000000000cefa       0x3a build/sky/obj/uip-ds6-nbr.o
                0x000000000000cefa                uip_ds6_nbr_lookup
 .text.uip_ds6_nbr_ll_lookup
                0x000000000000cf34        0xc build/sky/obj/uip-ds6-nbr.o
                0x000000000000cf34                uip_ds6_nbr_ll_lookup
 .text.uip_ds6_nbr_update_ll
                0x000000000000cf40       0x76 build/sky/obj/uip-ds6-nbr.o
                0x000000000000cf40                uip_ds6_nbr_update_ll
 .text.uip_ds6_nbr_ipaddr_from_lladdr
                0x000000000000cfb6        0x6 build/sky/obj/uip-ds6-nbr.o
                0x000000000000cfb6                uip_ds6_nbr_ipaddr_from_lladdr
 .text.uip_ds6_nbr_lladdr_from_ipaddr
                0x000000000000cfbc       0x12 build/sky/obj/uip-ds6-nbr.o
                0x000000000000cfbc                uip_ds6_nbr_lladdr_from_ipaddr
 .text.uip_ds6_link_callback
                0x000000000000cfce        0x2 build/sky/obj/uip-ds6-nbr.o
                0x000000000000cfce                uip_ds6_link_callback
 .text.uip_ds6_route_init
                0x000000000000cfd0        0xe build/sky/obj/uip-ds6-route.o
                0x000000000000cfd0                uip_ds6_route_init
 .text.uip_ds6_route_nexthop
                0x000000000000cfde        0x4 build/sky/obj/uip-ds6-route.o
                0x000000000000cfde                uip_ds6_route_nexthop
 .text.uip_ds6_route_lookup
                0x000000000000cfe2        0x4 build/sky/obj/uip-ds6-route.o
                0x000000000000cfe2                uip_ds6_route_lookup
 .text.uip_ds6_route_rm
                0x000000000000cfe6        0x2 build/sky/obj/uip-ds6-route.o
                0x000000000000cfe6                uip_ds6_route_rm
 .text.uip_ds6_defrt_rm
                0x000000000000cfe8       0x2c build/sky/obj/uip-ds6-route.o
                0x000000000000cfe8                uip_ds6_defrt_rm
 .text.uip_ds6_defrt_lookup
                0x000000000000d014       0x34 build/sky/obj/uip-ds6-route.o
                0x000000000000d014                uip_ds6_defrt_lookup
 .text.uip_ds6_defrt_add
                0x000000000000d048       0x78 build/sky/obj/uip-ds6-route.o
                0x000000000000d048                uip_ds6_defrt_add
 .text.uip_ds6_defrt_choose
                0x000000000000d0c0       0x2e build/sky/obj/uip-ds6-route.o
                0x000000000000d0c0                uip_ds6_defrt_choose
 .text.uip_ds6_defrt_periodic
                0x000000000000d0ee       0x2e build/sky/obj/uip-ds6-route.o
                0x000000000000d0ee                uip_ds6_defrt_periodic
 .text.uip_ds6_default_prefix
                0x000000000000d11c        0x6 build/sky/obj/uip-ds6.o
                0x000000000000d11c                uip_ds6_default_prefix
 .text.uip_ds6_list_loop
                0x000000000000d122       0x90 build/sky/obj/uip-ds6.o
                0x000000000000d122                uip_ds6_list_loop
 .text.uip_ds6_prefix_add
                0x000000000000d1b2       0x76 build/sky/obj/uip-ds6.o
                0x000000000000d1b2                uip_ds6_prefix_add
 .text.uip_ds6_is_addr_onlink
                0x000000000000d228       0x52 build/sky/obj/uip-ds6.o
                0x000000000000d228                uip_ds6_is_addr_onlink
 .text.uip_ds6_addr_lookup
                0x000000000000d27a       0x2a build/sky/obj/uip-ds6.o
                0x000000000000d27a                uip_ds6_addr_lookup
 .text.uip_ds6_get_link_local
                0x000000000000d2a4       0x3e build/sky/obj/uip-ds6.o
                0x000000000000d2a4                uip_ds6_get_link_local
 .text.uip_ds6_maddr_add
                0x000000000000d2e2       0x42 build/sky/obj/uip-ds6.o
                0x000000000000d2e2                uip_ds6_maddr_add
 .text.uip_ds6_addr_add
                0x000000000000d324       0xc6 build/sky/obj/uip-ds6.o
                0x000000000000d324                uip_ds6_addr_add
 .text.uip_ds6_maddr_rm
                0x000000000000d3ea        0xa build/sky/obj/uip-ds6.o
                0x000000000000d3ea                uip_ds6_maddr_rm
 .text.uip_ds6_maddr_lookup
                0x000000000000d3f4       0x2a build/sky/obj/uip-ds6.o
                0x000000000000d3f4                uip_ds6_maddr_lookup
 .text.uip_ds6_addr_rm
                0x000000000000d41e       0x54 build/sky/obj/uip-ds6.o
                0x000000000000d41e                uip_ds6_addr_rm
 .text.uip_ds6_periodic
                0x000000000000d472       0x46 build/sky/obj/uip-ds6.o
                0x000000000000d472                uip_ds6_periodic
 .text.uip_ds6_set_addr_iid
                0x000000000000d4b8       0x14 build/sky/obj/uip-ds6.o
                0x000000000000d4b8                uip_ds6_set_addr_iid
 .text.uip_ds6_set_lladdr_from_iid
                0x000000000000d4cc       0x14 build/sky/obj/uip-ds6.o
                0x000000000000d4cc                uip_ds6_set_lladdr_from_iid
 .text.get_match_length
                0x000000000000d4e0       0x44 build/sky/obj/uip-ds6.o
                0x000000000000d4e0                get_match_length
 .text.uip_ds6_select_src
                0x000000000000d524       0xa6 build/sky/obj/uip-ds6.o
                0x000000000000d524                uip_ds6_select_src
 .text.uip_ds6_compute_reachable_time
                0x000000000000d5ca       0x3e build/sky/obj/uip-ds6.o
                0x000000000000d5ca                uip_ds6_compute_reachable_time
 .text.uip_ds6_init
                0x000000000000d608      0x164 build/sky/obj/uip-ds6.o
                0x000000000000d608                uip_ds6_init
 .text.echo_reply_input
                0x000000000000d76c       0x5e build/sky/obj/uip-icmp6.o
 .text.echo_request_input
                0x000000000000d7ca       0x86 build/sky/obj/uip-icmp6.o
 .text.uip_icmp6_input
                0x000000000000d850       0x34 build/sky/obj/uip-icmp6.o
                0x000000000000d850                uip_icmp6_input
 .text.uip_icmp6_register_input_handler
                0x000000000000d884        0xc build/sky/obj/uip-icmp6.o
                0x000000000000d884                uip_icmp6_register_input_handler
 .text.uip_icmp6_error_output
                0x000000000000d890      0x146 build/sky/obj/uip-icmp6.o
                0x000000000000d890                uip_icmp6_error_output
 .text.uip_icmp6_send
                0x000000000000d9d6       0x8e build/sky/obj/uip-icmp6.o
                0x000000000000d9d6                uip_icmp6_send
 .text.uip_icmp6_init
                0x000000000000da64       0x12 build/sky/obj/uip-icmp6.o
                0x000000000000da64                uip_icmp6_init
 .text.ns_input
                0x000000000000da76      0x2aa build/sky/obj/uip-nd6.o
 .text.uip_nd6_init
                0x000000000000dd20        0xa build/sky/obj/uip-nd6.o
                0x000000000000dd20                uip_nd6_init
 .text.node_matches_address.part.0
                0x000000000000dd2a       0x2e build/sky/obj/uip-sr.o
 .text.uip_sr_get_node
                0x000000000000dd58       0x3a build/sky/obj/uip-sr.o
                0x000000000000dd58                uip_sr_get_node
 .text.uip_sr_is_addr_reachable
                0x000000000000dd92       0x4e build/sky/obj/uip-sr.o
                0x000000000000dd92                uip_sr_is_addr_reachable
 .text.uip_sr_expire_parent
                0x000000000000dde0       0x50 build/sky/obj/uip-sr.o
                0x000000000000dde0                uip_sr_expire_parent
 .text.uip_sr_update_node
                0x000000000000de30       0xbc build/sky/obj/uip-sr.o
                0x000000000000de30                uip_sr_update_node
 .text.uip_sr_init
                0x000000000000deec       0x12 build/sky/obj/uip-sr.o
                0x000000000000deec                uip_sr_init
 .text.uip_sr_periodic
                0x000000000000defe       0x8c build/sky/obj/uip-sr.o
                0x000000000000defe                uip_sr_periodic
 .text.uip_sr_free_all
                0x000000000000df8a       0x30 build/sky/obj/uip-sr.o
                0x000000000000df8a                uip_sr_free_all
 .text.chksum   0x000000000000dfba       0x32 build/sky/obj/uip6.o
 .text.upper_layer_chksum
                0x000000000000dfec       0x58 build/sky/obj/uip6.o
 .text.ext_hdr_options_process
                0x000000000000e044       0xa4 build/sky/obj/uip6.o
 .text.uip_check_mtu
                0x000000000000e0e8       0x1e build/sky/obj/uip6.o
 .text.uip_update_ttl
                0x000000000000e106       0x24 build/sky/obj/uip6.o
 .text.uip_icmp6chksum
                0x000000000000e12a        0xa build/sky/obj/uip6.o
                0x000000000000e12a                uip_icmp6chksum
 .text.uip_udpchksum
                0x000000000000e134        0xa build/sky/obj/uip6.o
                0x000000000000e134                uip_udpchksum
 .text.uip_init
                0x000000000000e13e       0x3c build/sky/obj/uip6.o
                0x000000000000e13e                uip_init
 .text.uip_remove_ext_hdr
                0x000000000000e17a       0x5e build/sky/obj/uip6.o
                0x000000000000e17a                uip_remove_ext_hdr
 .text.uip_process
                0x000000000000e1d8      0x568 build/sky/obj/uip6.o
                0x000000000000e1d8                uip_process
 .text.uip_htonl
                0x000000000000e740       0x2e build/sky/obj/uip6.o
                0x000000000000e740                uip_htonl
 .text.uipbuf_add_ext_hdr
                0x000000000000e76e       0x1c build/sky/obj/uipbuf.o
                0x000000000000e76e                uipbuf_add_ext_hdr
 .text.uipbuf_set_len
                0x000000000000e78a       0x12 build/sky/obj/uipbuf.o
                0x000000000000e78a                uipbuf_set_len
 .text.uipbuf_set_len_field
                0x000000000000e79c        0xe build/sky/obj/uipbuf.o
                0x000000000000e79c                uipbuf_set_len_field
 .text.uipbuf_get_len_field
                0x000000000000e7aa        0xe build/sky/obj/uipbuf.o
                0x000000000000e7aa                uipbuf_get_len_field
 .text.uipbuf_get_next_header
                0x000000000000e7b8       0x6a build/sky/obj/uipbuf.o
                0x000000000000e7b8                uipbuf_get_next_header
 .text.uipbuf_get_last_header
                0x000000000000e822       0x3e build/sky/obj/uipbuf.o
                0x000000000000e822                uipbuf_get_last_header
 .text.uipbuf_search_header
                0x000000000000e860       0x4e build/sky/obj/uipbuf.o
                0x000000000000e860                uipbuf_search_header
 .text.uipbuf_get_attr
                0x000000000000e8ae       0x12 build/sky/obj/uipbuf.o
                0x000000000000e8ae                uipbuf_get_attr
 .text.uipbuf_set_attr
                0x000000000000e8c0       0x14 build/sky/obj/uipbuf.o
                0x000000000000e8c0                uipbuf_set_attr
 .text.uipbuf_clear_attr
                0x000000000000e8d4       0x12 build/sky/obj/uipbuf.o
                0x000000000000e8d4                uipbuf_clear_attr
 .text.uipbuf_clear
                0x000000000000e8e6       0x12 build/sky/obj/uipbuf.o
                0x000000000000e8e6                uipbuf_clear
 .text.uipbuf_init
                0x000000000000e8f8       0x1a build/sky/obj/uipbuf.o
                0x000000000000e8f8                uipbuf_init
 .text.uiplib_ipaddr_snprint
                0x000000000000e912      0x12c build/sky/obj/uiplib.o
                0x000000000000e912                uiplib_ipaddr_snprint
 .text.watchdog_interrupt
                0x000000000000ea3e        0x6 build/sky/obj/watchdog.o
                0x000000000000ea3e                __isr_10
                0x000000000000ea3e                watchdog_interrupt
 .text.watchdog_start
                0x000000000000ea44       0x14 build/sky/obj/watchdog.o
                0x000000000000ea44                watchdog_start
 .text.watchdog_periodic
                0x000000000000ea58       0x12 build/sky/obj/watchdog.o
                0x000000000000ea58                watchdog_periodic
 .text.watchdog_stop
                0x000000000000ea6a       0x16 build/sky/obj/watchdog.o
                0x000000000000ea6a                watchdog_stop
 .text.watchdog_init
                0x000000000000ea80       0x12 build/sky/obj/watchdog.o
                0x000000000000ea80                watchdog_init
 .text.xmem_init
                0x000000000000ea92       0x3c build/sky/obj/xmem.o
                0x000000000000ea92                xmem_init
 .text.printf   0x000000000000eace       0x10 /home/sebjink/msp430/lib/gcc/msp430/4.7.0/../../../../msp430/lib/mmpy-16/libc.a(printf.o)
                0x000000000000eace                printf
 .text.append   0x000000000000eade       0x22 /home/sebjink/msp430/lib/gcc/msp430/4.7.0/../../../../msp430/lib/mmpy-16/libc.a(sprintf.o)
 .text.call_vuprintf
                0x000000000000eb00       0x3a /home/sebjink/msp430/lib/gcc/msp430/4.7.0/../../../../msp430/lib/mmpy-16/libc.a(sprintf.o)
 .text.snprintf
                0x000000000000eb3a       0x1a /home/sebjink/msp430/lib/gcc/msp430/4.7.0/../../../../msp430/lib/mmpy-16/libc.a(sprintf.o)
                0x000000000000eb3a                snprintf
 .text.print_field
                0x000000000000eb54      0x194 /home/sebjink/msp430/lib/gcc/msp430/4.7.0/../../../../msp430/lib/mmpy-16/libc.a(vuprintf.o)
 .text.vuprintf
                0x000000000000ece8      0x63c /home/sebjink/msp430/lib/gcc/msp430/4.7.0/../../../../msp430/lib/mmpy-16/libc.a(vuprintf.o)
                0x000000000000ece8                vuprintf
 .text.puts     0x000000000000f324       0x2c /home/sebjink/msp430/lib/gcc/msp430/4.7.0/../../../../msp430/lib/mmpy-16/libc.a(puts.o)
                0x000000000000f324                puts
 .text.rand     0x000000000000f350       0x26 /home/sebjink/msp430/lib/gcc/msp430/4.7.0/../../../../msp430/lib/mmpy-16/libc.a(rand.o)
                0x000000000000f350                rand
 .text.srand    0x000000000000f376        0xa /home/sebjink/msp430/lib/gcc/msp430/4.7.0/../../../../msp430/lib/mmpy-16/libc.a(rand.o)
                0x000000000000f376                srand
 .text.memcmp   0x000000000000f380       0x30 /home/sebjink/msp430/lib/gcc/msp430/4.7.0/../../../../msp430/lib/mmpy-16/libc.a(memcmp.o)
                0x000000000000f380                memcmp
 .text.memcpy   0x000000000000f3b0       0xfa /home/sebjink/msp430/lib/gcc/msp430/4.7.0/../../../../msp430/lib/mmpy-16/libc.a(memcpy.o)
                0x000000000000f3b0                memcpy
 .text.memmove  0x000000000000f4aa       0xfa /home/sebjink/msp430/lib/gcc/msp430/4.7.0/../../../../msp430/lib/mmpy-16/libc.a(memmove.o)
                0x000000000000f4aa                memmove
 .text.memset   0x000000000000f5a4       0x6a /home/sebjink/msp430/lib/gcc/msp430/4.7.0/../../../../msp430/lib/mmpy-16/libc.a(memset.o)
                0x000000000000f5a4                memset
 .text.crt0     0x000000000000f60e        0x2 /home/sebjink/msp430/lib/gcc/msp430/4.7.0/mmpy-16/libcrt0.a(_unexpected_.o)
                0x000000000000f60e                _unexpected_
 .text.libgcc   0x000000000000f610       0x2c /home/sebjink/msp430/lib/gcc/msp430/4.7.0/mmpy-16/libgcc.a(_mulsi3.o)
                0x000000000000f610                __mulsi3
 .text.libgcc   0x000000000000f63c       0x22 /home/sebjink/msp430/lib/gcc/msp430/4.7.0/mmpy-16/libgcc.a(_udivmod16.o)
                0x000000000000f63c                __udivhi3
                0x000000000000f63c                __ext_udivmod16
                0x000000000000f656                __umodhi3
 .text.libgcc   0x000000000000f65e       0x3a /home/sebjink/msp430/lib/gcc/msp430/4.7.0/mmpy-16/libgcc.a(_divmod16.o)
                0x000000000000f65e                __ext_divmod16
                0x000000000000f65e                __divhi3
                0x000000000000f690                __modhi3
 .text.libgcc   0x000000000000f698       0x40 /home/sebjink/msp430/lib/gcc/msp430/4.7.0/mmpy-16/libgcc.a(_udivmod32.o)
                0x000000000000f698                __udivsi3
                0x000000000000f698                __ext_udivmod32
                0x000000000000f6ce                __umodsi3
 .text.libgcc   0x000000000000f6d8       0x4c /home/sebjink/msp430/lib/gcc/msp430/4.7.0/mmpy-16/libgcc.a(_divmod32.o)
                0x000000000000f6d8                __ext_divmod32
                0x000000000000f6d8                __divsi3
                0x000000000000f71a                __modsi3
 .text.libgcc   0x000000000000f724       0xf0 /home/sebjink/msp430/lib/gcc/msp430/4.7.0/mmpy-16/libgcc.a(_udivmod64.o)
                0x000000000000f724                __xabi_udivmod64
                0x000000000000f782                __udivdi3
                0x000000000000f7a8                __umoddi3
                0x000000000000f7d6                __udivmoddi4
 *(SORT(.near.text) SORT(.near.text.*))

.rodata         0x000000000000f814      0x857
                0x000000000000f814                . = ALIGN (0x2)
 *(SORT(.rodata) SORT(.rodata.*) SORT(.gnu.linkonce.r.*))
 .rodata.get_value
                0x000000000000f814       0x34 build/sky/obj/cc2420.o
 .rodata.set_value
                0x000000000000f848       0x10 build/sky/obj/cc2420.o
 .rodata        0x000000000000f858       0x8a build/sky/obj/ascon/ascon.o
 .rodata        0x000000000000f8e2       0x10 build/sky/obj/button-sensor.o
                0x000000000000f8ea                button_sensor
 .rodata        0x000000000000f8f2       0x3e build/sky/obj/cc2420.o
                0x000000000000f8f2                cc2420_aes_128_driver
                0x000000000000f8f6                cc2420_driver
 .rodata        0x000000000000f930       0x14 build/sky/obj/csma.o
                0x000000000000f936                csma_driver
 .rodata        0x000000000000f944        0x6 build/sky/obj/framer-802154.o
                0x000000000000f944                framer_802154
 .rodata        0x000000000000f94a        0x8 build/sky/obj/linkaddr.o
                0x000000000000f94a                linkaddr_null
 .rodata        0x000000000000f952       0xca build/sky/obj/log.o
 .rodata        0x000000000000fa1c       0xdc build/sky/obj/my_crypto_test.o
                0x000000000000fad0                autostart_processes
 .rodata        0x000000000000faf8       0xe0 build/sky/obj/rpl-dag.o
 .rodata        0x000000000000fbd8       0x34 build/sky/obj/rpl.o
                0x000000000000fbe2                rpl_lite_driver
 .rodata        0x000000000000fc0c       0x26 build/sky/obj/sicslowpan.o
                0x000000000000fc18                sicslowpan_driver
                0x000000000000fc20                llprefix
                0x000000000000fc22                unc_mxconf
                0x000000000000fc26                unc_ctxconf
                0x000000000000fc2a                unc_llconf
 .rodata        0x000000000000fc32       0xed build/sky/obj/contiki-main.o
 .rodata        0x000000000000fd1f        0xf build/sky/obj/ctimer.o
 .rodata        0x000000000000fd2e        0xc build/sky/obj/etimer.o
 .rodata        0x000000000000fd3a        0x2 build/sky/obj/frame802154.o
 .rodata        0x000000000000fd3c       0x31 build/sky/obj/platform.o
 .rodata        0x000000000000fd6d       0x60 build/sky/obj/present/present.o
 .rodata        0x000000000000fdcd        0xc build/sky/obj/rpl-timers.o
 .rodata        0x000000000000fdd9        0x8 build/sky/obj/sensors.o
 .rodata        0x000000000000fde1       0x3e build/sky/obj/stack-check.o
 .rodata        0x000000000000fe1f        0xd build/sky/obj/tcpip.o
 .rodata        0x000000000000fe2c      0x20b build/sky/obj/tinyaes/aes.o
 .rodata        0x0000000000010037       0x2d build/sky/obj/uiplib.o
 .rodata.vuprintf
                0x0000000000010064        0x7 /home/sebjink/msp430/lib/gcc/msp430/4.7.0/../../../../msp430/lib/mmpy-16/libc.a(vuprintf.o)
 *(SORT(.near.rodata) SORT(.near.rodata.*))
                0x000000000001006c                . = ALIGN (0x2)
                0x000000000001006c                _etext = .

.data           0x0000000000001100      0x1a0 load address 0x000000000001006c
                0x0000000000001100                . = ALIGN (0x2)
                0x0000000000001100                __data_start = .
 *(SORT(.data) SORT(.data.*) SORT(.gnu.linkonce.d.*))
 .data          0x0000000000001100        0xc build/sky/obj/cc2420.o
                0x0000000000001100                cc2420_process
 .data          0x000000000000110c       0x18 build/sky/obj/csma-output.o
 .data          0x0000000000001124        0xa build/sky/obj/ctimer.o
                0x0000000000001124                ctimer_process
 .data          0x000000000000112e        0xa build/sky/obj/etimer.o
                0x000000000000112e                etimer_process
 .data          0x0000000000001138        0x2 build/sky/obj/frame802154.o
 .data          0x000000000000113a        0x8 build/sky/obj/link-stats.o
 .data          0x0000000000001142       0x5c build/sky/obj/log.o
                0x0000000000001142                all_modules
                0x000000000000119c                curr_log_level_main
 .data          0x000000000000119e        0x2 build/sky/obj/msp430.o
 .data          0x00000000000011a0       0x64 build/sky/obj/my_crypto_test.o
                0x00000000000011a0                my_crypto_test_process
 .data          0x0000000000001204        0x8 build/sky/obj/nbr-table.o
 .data          0x000000000000120c        0x4 build/sky/obj/platform.o
                0x000000000000120c                sensors
 .data          0x0000000000001210       0x10 build/sky/obj/queuebuf.o
 .data          0x0000000000001220       0x18 build/sky/obj/rpl-icmp6.o
 .data          0x0000000000001238       0x12 build/sky/obj/rpl-mrhof.o
                0x0000000000001238                rpl_mrhof
 .data          0x000000000000124a        0xa build/sky/obj/rpl-neighbor.o
                0x000000000000124a                rpl_neighbors
 .data          0x0000000000001254        0xa build/sky/obj/sensors.o
                0x0000000000001254                sensors_process
 .data          0x000000000000125e        0xa build/sky/obj/stack-check.o
                0x000000000000125e                stack_check_process
 .data          0x0000000000001268        0xa build/sky/obj/tcpip.o
                0x0000000000001268                tcpip_process
 .data          0x0000000000001272        0x8 build/sky/obj/uip-ds6-nbr.o
 .data          0x000000000000127a        0x8 build/sky/obj/uip-ds6-route.o
 .data          0x0000000000001282        0xc build/sky/obj/uip-icmp6.o
 .data          0x000000000000128e        0x6 build/sky/obj/uip-nd6.o
 .data          0x0000000000001294        0x8 build/sky/obj/uip-sr.o
 .data.next     0x000000000000129c        0x4 /home/sebjink/msp430/lib/gcc/msp430/4.7.0/../../../../msp430/lib/mmpy-16/libc.a(rand.o)
 *(SORT(.near.data) SORT(.near.data.*))
                0x00000000000012a0                . = ALIGN (0x2)
                0x00000000000012a0                _edata = .
                0x000000000001006c                __data_load_start = LOADADDR (.data)
                0x00000000000001a0                __data_size = SIZEOF (.data)

.bss            0x00000000000012a0     0x1b78 load address 0x000000000001020c
                0x00000000000012a0                __bss_start = .
 *(SORT(.bss) SORT(.bss.*))
 .bss           0x00000000000012a0       0x28 build/sky/obj/ascon/ascon.o
 .bss           0x00000000000012c8        0x8 build/sky/obj/button-sensor.o
 .bss           0x00000000000012d0       0x10 build/sky/obj/cc2420.o
 .bss           0x00000000000012e0        0xa build/sky/obj/clock.o
 .bss           0x00000000000012ea       0xbc build/sky/obj/csma-output.o
 .bss           0x00000000000013a6        0x4 build/sky/obj/ctimer.o
 .bss           0x00000000000013aa        0x6 build/sky/obj/etimer.o
 .bss           0x00000000000013b0       0xa0 build/sky/obj/link-stats.o
 .bss           0x0000000000001450       0x1a build/sky/obj/log.o
                0x0000000000001450                curr_log_level_sys
                0x0000000000001452                curr_log_level_lwm2m